\BOOKMARK [1][-]{section.1}{\376\377\000I\000n\000t\000r\000o\000d\000u\000\347\000\343\000o\000\040\000e\000\040\000C\000o\000n\000t\000e\000x\000t\000o}{}% 1
\BOOKMARK [2][-]{subsection.1.1}{\376\377\000P\000r\000o\000b\000l\000e\000m\000a\000\040\000d\000e\000\040\000S\000c\000h\000e\000d\000u\000l\000i\000n\000g\000\040\000d\000e\000\040\000P\000r\000o\000d\000u\000\347\000\343\000o}{section.1}% 2
\BOOKMARK [2][-]{subsection.1.2}{\376\377\000C\000a\000r\000a\000c\000t\000e\000r\000\355\000s\000t\000i\000c\000a\000s\000\040\000d\000o\000\040\000P\000r\000o\000b\000l\000e\000m\000a}{section.1}% 3
\BOOKMARK [2][-]{subsection.1.3}{\376\377\000A\000b\000o\000r\000d\000a\000g\000e\000n\000s\000\040\000I\000m\000p\000l\000e\000m\000e\000n\000t\000a\000d\000a\000s}{section.1}% 4
\BOOKMARK [1][-]{section.2}{\376\377\000F\000o\000r\000m\000u\000l\000a\000\347\000\343\000o\000\040\000M\000a\000t\000e\000m\000\341\000t\000i\000c\000a\000\040\000d\000o\000\040\000P\000L\000\040\000v\0002\000.\0000}{}% 5
\BOOKMARK [2][-]{subsection.2.1}{\376\377\000N\000o\000t\000a\000\347\000\343\000o\000\040\000e\000\040\000C\000o\000n\000j\000u\000n\000t\000o\000s}{section.2}% 6
\BOOKMARK [2][-]{subsection.2.2}{\376\377\000V\000a\000r\000i\000\341\000v\000e\000i\000s\000\040\000d\000e\000\040\000D\000e\000c\000i\000s\000\343\000o}{section.2}% 7
\BOOKMARK [2][-]{subsection.2.3}{\376\377\000F\000u\000n\000\347\000\343\000o\000\040\000O\000b\000j\000e\000t\000i\000v\000o}{section.2}% 8
\BOOKMARK [2][-]{subsection.2.4}{\376\377\000R\000e\000s\000t\000r\000i\000\347\000\365\000e\000s}{section.2}% 9
\BOOKMARK [3][-]{subsubsection.2.4.1}{\376\377\000R\000e\000s\000t\000r\000i\000\347\000\343\000o\000\040\000d\000e\000\040\000U\000n\000i\000c\000i\000d\000a\000d\000e\000\040\000d\000e\000\040\000J\000a\000n\000e\000l\000a}{subsection.2.4}% 10
\BOOKMARK [3][-]{subsubsection.2.4.2}{\376\377\000R\000e\000s\000t\000r\000i\000\347\000\365\000e\000s\000\040\000d\000e\000\040\000D\000e\000a\000d\000l\000i\000n\000e\000s\000\040\000E\000s\000t\000r\000i\000t\000o\000s\000\040\000\050\000C\000r\000i\000t\000i\000c\000a\000l\000\051}{subsection.2.4}% 11
\BOOKMARK [3][-]{subsubsection.2.4.3}{\376\377\000R\000e\000s\000t\000r\000i\000\347\000\365\000e\000s\000\040\000d\000e\000\040\000T\000e\000m\000p\000o\000\040\000M\000\341\000x\000i\000m\000o\000\040\000d\000e\000\040\000E\000s\000p\000e\000r\000a}{subsection.2.4}% 12
\BOOKMARK [3][-]{subsubsection.2.4.4}{\376\377\000R\000e\000s\000t\000r\000i\000\347\000\365\000e\000s\000\040\000d\000e\000\040\000C\000o\000n\000f\000l\000i\000t\000o\000s\000\040\000T\000e\000m\000p\000o\000r\000a\000i\000s}{subsection.2.4}% 13
\BOOKMARK [2][-]{subsection.2.5}{\376\377\000M\000o\000d\000e\000l\000o\000\040\000C\000o\000m\000p\000l\000e\000t\000o}{section.2}% 14
\BOOKMARK [2][-]{subsection.2.6}{\376\377\000E\000s\000t\000a\000t\000\355\000s\000t\000i\000c\000a\000s\000\040\000d\000o\000\040\000M\000o\000d\000e\000l\000o}{section.2}% 15
\BOOKMARK [1][-]{section.3}{\376\377\000M\000\351\000t\000o\000d\000o\000\040\000S\000e\000q\000u\000e\000n\000c\000i\000a\000l\000\040\000\050\000B\000a\000c\000k\000w\000a\000r\000d\000\040\000S\000c\000h\000e\000d\000u\000l\000i\000n\000g\000\051}{}% 16
\BOOKMARK [2][-]{subsection.3.1}{\376\377\000D\000e\000s\000c\000r\000i\000\347\000\343\000o\000\040\000d\000o\000\040\000A\000l\000g\000o\000r\000i\000t\000m\000o}{section.3}% 17
\BOOKMARK [2][-]{subsection.3.2}{\376\377\000P\000s\000e\000u\000d\000o\000-\000c\000\363\000d\000i\000g\000o}{section.3}% 18
\BOOKMARK [2][-]{subsection.3.3}{\376\377\000B\000a\000c\000k\000w\000a\000r\000d\000\040\000S\000c\000h\000e\000d\000u\000l\000i\000n\000g\000\040\000F\000o\000r\000m\000a\000l}{section.3}% 19
\BOOKMARK [2][-]{subsection.3.4}{\376\377\000A\000n\000\341\000l\000i\000s\000e\000\040\000d\000e\000\040\000C\000o\000m\000p\000l\000e\000x\000i\000d\000a\000d\000e}{section.3}% 20
\BOOKMARK [3][-]{subsubsection.3.4.1}{\376\377\000C\000o\000m\000p\000l\000e\000x\000i\000d\000a\000d\000e\000\040\000T\000e\000m\000p\000o\000r\000a\000l}{subsection.3.4}% 21
\BOOKMARK [3][-]{subsubsection.3.4.2}{\376\377\000C\000o\000m\000p\000l\000e\000x\000i\000d\000a\000d\000e\000\040\000E\000s\000p\000a\000c\000i\000a\000l}{subsection.3.4}% 22
\BOOKMARK [1][-]{section.4}{\376\377\000C\000o\000m\000p\000a\000r\000a\000\347\000\343\000o\000\040\000E\000m\000p\000\355\000r\000i\000c\000a}{}% 23
\BOOKMARK [2][-]{subsection.4.1}{\376\377\000C\000o\000n\000j\000u\000n\000t\000o\000\040\000d\000e\000\040\000D\000a\000d\000o\000s}{section.4}% 24
\BOOKMARK [2][-]{subsection.4.2}{\376\377\000R\000e\000s\000u\000l\000t\000a\000d\000o\000s\000\040\000Q\000u\000a\000n\000t\000i\000t\000a\000t\000i\000v\000o\000s}{section.4}% 25
\BOOKMARK [2][-]{subsection.4.3}{\376\377\000I\000m\000p\000a\000c\000t\000o\000\040\000d\000o\000s\000\040\000D\000e\000a\000d\000l\000i\000n\000e\000s\000\040\000E\000s\000t\000r\000i\000t\000o\000s}{section.4}% 26
\BOOKMARK [2][-]{subsection.4.4}{\376\377\000A\000n\000\341\000l\000i\000s\000e\000\040\000d\000e\000\040\000P\000e\000d\000i\000d\000o\000s\000\040\000R\000e\000j\000e\000i\000t\000a\000d\000o\000s}{section.4}% 27
\BOOKMARK [3][-]{subsubsection.4.4.1}{\376\377\000P\000e\000d\000i\000d\000o\000s\000\040\000R\000e\000j\000e\000i\000t\000a\000d\000o\000s\000\040\000p\000o\000r\000\040\000A\000m\000b\000o\000s\000\040\000\050\0002\000\040\000p\000e\000d\000i\000d\000o\000s\000\051}{subsection.4.4}% 28
\BOOKMARK [3][-]{subsubsection.4.4.2}{\376\377\000P\000e\000d\000i\000d\000o\000s\000\040\000A\000t\000e\000n\000d\000i\000d\000o\000s\000\040\000A\000p\000e\000n\000a\000s\000\040\000p\000e\000l\000o\000\040\000S\000e\000q\000u\000e\000n\000c\000i\000a\000l\000\040\000\050\0002\000\040\000p\000e\000d\000i\000d\000o\000s\000\051}{subsection.4.4}% 29
\BOOKMARK [2][-]{subsection.4.5}{\376\377\000A\000n\000\341\000l\000i\000s\000e\000\040\000d\000e\000\040\000M\000a\000k\000e\000s\000p\000a\000n}{section.4}% 30
\BOOKMARK [2][-]{subsection.4.6}{\376\377\000A\000n\000\341\000l\000i\000s\000e\000\040\000d\000e\000\040\000T\000e\000m\000p\000o\000\040\000C\000o\000m\000p\000u\000t\000a\000c\000i\000o\000n\000a\000l}{section.4}% 31
\BOOKMARK [1][-]{section.5}{\376\377\000D\000i\000s\000c\000u\000s\000s\000\343\000o\000\040\000e\000\040\000T\000r\000a\000d\000e\000-\000o\000f\000f\000s}{}% 32
\BOOKMARK [2][-]{subsection.5.1}{\376\377\000P\000a\000r\000a\000d\000o\000x\000o\000\040\000d\000a\000\040\000O\000t\000i\000m\000a\000l\000i\000d\000a\000d\000e}{section.5}% 33
\BOOKMARK [2][-]{subsection.5.2}{\376\377\000T\000r\000a\000d\000e\000-\000o\000f\000f\000s\000\040\000F\000u\000n\000d\000a\000m\000e\000n\000t\000a\000i\000s}{section.5}% 34
\BOOKMARK [3][-]{subsubsection.5.2.1}{\376\377\000O\000t\000i\000m\000a\000l\000i\000d\000a\000d\000e\000\040\000v\000s\000\040\000E\000f\000i\000c\000i\000\352\000n\000c\000i\000a}{subsection.5.2}% 35
\BOOKMARK [3][-]{subsubsection.5.2.2}{\376\377\000M\000a\000k\000e\000s\000p\000a\000n\000\040\000v\000s\000\040\000N\000\372\000m\000e\000r\000o\000\040\000d\000e\000\040\000P\000e\000d\000i\000d\000o\000s}{subsection.5.2}% 36
\BOOKMARK [3][-]{subsubsection.5.2.3}{\376\377\000P\000r\000e\000c\000i\000s\000\343\000o\000\040\000T\000e\000m\000p\000o\000r\000a\000l\000\040\000v\000s\000\040\000C\000o\000m\000p\000l\000e\000x\000i\000d\000a\000d\000e}{subsection.5.2}% 37
\BOOKMARK [1][-]{section.6}{\376\377\000P\000r\000o\000p\000o\000s\000t\000a\000s\000\040\000d\000e\000\040\000M\000e\000l\000h\000o\000r\000i\000a}{}% 38
\BOOKMARK [2][-]{subsection.6.1}{\376\377\000M\000e\000l\000h\000o\000r\000i\000a\000s\000\040\000p\000a\000r\000a\000\040\000P\000L\000\040\000v\0002\000.\0000}{section.6}% 39
\BOOKMARK [3][-]{subsubsection.6.1.1}{\376\377\000F\000u\000n\000\347\000\343\000o\000\040\000O\000b\000j\000e\000t\000i\000v\000o\000\040\000M\000u\000l\000t\000i\000-\000c\000r\000i\000t\000\351\000r\000i\000o}{subsection.6.1}% 40
\BOOKMARK [3][-]{subsubsection.6.1.2}{\376\377\000G\000e\000r\000a\000\347\000\343\000o\000\040\000A\000d\000a\000p\000t\000a\000t\000i\000v\000a\000\040\000d\000e\000\040\000J\000a\000n\000e\000l\000a\000s}{subsection.6.1}% 41
\BOOKMARK [3][-]{subsubsection.6.1.3}{\376\377\000M\000\351\000t\000o\000d\000o\000\040\000H\000\355\000b\000r\000i\000d\000o\000\040\000\050\000W\000a\000r\000m\000\040\000S\000t\000a\000r\000t\000\051}{subsection.6.1}% 42
\BOOKMARK [2][-]{subsection.6.2}{\376\377\000M\000e\000l\000h\000o\000r\000i\000a\000s\000\040\000p\000a\000r\000a\000\040\000M\000\351\000t\000o\000d\000o\000\040\000S\000e\000q\000u\000e\000n\000c\000i\000a\000l}{section.6}% 43
\BOOKMARK [3][-]{subsubsection.6.2.1}{\376\377\000H\000e\000u\000r\000\355\000s\000t\000i\000c\000a\000s\000\040\000d\000e\000\040\000O\000r\000d\000e\000n\000a\000\347\000\343\000o\000\040\000A\000l\000t\000e\000r\000n\000a\000t\000i\000v\000a\000s}{subsection.6.2}% 44
\BOOKMARK [3][-]{subsubsection.6.2.2}{\376\377\000D\000e\000t\000a\000l\000h\000a\000m\000e\000n\000t\000o\000\040\000d\000a\000\040\000F\000\363\000r\000m\000u\000l\000a\000\040\000A\000T\000C}{subsection.6.2}% 45
\BOOKMARK [3][-]{subsubsection.6.2.3}{\376\377\000L\000o\000o\000k\000-\000a\000h\000e\000a\000d\000\040\000L\000o\000c\000a\000l}{subsection.6.2}% 46
\BOOKMARK [1][-]{section.7}{\376\377\000C\000o\000n\000c\000l\000u\000s\000\365\000e\000s\000\040\000e\000\040\000R\000e\000c\000o\000m\000e\000n\000d\000a\000\347\000\365\000e\000s}{}% 47
\BOOKMARK [2][-]{subsection.7.1}{\376\377\000P\000r\000i\000n\000c\000i\000p\000a\000i\000s\000\040\000D\000e\000s\000c\000o\000b\000e\000r\000t\000a\000s}{section.7}% 48
\BOOKMARK [2][-]{subsection.7.2}{\376\377\000R\000e\000c\000o\000m\000e\000n\000d\000a\000\347\000\365\000e\000s\000\040\000d\000e\000\040\000U\000s\000o}{section.7}% 49
\BOOKMARK [2][-]{subsection.7.3}{\376\377\000T\000r\000a\000b\000a\000l\000h\000o\000s\000\040\000F\000u\000t\000u\000r\000o\000s}{section.7}% 50
\BOOKMARK [3][-]{subsubsection.7.3.1}{\376\377\000C\000u\000r\000t\000o\000\040\000P\000r\000a\000z\000o\000\040\000-\000\040\000F\000o\000c\000o\000\040\000e\000m\000\040\000D\000e\000a\000d\000l\000i\000n\000e\000s}{subsection.7.3}% 51
\BOOKMARK [3][-]{subsubsection.7.3.2}{\376\377\000M\000\351\000d\000i\000o\000\040\000P\000r\000a\000z\000o}{subsection.7.3}% 52
\BOOKMARK [3][-]{subsubsection.7.3.3}{\376\377\000L\000o\000n\000g\000o\000\040\000P\000r\000a\000z\000o}{subsection.7.3}% 53
\BOOKMARK [2][-]{subsection.7.4}{\376\377\000M\000e\000n\000s\000a\000g\000e\000m\000\040\000F\000i\000n\000a\000l}{section.7}% 54
\BOOKMARK [1][-]{appendix.A}{\376\377\000G\000l\000o\000s\000s\000\341\000r\000i\000o}{}% 55
\BOOKMARK [1][-]{appendix.B}{\376\377\000D\000a\000d\000o\000s\000\040\000d\000o\000\040\000E\000x\000p\000e\000r\000i\000m\000e\000n\000t\000o}{}% 56
