================================================================================
📋 RELATÓRIO DETALHADO DE OCUPAÇÕES DE EQUIPAMENTOS
    Ordem 1 | Pedidos 1, 2, 3, 4, 5, 6, 7, 8, 9, 10, 11, 12, 13
================================================================================
Gerado em: 29/10/2025 19:00:58
Equipamentos analisados: 41
Equipamentos com ocupações: 41
================================================================================

🔧 Câmara Refrigerada 1 (CamaraRefrigerada)
============================================================

📋 OCUPAÇÕES REGISTRADAS:
----------------------------------------
==============================================
📅 Agenda da Câmara Refrigerada 1
📊 Numeração dos níveis físicos: 1 a 25
📊 Numeração das caixas: 1 a 200
📊 Telas por nível: 25
📏 Dimensões: 625 níveis de tela totais | 200 caixas totais
🌡️ Faixa de temperatura: 0°C a 4°C
==============================================
🔹 Nível 1, Tela 1:
   🗂️ Ordem 1 | Pedido 10 | Atividade 10723 | Item 1072 | 10.00 unidades | 2024-12-31 06:36 → 2024-12-31 07:36 | Temp: 4°C
🔹 Nível 1, Tela 2:
   🗂️ Ordem 1 | Pedido 11 | Atividade 10593 | Item 1059 | 10.00 unidades | 2024-12-31 06:36 → 2024-12-31 07:36 | Temp: 4°C
🌡️ Configurações de Temperatura:
   4°C | 2024-12-31 06:36 → 2024-12-31 07:36

----------------------------------------
🔍 ANÁLISE:
   ❄️ Níveis/Caixas utilizados: Níveis: 1
   🌡️ Temperaturas: 4, 0°C
   ⏰ Período de uso: 06:36 - 07:36

============================================================

🔧 Câmara Refrigerada 2 (CamaraRefrigerada)
============================================================

📋 OCUPAÇÕES REGISTRADAS:
----------------------------------------
==============================================
📅 Agenda da Câmara Refrigerada 2
📊 Numeração dos níveis físicos: 1 a 1
📊 Numeração das caixas: 1 a 200
📊 Telas por nível: 25
📏 Dimensões: 25 níveis de tela totais | 200 caixas totais
🌡️ Faixa de temperatura: -18°C a -7°C
==============================================
📦 Caixa 1:
   🗂️ Ordem 1 | Pedido 5 | Atividade 20104 | Item 2010 | 2000.00 unidades | 2024-12-31 04:16 → 2024-12-31 04:26 | Temp: -18°C
   🗂️ Ordem 1 | Pedido 6 | Atividade 20094 | Item 2009 | 750.01 unidades | 2024-12-31 05:24 → 2024-12-31 05:27 | Temp: -18°C
   🗂️ Ordem 1 | Pedido 8 | Atividade 20114 | Item 2011 | 600.01 unidades | 2024-12-31 05:18 → 2024-12-31 05:23 | Temp: -18°C
   🗂️ Ordem 1 | Pedido 10 | Atividade 20045 | Item 2004 | 500.00 unidades | 2024-12-31 05:08 → 2024-12-31 05:13 | Temp: -18°C
   🗂️ Ordem 1 | Pedido 11 | Atividade 20045 | Item 2004 | 500.00 unidades | 2024-12-31 05:08 → 2024-12-31 05:13 | Temp: -18°C
📦 Caixa 2:
   🗂️ Ordem 1 | Pedido 5 | Atividade 20104 | Item 2010 | 1450.00 unidades | 2024-12-31 04:16 → 2024-12-31 04:26 | Temp: -18°C
   🗂️ Ordem 1 | Pedido 9 | Atividade 20104 | Item 2010 | 550.00 unidades | 2024-12-31 05:13 → 2024-12-31 05:23 | Temp: -18°C
📦 Caixa 3:
   🗂️ Ordem 1 | Pedido 9 | Atividade 20104 | Item 2010 | 50.01 unidades | 2024-12-31 05:13 → 2024-12-31 05:23 | Temp: -18°C
🌡️ Configurações de Temperatura:
   -18°C | 2024-12-31 04:16 → 2024-12-31 04:26
   -18°C | 2024-12-31 05:24 → 2024-12-31 05:27
   -18°C | 2024-12-31 05:18 → 2024-12-31 05:23
   -18°C | 2024-12-31 05:08 → 2024-12-31 05:13

----------------------------------------
🔍 ANÁLISE:
   ❄️ Níveis/Caixas utilizados: Caixas: 2, 1, 3
   🌡️ Temperaturas: -7, -18°C
   ⏰ Período de uso: 04:16 - 05:27

============================================================

🔧 Fogão 1 (Fogao)
============================================================

📋 OCUPAÇÕES REGISTRADAS:
----------------------------------------
==============================================
📅 Agenda do Fogão 1
==============================================
🔹 Boca 1:
   🔥 Ordem 1 | Pedido 5 | Atividade 20102 | Item 2010 | 3450.00g | Chama: Média | Pressão: Alta Pressão, Chama Dupla | 2024-12-31 02:41 → 2024-12-31 02:56
   🔥 Ordem 1 | Pedido 6 | Atividade 20092 | Item 2009 | 750.01g | Chama: Média | Pressão: Alta Pressão, Chama Dupla | 2024-12-31 03:54 → 2024-12-31 04:04
   🔥 Ordem 1 | Pedido 9 | Atividade 20102 | Item 2010 | 600.01g | Chama: Média | Pressão: Alta Pressão, Chama Dupla | 2024-12-31 03:38 → 2024-12-31 03:53
🔹 Boca 2:
   🔥 Ordem 1 | Pedido 8 | Atividade 20112 | Item 2011 | 600.01g | Chama: Média | Pressão: Alta Pressão, Chama Dupla | 2024-12-31 03:54 → 2024-12-31 04:14

----------------------------------------
🔍 ANÁLISE:
   🔥 Bocas utilizadas: 2, 1
   🔥 Configurações de chama: Chama: média | Pressão: alta pressão, chama dupla 
   ⏰ Período de uso: 02:41 - 04:14

============================================================

🔧 Fogão 2 (Fogao)
============================================================

📋 OCUPAÇÕES REGISTRADAS:
----------------------------------------
==============================================
📅 Agenda do Fogão 2
==============================================
🔹 Nenhuma ocupação registrada em nenhuma boca.

----------------------------------------

============================================================

🔧 Balança Digital 1 (BalancaDigital)
============================================================

📋 OCUPAÇÕES REGISTRADAS:
----------------------------------------
==============================================
📅 Agenda da Balança Digital 1
==============================================
⚖️ Ordem: 1 | Pedido: 1 | Atividade: 10011 | Item: 1001 | Quantidade: 1950g | Início: 2024-12-30 22:48 | Fim: 2024-12-30 23:12
⚖️ Ordem: 1 | Pedido: 2 | Atividade: 10021 | Item: 1002 | Quantidade: 1950g | Início: 2024-12-30 02:54 | Fim: 2024-12-30 03:06
⚖️ Ordem: 1 | Pedido: 3 | Atividade: 10031 | Item: 1003 | Quantidade: 400g | Início: 2024-12-30 02:59 | Fim: 2024-12-30 03:11
⚖️ Ordem: 1 | Pedido: 4 | Atividade: 10041 | Item: 1004 | Quantidade: 350g | Início: 2024-12-31 01:44 | Fim: 2024-12-31 01:56
⚖️ Ordem: 1 | Pedido: 5 | Atividade: 10051 | Item: 1005 | Quantidade: 250g | Início: 2024-12-31 04:26 | Fim: 2024-12-31 04:38

----------------------------------------
🔍 ANÁLISE:
   ⏰ Período de uso: 01:44 - 23:12

============================================================

🔧 Balança Digital 2 (BalancaDigital)
============================================================

📋 OCUPAÇÕES REGISTRADAS:
----------------------------------------
==============================================
📅 Agenda da Balança Digital 2
==============================================
⚖️ Ordem: 1 | Pedido: 6 | Atividade: 10551 | Item: 1055 | Quantidade: 120g | Início: 2024-12-31 06:07 | Fim: 2024-12-31 06:47
⚖️ Ordem: 1 | Pedido: 7 | Atividade: 10691 | Item: 1069 | Quantidade: 120g | Início: 2024-12-31 06:07 | Fim: 2024-12-31 06:47
⚖️ Ordem: 1 | Pedido: 8 | Atividade: 10701 | Item: 1070 | Quantidade: 120g | Início: 2024-12-31 06:03 | Fim: 2024-12-31 06:43
⚖️ Ordem: 1 | Pedido: 9 | Atividade: 10711 | Item: 1071 | Quantidade: 120g | Início: 2024-12-31 06:03 | Fim: 2024-12-31 06:43
⚖️ Ordem: 1 | Pedido: 10 | Atividade: 10721 | Item: 1072 | Quantidade: 100g | Início: 2024-12-31 05:53 | Fim: 2024-12-31 06:33
⚖️ Ordem: 1 | Pedido: 11 | Atividade: 10591 | Item: 1059 | Quantidade: 100g | Início: 2024-12-31 05:53 | Fim: 2024-12-31 06:33

----------------------------------------
🔍 ANÁLISE:
   ⏰ Período de uso: 05:53 - 06:47

============================================================

🔧 Balança Digital 3 (BalancaDigital)
============================================================

📋 OCUPAÇÕES REGISTRADAS:
----------------------------------------
==============================================
📅 Agenda da Balança Digital 3
==============================================
🔹 Nenhuma ocupação registrada.

----------------------------------------

============================================================

🔧 Balança Digital 4 (BalancaDigital)
============================================================

📋 OCUPAÇÕES REGISTRADAS:
----------------------------------------
==============================================
📅 Agenda da Balança Digital 4
==============================================
⚖️ Ordem: 1 | Pedido: 5 | Atividade: 20103 | Item: 2010 | Quantidade: 3450.0g | Início: 2024-12-31 03:36 | Fim: 2024-12-31 04:16
⚖️ Ordem: 1 | Pedido: 6 | Atividade: 20093 | Item: 2009 | Quantidade: 750.01g | Início: 2024-12-31 04:44 | Fim: 2024-12-31 05:24
⚖️ Ordem: 1 | Pedido: 8 | Atividade: 20113 | Item: 2011 | Quantidade: 600.01g | Início: 2024-12-31 04:46 | Fim: 2024-12-31 05:18
⚖️ Ordem: 1 | Pedido: 9 | Atividade: 20103 | Item: 2010 | Quantidade: 600.01g | Início: 2024-12-31 04:33 | Fim: 2024-12-31 05:13

----------------------------------------
🔍 ANÁLISE:
   ⏰ Período de uso: 03:36 - 05:24

============================================================

🔧 Bancada 1 (Bancada)
============================================================

📋 OCUPAÇÕES REGISTRADAS:
----------------------------------------
==============================================
📅 Agenda da Bancada 1
==============================================
🔹 Fração 1:
   🪵 Ordem 1 | Pedido 1 | Atividade 10016 | Item 1001 | 2024-12-31 06:26 → 2024-12-31 06:34
   🪵 Ordem 1 | Pedido 1 | Atividade 10014 | Item 1001 | 2024-12-31 03:20 → 2024-12-31 03:26
   🪵 Ordem 1 | Pedido 1 | Atividade 10013 | Item 1001 | 2024-12-31 02:00 → 2024-12-31 03:20
   🪵 Ordem 1 | Pedido 1 | Atividade 10012 | Item 1001 | 2024-12-31 00:08 → 2024-12-31 00:40
   🪵 Ordem 1 | Pedido 1 | Atividade 10011 | Item 1001 | 2024-12-30 23:12 → 2024-12-30 23:36
   🪵 Ordem 1 | Pedido 2 | Atividade 10023 | Item 1002 | 2024-12-30 03:50 → 2024-12-30 03:53
   🪵 Ordem 1 | Pedido 2 | Atividade 10022 | Item 1002 | 2024-12-30 03:34 → 2024-12-30 03:50
   🪵 Ordem 1 | Pedido 2 | Atividade 10021 | Item 1002 | 2024-12-30 03:06 → 2024-12-30 03:18
   🪵 Ordem 1 | Pedido 3 | Atividade 10033 | Item 1003 | 2024-12-30 03:55 → 2024-12-30 03:58
   🪵 Ordem 1 | Pedido 4 | Atividade 10044 | Item 1004 | 2024-12-31 04:00 → 2024-12-31 04:03
   🪵 Ordem 1 | Pedido 5 | Atividade 10053 | Item 1005 | 2024-12-31 05:00 → 2024-12-31 05:03
   🪵 Ordem 1 | Pedido 5 | Atividade 10052 | Item 1005 | 2024-12-31 04:50 → 2024-12-31 05:00
   🪵 Ordem 1 | Pedido 5 | Atividade 10051 | Item 1005 | 2024-12-31 04:38 → 2024-12-31 04:50
🔹 Fração 2:
   🪵 Ordem 1 | Pedido 1 | Atividade 10016 | Item 1001 | 2024-12-31 06:26 → 2024-12-31 06:34
   🪵 Ordem 1 | Pedido 1 | Atividade 10014 | Item 1001 | 2024-12-31 03:20 → 2024-12-31 03:26
   🪵 Ordem 1 | Pedido 1 | Atividade 10013 | Item 1001 | 2024-12-31 02:00 → 2024-12-31 03:20
   🪵 Ordem 1 | Pedido 2 | Atividade 10023 | Item 1002 | 2024-12-30 03:50 → 2024-12-30 03:53
   🪵 Ordem 1 | Pedido 3 | Atividade 10033 | Item 1003 | 2024-12-30 03:55 → 2024-12-30 03:58
   🪵 Ordem 1 | Pedido 3 | Atividade 10031 | Item 1003 | 2024-12-30 03:11 → 2024-12-30 03:23
   🪵 Ordem 1 | Pedido 4 | Atividade 10044 | Item 1004 | 2024-12-31 04:00 → 2024-12-31 04:03
   🪵 Ordem 1 | Pedido 5 | Atividade 10053 | Item 1005 | 2024-12-31 05:00 → 2024-12-31 05:03
   🪵 Ordem 1 | Pedido 5 | Atividade 10052 | Item 1005 | 2024-12-31 04:50 → 2024-12-31 05:00
🔹 Fração 3:
   🪵 Ordem 1 | Pedido 1 | Atividade 10016 | Item 1001 | 2024-12-31 06:26 → 2024-12-31 06:34
   🪵 Ordem 1 | Pedido 3 | Atividade 10032 | Item 1003 | 2024-12-30 03:39 → 2024-12-30 03:55
   🪵 Ordem 1 | Pedido 4 | Atividade 10042 | Item 1004 | 2024-12-31 02:24 → 2024-12-31 02:40
   🪵 Ordem 1 | Pedido 4 | Atividade 10041 | Item 1004 | 2024-12-31 01:56 → 2024-12-31 02:08
   🪵 Ordem 1 | Pedido 5 | Atividade 10052 | Item 1005 | 2024-12-31 04:50 → 2024-12-31 05:00
🔹 Fração 4:
   🪵 Ordem 1 | Pedido 1 | Atividade 10016 | Item 1001 | 2024-12-31 06:26 → 2024-12-31 06:34
   🪵 Ordem 1 | Pedido 3 | Atividade 10032 | Item 1003 | 2024-12-30 03:39 → 2024-12-30 03:55
   🪵 Ordem 1 | Pedido 4 | Atividade 10042 | Item 1004 | 2024-12-31 02:24 → 2024-12-31 02:40

----------------------------------------
🔍 ANÁLISE:
   📐 Frações utilizadas: 4, 2, 1, 3
   ⏰ Período de uso: 00:08 - 23:36

============================================================

🔧 Bancada 2 (Bancada)
============================================================

📋 OCUPAÇÕES REGISTRADAS:
----------------------------------------
==============================================
📅 Agenda da Bancada 2
==============================================
🔹 Fração 1:
   🪵 Ordem 1 | Pedido 4 | Atividade 10046 | Item 1004 | 2024-12-31 06:33 → 2024-12-31 06:37
   🪵 Ordem 1 | Pedido 4 | Atividade 10043 | Item 1004 | 2024-12-31 03:20 → 2024-12-31 04:00
🔹 Fração 2:
   🪵 Ordem 1 | Pedido 4 | Atividade 10046 | Item 1004 | 2024-12-31 06:33 → 2024-12-31 06:37
   🪵 Ordem 1 | Pedido 4 | Atividade 10043 | Item 1004 | 2024-12-31 03:20 → 2024-12-31 04:00
🔹 Fração 3:
   🪵 Ordem 1 | Pedido 4 | Atividade 10043 | Item 1004 | 2024-12-31 03:20 → 2024-12-31 04:00

----------------------------------------
🔍 ANÁLISE:
   📐 Frações utilizadas: 2, 1, 3
   ⏰ Período de uso: 03:20 - 06:37

============================================================

🔧 Bancada 3 (Bancada)
============================================================

📋 OCUPAÇÕES REGISTRADAS:
----------------------------------------
==============================================
📅 Agenda da Bancada 3
==============================================
🔹 Nenhuma ocupação registrada em nenhuma fração.

----------------------------------------

============================================================

🔧 Bancada 4 (Bancada)
============================================================

📋 OCUPAÇÕES REGISTRADAS:
----------------------------------------
==============================================
📅 Agenda da Bancada 4
==============================================
🔹 Fração 1:
   🪵 Ordem 1 | Pedido 10 | Atividade 10721 | Item 1072 | 2024-12-31 05:13 → 2024-12-31 05:53
   🪵 Ordem 1 | Pedido 11 | Atividade 20044 | Item 2004 | 2024-12-31 04:56 → 2024-12-31 05:08
   🪵 Ordem 1 | Pedido 11 | Atividade 20042 | Item 2004 | 2024-12-31 03:44 → 2024-12-31 03:56
🔹 Fração 2:
   🪵 Ordem 1 | Pedido 10 | Atividade 10721 | Item 1072 | 2024-12-31 05:13 → 2024-12-31 05:53
   🪵 Ordem 1 | Pedido 11 | Atividade 20044 | Item 2004 | 2024-12-31 04:56 → 2024-12-31 05:08
   🪵 Ordem 1 | Pedido 11 | Atividade 20042 | Item 2004 | 2024-12-31 03:44 → 2024-12-31 03:56
🔹 Fração 3:
   🪵 Ordem 1 | Pedido 11 | Atividade 10591 | Item 1059 | 2024-12-31 05:13 → 2024-12-31 05:53
   🪵 Ordem 1 | Pedido 11 | Atividade 20044 | Item 2004 | 2024-12-31 04:56 → 2024-12-31 05:08
   🪵 Ordem 1 | Pedido 11 | Atividade 20042 | Item 2004 | 2024-12-31 03:44 → 2024-12-31 03:56
🔹 Fração 4:
   🪵 Ordem 1 | Pedido 11 | Atividade 10591 | Item 1059 | 2024-12-31 05:13 → 2024-12-31 05:53
   🪵 Ordem 1 | Pedido 11 | Atividade 20044 | Item 2004 | 2024-12-31 04:56 → 2024-12-31 05:08
   🪵 Ordem 1 | Pedido 11 | Atividade 20042 | Item 2004 | 2024-12-31 03:44 → 2024-12-31 03:56

----------------------------------------
🔍 ANÁLISE:
   📐 Frações utilizadas: 4, 2, 1, 3
   ⏰ Período de uso: 03:44 - 05:53

============================================================

🔧 Bancada 5 (Bancada)
============================================================

📋 OCUPAÇÕES REGISTRADAS:
----------------------------------------
==============================================
📅 Agenda da Bancada 5
==============================================
🔹 Fração 1:
   🪵 Ordem 1 | Pedido 9 | Atividade 10713 | Item 1071 | 2024-12-31 06:46 → 2024-12-31 06:49
   🪵 Ordem 1 | Pedido 9 | Atividade 10711 | Item 1071 | 2024-12-31 05:23 → 2024-12-31 06:03
🔹 Fração 2:
   🪵 Ordem 1 | Pedido 9 | Atividade 10713 | Item 1071 | 2024-12-31 06:46 → 2024-12-31 06:49
   🪵 Ordem 1 | Pedido 9 | Atividade 10711 | Item 1071 | 2024-12-31 05:23 → 2024-12-31 06:03

----------------------------------------
🔍 ANÁLISE:
   📐 Frações utilizadas: 2, 1
   ⏰ Período de uso: 05:23 - 06:49

============================================================

🔧 Bancada 6 (Bancada)
============================================================

📋 OCUPAÇÕES REGISTRADAS:
----------------------------------------
==============================================
📅 Agenda da Bancada 6
==============================================
🔹 Fração 1:
   🪵 Ordem 1 | Pedido 6 | Atividade 10555 | Item 1055 | 2024-12-31 07:53 → 2024-12-31 07:56
   🪵 Ordem 1 | Pedido 6 | Atividade 10553 | Item 1055 | 2024-12-31 06:50 → 2024-12-31 06:53
   🪵 Ordem 1 | Pedido 6 | Atividade 10552 | Item 1055 | 2024-12-31 06:47 → 2024-12-31 06:50
   🪵 Ordem 1 | Pedido 6 | Atividade 10551 | Item 1055 | 2024-12-31 05:27 → 2024-12-31 06:07
   🪵 Ordem 1 | Pedido 8 | Atividade 10705 | Item 1070 | 2024-12-31 07:49 → 2024-12-31 07:52
   🪵 Ordem 1 | Pedido 8 | Atividade 10702 | Item 1070 | 2024-12-31 06:43 → 2024-12-31 06:46
   🪵 Ordem 1 | Pedido 10 | Atividade 20044 | Item 2004 | 2024-12-31 04:56 → 2024-12-31 05:08
   🪵 Ordem 1 | Pedido 10 | Atividade 20042 | Item 2004 | 2024-12-31 03:44 → 2024-12-31 03:56
🔹 Fração 2:
   🪵 Ordem 1 | Pedido 6 | Atividade 10555 | Item 1055 | 2024-12-31 07:53 → 2024-12-31 07:56
   🪵 Ordem 1 | Pedido 6 | Atividade 10553 | Item 1055 | 2024-12-31 06:50 → 2024-12-31 06:53
   🪵 Ordem 1 | Pedido 6 | Atividade 10552 | Item 1055 | 2024-12-31 06:47 → 2024-12-31 06:50
   🪵 Ordem 1 | Pedido 6 | Atividade 10551 | Item 1055 | 2024-12-31 05:27 → 2024-12-31 06:07
   🪵 Ordem 1 | Pedido 8 | Atividade 10705 | Item 1070 | 2024-12-31 07:49 → 2024-12-31 07:52
   🪵 Ordem 1 | Pedido 8 | Atividade 10702 | Item 1070 | 2024-12-31 06:43 → 2024-12-31 06:46
   🪵 Ordem 1 | Pedido 10 | Atividade 20044 | Item 2004 | 2024-12-31 04:56 → 2024-12-31 05:08
   🪵 Ordem 1 | Pedido 10 | Atividade 20042 | Item 2004 | 2024-12-31 03:44 → 2024-12-31 03:56
🔹 Fração 3:
   🪵 Ordem 1 | Pedido 7 | Atividade 10695 | Item 1069 | 2024-12-31 07:53 → 2024-12-31 07:56
   🪵 Ordem 1 | Pedido 7 | Atividade 10693 | Item 1069 | 2024-12-31 06:50 → 2024-12-31 06:53
   🪵 Ordem 1 | Pedido 7 | Atividade 10692 | Item 1069 | 2024-12-31 06:47 → 2024-12-31 06:50
   🪵 Ordem 1 | Pedido 7 | Atividade 10691 | Item 1069 | 2024-12-31 05:27 → 2024-12-31 06:07
   🪵 Ordem 1 | Pedido 9 | Atividade 10715 | Item 1071 | 2024-12-31 07:49 → 2024-12-31 07:52
   🪵 Ordem 1 | Pedido 9 | Atividade 10712 | Item 1071 | 2024-12-31 06:43 → 2024-12-31 06:46
   🪵 Ordem 1 | Pedido 10 | Atividade 20044 | Item 2004 | 2024-12-31 04:56 → 2024-12-31 05:08
   🪵 Ordem 1 | Pedido 10 | Atividade 20042 | Item 2004 | 2024-12-31 03:44 → 2024-12-31 03:56
🔹 Fração 4:
   🪵 Ordem 1 | Pedido 7 | Atividade 10695 | Item 1069 | 2024-12-31 07:53 → 2024-12-31 07:56
   🪵 Ordem 1 | Pedido 7 | Atividade 10693 | Item 1069 | 2024-12-31 06:50 → 2024-12-31 06:53
   🪵 Ordem 1 | Pedido 7 | Atividade 10692 | Item 1069 | 2024-12-31 06:47 → 2024-12-31 06:50
   🪵 Ordem 1 | Pedido 7 | Atividade 10691 | Item 1069 | 2024-12-31 05:27 → 2024-12-31 06:07
   🪵 Ordem 1 | Pedido 9 | Atividade 10715 | Item 1071 | 2024-12-31 07:49 → 2024-12-31 07:52
   🪵 Ordem 1 | Pedido 9 | Atividade 10712 | Item 1071 | 2024-12-31 06:43 → 2024-12-31 06:46
   🪵 Ordem 1 | Pedido 10 | Atividade 20044 | Item 2004 | 2024-12-31 04:56 → 2024-12-31 05:08
   🪵 Ordem 1 | Pedido 10 | Atividade 20042 | Item 2004 | 2024-12-31 03:44 → 2024-12-31 03:56
🔹 Fração 5:
   🪵 Ordem 1 | Pedido 8 | Atividade 10703 | Item 1070 | 2024-12-31 06:46 → 2024-12-31 06:49
   🪵 Ordem 1 | Pedido 8 | Atividade 10701 | Item 1070 | 2024-12-31 05:23 → 2024-12-31 06:03
🔹 Fração 6:
   🪵 Ordem 1 | Pedido 8 | Atividade 10703 | Item 1070 | 2024-12-31 06:46 → 2024-12-31 06:49
   🪵 Ordem 1 | Pedido 8 | Atividade 10701 | Item 1070 | 2024-12-31 05:23 → 2024-12-31 06:03

----------------------------------------
🔍 ANÁLISE:
   📐 Frações utilizadas: 4, 2, 1, 3, 5, 6
   ⏰ Período de uso: 03:44 - 07:56

============================================================

🔧 Bancada 7 (Bancada)
============================================================

📋 OCUPAÇÕES REGISTRADAS:
----------------------------------------
==============================================
📅 Agenda da Bancada 7
==============================================
🔹 Fração 1:
   🪵 Ordem 1 | Pedido 5 | Atividade 20103 | Item 2010 | 2024-12-31 02:56 → 2024-12-31 03:36
   🪵 Ordem 1 | Pedido 5 | Atividade 20101 | Item 2010 | 2024-12-31 02:33 → 2024-12-31 02:41
   🪵 Ordem 1 | Pedido 6 | Atividade 20093 | Item 2009 | 2024-12-31 04:04 → 2024-12-31 04:44
   🪵 Ordem 1 | Pedido 6 | Atividade 20091 | Item 2009 | 2024-12-31 03:46 → 2024-12-31 03:54
🔹 Fração 2:
   🪵 Ordem 1 | Pedido 5 | Atividade 20103 | Item 2010 | 2024-12-31 02:56 → 2024-12-31 03:36
   🪵 Ordem 1 | Pedido 8 | Atividade 20113 | Item 2011 | 2024-12-31 04:14 → 2024-12-31 04:46
   🪵 Ordem 1 | Pedido 8 | Atividade 20111 | Item 2011 | 2024-12-31 03:44 → 2024-12-31 03:54
🔹 Fração 3:
   🪵 Ordem 1 | Pedido 9 | Atividade 20103 | Item 2010 | 2024-12-31 03:53 → 2024-12-31 04:33
   🪵 Ordem 1 | Pedido 9 | Atividade 20101 | Item 2010 | 2024-12-31 03:30 → 2024-12-31 03:38
🔹 Fração 4:
   🪵 Ordem 1 | Pedido 9 | Atividade 20103 | Item 2010 | 2024-12-31 03:53 → 2024-12-31 04:33

----------------------------------------
🔍 ANÁLISE:
   📐 Frações utilizadas: 4, 2, 1, 3
   ⏰ Período de uso: 02:33 - 04:46

============================================================

🔧 Bancada 8 (Bancada)
============================================================

📋 OCUPAÇÕES REGISTRADAS:
----------------------------------------
==============================================
📅 Agenda da Bancada 8
==============================================
🔹 Nenhuma ocupação registrada em nenhuma fração.

----------------------------------------

============================================================

🔧 Batedeira Planetária 1 (BatedeiraPlanetaria)
============================================================

📋 OCUPAÇÕES REGISTRADAS:
----------------------------------------
==============================================
📅 Agenda da Batedeira Planetária 1
==============================================
🔹 Nenhuma ocupação registrada.

----------------------------------------

============================================================

🔧 Batedeira Planetária 2 (BatedeiraPlanetaria)
============================================================

📋 OCUPAÇÕES REGISTRADAS:
----------------------------------------
==============================================
📅 Agenda da Batedeira Planetária 2
==============================================
🔹 Nenhuma ocupação registrada.

----------------------------------------

============================================================

🔧 Batedeira Industrial 1 (BatedeiraIndustrial)
============================================================

📋 OCUPAÇÕES REGISTRADAS:
----------------------------------------
==============================================
📅 Agenda da Batedeira Industrial 1
==============================================
🔹 Nenhuma ocupação registrada.

----------------------------------------

============================================================

🔧 Masseira 1 (Masseira)
============================================================

📋 OCUPAÇÕES REGISTRADAS:
----------------------------------------
==============================================
📅 Agenda da Masseira 1
==============================================
🥣 Ordem 1 | Pedido 2 | Atividade 20021 | Item 2002 | 7800.00g | 2024-12-30 02:47 → 2024-12-30 02:54 | Velocidades: BAIXA, MEDIA | Mistura: SEMI_RAPIDA
🥣 Ordem 1 | Pedido 4 | Atividade 20021 | Item 2002 | 1295.72g | 2024-12-31 01:37 → 2024-12-31 01:44 | Velocidades: BAIXA, MEDIA | Mistura: SEMI_RAPIDA
🥣 Ordem 1 | Pedido 5 | Atividade 20021 | Item 2002 | 3750.00g | 2024-12-31 04:19 → 2024-12-31 04:26 | Velocidades: BAIXA, MEDIA | Mistura: SEMI_RAPIDA

----------------------------------------
🔍 ANÁLISE:
   ⏰ Período de uso: 01:37 - 04:26

============================================================

🔧 Masseira 2 (Masseira)
============================================================

📋 OCUPAÇÕES REGISTRADAS:
----------------------------------------
==============================================
📅 Agenda da Masseira 2
==============================================
🥣 Ordem 1 | Pedido 1 | Atividade 20011 | Item 2001 | 27300.00g | 2024-12-30 22:37 → 2024-12-30 22:48 | Velocidades: ALTA | Mistura: RAPIDA
🥣 Ordem 1 | Pedido 3 | Atividade 20021 | Item 2002 | 1300.00g | 2024-12-30 02:52 → 2024-12-30 02:59 | Velocidades: ALTA | Mistura: RAPIDA

----------------------------------------
🔍 ANÁLISE:
   ⏰ Período de uso: 02:52 - 22:48

============================================================

🔧 Masseira 3 (Masseira)
============================================================

📋 OCUPAÇÕES REGISTRADAS:
----------------------------------------
==============================================
📅 Agenda da Masseira 3
==============================================
🥣 Ordem 1 | Pedido 10 | Atividade 20041 | Item 2004 | 500.00g | 2024-12-31 03:34 → 2024-12-31 03:44 | Velocidades: BAIXA | Mistura: LENTA
🥣 Ordem 1 | Pedido 11 | Atividade 20041 | Item 2004 | 500.00g | 2024-12-31 03:34 → 2024-12-31 03:44 | Velocidades: BAIXA | Mistura: LENTA
==============================================
📊 Economia de Equipamentos: 1
📊 Consolidações Implícitas: 1

----------------------------------------
🔍 ANÁLISE:
   ⏰ Período de uso: 03:34 - 03:44

============================================================

🔧 HotMix 1 (HotMix)
============================================================

📋 OCUPAÇÕES REGISTRADAS:
----------------------------------------
==============================================
📅 Agenda do HotMix 1 - JANELAS SIMULTÂNEAS
🔧 Capacidade: 1000-30000g
==============================================
🔸 Ordem 1 | Pedido 6 | Atividade 20031 | Item 2003 | 900.05g | 2024-12-31 05:15 → 2024-12-31 05:27 | Velocidade: BAIXA | Chama: ALTA | Pressões: ['ALTA_PRESSAO', 'CHAMA_DUPLA']
🔸 Ordem 1 | Pedido 7 | Atividade 20031 | Item 2003 | 600.03g | 2024-12-31 05:15 → 2024-12-31 05:27 | Velocidade: BAIXA | Chama: ALTA | Pressões: ['ALTA_PRESSAO', 'CHAMA_DUPLA']

----------------------------------------
🔍 ANÁLISE:
   ⏰ Período de uso: 05:15 - 05:27

============================================================

🔧 HotMix 2 (HotMix)
============================================================

📋 OCUPAÇÕES REGISTRADAS:
----------------------------------------
==============================================
📅 Agenda do HotMix 2 - JANELAS SIMULTÂNEAS
🔧 Capacidade: 1000-30000g
==============================================
🔸 Ordem 1 | Pedido 8 | Atividade 20031 | Item 2003 | 720.04g | 2024-12-31 05:11 → 2024-12-31 05:23 | Velocidade: BAIXA | Chama: ALTA | Pressões: ['ALTA_PRESSAO', 'CHAMA_DUPLA']
🔸 Ordem 1 | Pedido 9 | Atividade 20031 | Item 2003 | 720.04g | 2024-12-31 05:11 → 2024-12-31 05:23 | Velocidade: BAIXA | Chama: ALTA | Pressões: ['ALTA_PRESSAO', 'CHAMA_DUPLA']

----------------------------------------
🔍 ANÁLISE:
   ⏰ Período de uso: 05:11 - 05:23

============================================================

🔧 Freezer 1 (Freezer)
============================================================

📋 OCUPAÇÕES REGISTRADAS:
----------------------------------------
==============================================
📅 Agenda do Freezer 1
📊 Numeração das caixas: 1 a 6
📏 Dimensões: 6 caixas totais (Caixas 1 a 6)
🌡️ Faixa de temperatura: 0°C a 4°C
==============================================
📦 Nenhuma ocupação ou configuração de temperatura registrada.

----------------------------------------
🔍 ANÁLISE:
   🌡️ Temperaturas: 4, 0°C

============================================================

🔧 Freezer 2 (Freezer)
============================================================

📋 OCUPAÇÕES REGISTRADAS:
----------------------------------------
==============================================
📅 Agenda do Freezer 2
📊 Numeração das caixas: 1 a 6
📏 Dimensões: 6 caixas totais (Caixas 1 a 6)
🌡️ Faixa de temperatura: 0°C a 4°C
==============================================
📦 Caixa 1:
   🗂️ Ordem 1 | Pedido 6 | Atividade 10554 | Item 1055 | 15.00 unidades | 2024-12-31 06:53 → 2024-12-31 07:53 | Temp: 4°C
   🗂️ Ordem 1 | Pedido 10 | Atividade 20043 | Item 2004 | 500.00 unidades | 2024-12-31 03:56 → 2024-12-31 04:56 | Temp: 4°C
📦 Caixa 2:
   🗂️ Ordem 1 | Pedido 7 | Atividade 10694 | Item 1069 | 10.00 unidades | 2024-12-31 06:53 → 2024-12-31 07:53 | Temp: 4°C
   🗂️ Ordem 1 | Pedido 11 | Atividade 20043 | Item 2004 | 500.00 unidades | 2024-12-31 03:56 → 2024-12-31 04:56 | Temp: 4°C
📦 Caixa 3:
   🗂️ Ordem 1 | Pedido 8 | Atividade 10704 | Item 1070 | 12.00 unidades | 2024-12-31 06:49 → 2024-12-31 07:49 | Temp: 4°C
📦 Caixa 4:
   🗂️ Ordem 1 | Pedido 9 | Atividade 10714 | Item 1071 | 12.00 unidades | 2024-12-31 06:49 → 2024-12-31 07:49 | Temp: 4°C
🌡️ Configurações de Temperatura:
   4°C | 2024-12-31 06:53 → 2024-12-31 07:53
   4°C | 2024-12-31 03:56 → 2024-12-31 04:56

----------------------------------------
🔍 ANÁLISE:
   ❄️ Níveis/Caixas utilizados: Caixas: 4, 2, 1, 3
   🌡️ Temperaturas: 4, 0°C
   ⏰ Período de uso: 03:56 - 07:53

============================================================

🔧 Freezer 3 (Freezer)
============================================================

📋 OCUPAÇÕES REGISTRADAS:
----------------------------------------
==============================================
📅 Agenda do Freezer 3
📊 Numeração das caixas: 1 a 6
📏 Dimensões: 6 caixas totais (Caixas 1 a 6)
🌡️ Faixa de temperatura: 0°C a 4°C
==============================================
📦 Nenhuma ocupação ou configuração de temperatura registrada.

----------------------------------------
🔍 ANÁLISE:
   🌡️ Temperaturas: 4, 0°C

============================================================

🔧 Fritadeira 1 (Fritadeira)
============================================================

📋 OCUPAÇÕES REGISTRADAS:
----------------------------------------
==============================================
📅 Agenda da Fritadeira 1
🔧 Capacidade: 1000-5000 | Frações: 4
==============================================
🔹 Fração 1:
   🍟 Ordem 1 | Pedido 6 | Atividade 10556 | Item 1055 | Qtd: 9 | Temp: 180°C | Setup: 2min | 2024-12-31 07:56 → 2024-12-31 08:00 | Total equipamento: 25/5000
   🍟 Ordem 1 | Pedido 8 | Atividade 10706 | Item 1070 | Qtd: 9 | Temp: 180°C | Setup: 2min | 2024-12-31 07:52 → 2024-12-31 07:56 | Total equipamento: 24/5000
🔹 Fração 2:
   🍟 Ordem 1 | Pedido 6 | Atividade 10556 | Item 1055 | Qtd: 6 | Temp: 180°C | Setup: 2min | 2024-12-31 07:56 → 2024-12-31 08:00 | Total equipamento: 25/5000
   🍟 Ordem 1 | Pedido 7 | Atividade 10696 | Item 1069 | Qtd: 3 | Temp: 180°C | Setup: 2min | 2024-12-31 07:56 → 2024-12-31 08:00 | Total equipamento: 25/5000
   🍟 Ordem 1 | Pedido 8 | Atividade 10706 | Item 1070 | Qtd: 3 | Temp: 180°C | Setup: 2min | 2024-12-31 07:52 → 2024-12-31 07:56 | Total equipamento: 24/5000
   🍟 Ordem 1 | Pedido 9 | Atividade 10716 | Item 1071 | Qtd: 6 | Temp: 180°C | Setup: 2min | 2024-12-31 07:52 → 2024-12-31 07:56 | Total equipamento: 24/5000
🔹 Fração 3:
   🍟 Ordem 1 | Pedido 7 | Atividade 10696 | Item 1069 | Qtd: 7 | Temp: 180°C | Setup: 2min | 2024-12-31 07:56 → 2024-12-31 08:00 | Total equipamento: 25/5000
   🍟 Ordem 1 | Pedido 9 | Atividade 10716 | Item 1071 | Qtd: 6 | Temp: 180°C | Setup: 2min | 2024-12-31 07:52 → 2024-12-31 07:56 | Total equipamento: 24/5000

----------------------------------------
🔍 ANÁLISE:
   ⏰ Período de uso: 07:52 - 08:00

============================================================

🔧 Armário Esqueleto 1 (ArmarioEsqueleto)
============================================================

📋 OCUPAÇÕES REGISTRADAS:
----------------------------------------
==============================================
📅 Agenda do Armário Esqueleto 1
📊 Total: 1 andares × 25 níveis = 25 níveis de tela
==============================================
🔹 Andar 0, Nível 1 (índice 0):
   🗂️ Ordem 1 | Pedido 10 | Atividade 10724 | Item 1072 | 10.00 unidades/gramas | 2024-12-31 07:36 → 2024-12-31 07:40
   🗂️ Ordem 1 | Pedido 10 | Atividade 10722 | Item 1072 | 10.00 unidades/gramas | 2024-12-31 06:33 → 2024-12-31 06:36
🔹 Andar 0, Nível 2 (índice 1):
   🗂️ Ordem 1 | Pedido 11 | Atividade 10594 | Item 1059 | 10.00 unidades/gramas | 2024-12-31 07:36 → 2024-12-31 07:40
   🗂️ Ordem 1 | Pedido 11 | Atividade 10592 | Item 1059 | 10.00 unidades/gramas | 2024-12-31 06:33 → 2024-12-31 06:36

----------------------------------------
🔍 ANÁLISE:
   ⏰ Período de uso: 06:33 - 07:40

============================================================

🔧 Armário Esqueleto 2 (ArmarioEsqueleto)
============================================================

📋 OCUPAÇÕES REGISTRADAS:
----------------------------------------
==============================================
📅 Agenda do Armário Esqueleto 2
📊 Total: 1 andares × 25 níveis = 25 níveis de tela
==============================================
🔹 Nenhuma ocupação registrada em nenhum nível.

----------------------------------------

============================================================

🔧 Armário Fermentador 1 (ArmarioFermentador)
============================================================

📋 OCUPAÇÕES REGISTRADAS:
----------------------------------------
==============================================
📅 Agenda do Armário Fermentador 1
📊 Total: 1 andares × 25 níveis = 25 níveis de tela
==============================================
🔹 Andar 0, Nível 1 (índice 0):
   🗂️ Ordem 1 | Pedido 1 | Atividade 10015 | Item 1001 | 30.00 unidades/gramas | 2024-12-31 03:26 → 2024-12-31 06:26
   🗂️ Ordem 1 | Pedido 2 | Atividade 10024 | Item 1002 | 20.00 unidades/gramas | 2024-12-30 03:53 → 2024-12-30 06:23
🔹 Andar 0, Nível 2 (índice 1):
   🗂️ Ordem 1 | Pedido 1 | Atividade 10015 | Item 1001 | 30.00 unidades/gramas | 2024-12-31 03:26 → 2024-12-31 06:26
   🗂️ Ordem 1 | Pedido 2 | Atividade 10024 | Item 1002 | 20.00 unidades/gramas | 2024-12-30 03:53 → 2024-12-30 06:23
🔹 Andar 0, Nível 3 (índice 2):
   🗂️ Ordem 1 | Pedido 1 | Atividade 10015 | Item 1001 | 30.00 unidades/gramas | 2024-12-31 03:26 → 2024-12-31 06:26
   🗂️ Ordem 1 | Pedido 2 | Atividade 10024 | Item 1002 | 20.00 unidades/gramas | 2024-12-30 03:53 → 2024-12-30 06:23
🔹 Andar 0, Nível 4 (índice 3):
   🗂️ Ordem 1 | Pedido 1 | Atividade 10015 | Item 1001 | 30.00 unidades/gramas | 2024-12-31 03:26 → 2024-12-31 06:26
   🗂️ Ordem 1 | Pedido 2 | Atividade 10024 | Item 1002 | 20.00 unidades/gramas | 2024-12-30 03:53 → 2024-12-30 06:23
🔹 Andar 0, Nível 5 (índice 4):
   🗂️ Ordem 1 | Pedido 1 | Atividade 10015 | Item 1001 | 30.00 unidades/gramas | 2024-12-31 03:26 → 2024-12-31 06:26
   🗂️ Ordem 1 | Pedido 2 | Atividade 10024 | Item 1002 | 20.00 unidades/gramas | 2024-12-30 03:53 → 2024-12-30 06:23
🔹 Andar 0, Nível 6 (índice 5):
   🗂️ Ordem 1 | Pedido 1 | Atividade 10015 | Item 1001 | 30.00 unidades/gramas | 2024-12-31 03:26 → 2024-12-31 06:26
   🗂️ Ordem 1 | Pedido 2 | Atividade 10024 | Item 1002 | 20.00 unidades/gramas | 2024-12-30 03:53 → 2024-12-30 06:23
🔹 Andar 0, Nível 7 (índice 6):
   🗂️ Ordem 1 | Pedido 1 | Atividade 10015 | Item 1001 | 30.00 unidades/gramas | 2024-12-31 03:26 → 2024-12-31 06:26
   🗂️ Ordem 1 | Pedido 3 | Atividade 10034 | Item 1003 | 5.00 unidades/gramas | 2024-12-30 03:58 → 2024-12-30 06:28
🔹 Andar 0, Nível 8 (índice 7):
   🗂️ Ordem 1 | Pedido 1 | Atividade 10015 | Item 1001 | 30.00 unidades/gramas | 2024-12-31 03:26 → 2024-12-31 06:26
   🗂️ Ordem 1 | Pedido 3 | Atividade 10034 | Item 1003 | 5.00 unidades/gramas | 2024-12-30 03:58 → 2024-12-30 06:28
🔹 Andar 0, Nível 9 (índice 8):
   🗂️ Ordem 1 | Pedido 1 | Atividade 10015 | Item 1001 | 30.00 unidades/gramas | 2024-12-31 03:26 → 2024-12-31 06:26
   🗂️ Ordem 1 | Pedido 3 | Atividade 10034 | Item 1003 | 5.00 unidades/gramas | 2024-12-30 03:58 → 2024-12-30 06:28
🔹 Andar 0, Nível 10 (índice 9):
   🗂️ Ordem 1 | Pedido 1 | Atividade 10015 | Item 1001 | 30.00 unidades/gramas | 2024-12-31 03:26 → 2024-12-31 06:26
   🗂️ Ordem 1 | Pedido 3 | Atividade 10034 | Item 1003 | 5.00 unidades/gramas | 2024-12-30 03:58 → 2024-12-30 06:28
🔹 Andar 0, Nível 11 (índice 10):
   🗂️ Ordem 1 | Pedido 1 | Atividade 10015 | Item 1001 | 30.00 unidades/gramas | 2024-12-31 03:26 → 2024-12-31 06:26
🔹 Andar 0, Nível 12 (índice 11):
   🗂️ Ordem 1 | Pedido 1 | Atividade 10015 | Item 1001 | 30.00 unidades/gramas | 2024-12-31 03:26 → 2024-12-31 06:26
🔹 Andar 0, Nível 13 (índice 12):
   🗂️ Ordem 1 | Pedido 1 | Atividade 10015 | Item 1001 | 30.00 unidades/gramas | 2024-12-31 03:26 → 2024-12-31 06:26
🔹 Andar 0, Nível 14 (índice 13):
   🗂️ Ordem 1 | Pedido 1 | Atividade 10015 | Item 1001 | 30.00 unidades/gramas | 2024-12-31 03:26 → 2024-12-31 06:26
🔹 Andar 0, Nível 15 (índice 14):
   🗂️ Ordem 1 | Pedido 4 | Atividade 10045 | Item 1004 | 5.00 unidades/gramas | 2024-12-31 04:03 → 2024-12-31 06:33
🔹 Andar 0, Nível 16 (índice 15):
   🗂️ Ordem 1 | Pedido 4 | Atividade 10045 | Item 1004 | 5.00 unidades/gramas | 2024-12-31 04:03 → 2024-12-31 06:33
🔹 Andar 0, Nível 17 (índice 16):
   🗂️ Ordem 1 | Pedido 4 | Atividade 10045 | Item 1004 | 5.00 unidades/gramas | 2024-12-31 04:03 → 2024-12-31 06:33
🔹 Andar 0, Nível 18 (índice 17):
   🗂️ Ordem 1 | Pedido 4 | Atividade 10045 | Item 1004 | 5.00 unidades/gramas | 2024-12-31 04:03 → 2024-12-31 06:33
🔹 Andar 0, Nível 19 (índice 18):
   🗂️ Ordem 1 | Pedido 5 | Atividade 10054 | Item 1005 | 5.00 unidades/gramas | 2024-12-31 05:03 → 2024-12-31 06:33
🔹 Andar 0, Nível 20 (índice 19):
   🗂️ Ordem 1 | Pedido 5 | Atividade 10054 | Item 1005 | 5.00 unidades/gramas | 2024-12-31 05:03 → 2024-12-31 06:33
🔹 Andar 0, Nível 21 (índice 20):
   🗂️ Ordem 1 | Pedido 5 | Atividade 10054 | Item 1005 | 5.00 unidades/gramas | 2024-12-31 05:03 → 2024-12-31 06:33

----------------------------------------
🔍 ANÁLISE:
   ⏰ Período de uso: 03:26 - 06:33

============================================================

🔧 Armário Fermentador 2 (ArmarioFermentador)
============================================================

📋 OCUPAÇÕES REGISTRADAS:
----------------------------------------
==============================================
📅 Agenda do Armário Fermentador 2
📊 Total: 1 andares × 25 níveis = 25 níveis de tela
==============================================
🔹 Nenhuma ocupação registrada em nenhum nível.

----------------------------------------

============================================================

🔧 Armário Fermentador 3 (ArmarioFermentador)
============================================================

📋 OCUPAÇÕES REGISTRADAS:
----------------------------------------
==============================================
📅 Agenda do Armário Fermentador 3
📊 Total: 1 andares × 25 níveis = 25 níveis de tela
==============================================
🔹 Andar 0, Nível 1 (índice 0):
   🗂️ Ordem 1 | Pedido 1 | Atividade 10018 | Item 1001 | 30.00 unidades/gramas | 2024-12-31 06:54 → 2024-12-31 07:00
   🗂️ Ordem 1 | Pedido 2 | Atividade 10028 | Item 1002 | 20.00 unidades/gramas | 2024-12-30 06:50 → 2024-12-31 06:50
🔹 Andar 0, Nível 2 (índice 1):
   🗂️ Ordem 1 | Pedido 1 | Atividade 10018 | Item 1001 | 30.00 unidades/gramas | 2024-12-31 06:54 → 2024-12-31 07:00
   🗂️ Ordem 1 | Pedido 2 | Atividade 10028 | Item 1002 | 20.00 unidades/gramas | 2024-12-30 06:50 → 2024-12-31 06:50
🔹 Andar 0, Nível 3 (índice 2):
   🗂️ Ordem 1 | Pedido 1 | Atividade 10018 | Item 1001 | 30.00 unidades/gramas | 2024-12-31 06:54 → 2024-12-31 07:00
   🗂️ Ordem 1 | Pedido 2 | Atividade 10028 | Item 1002 | 20.00 unidades/gramas | 2024-12-30 06:50 → 2024-12-31 06:50
🔹 Andar 0, Nível 4 (índice 3):
   🗂️ Ordem 1 | Pedido 1 | Atividade 10018 | Item 1001 | 30.00 unidades/gramas | 2024-12-31 06:54 → 2024-12-31 07:00
   🗂️ Ordem 1 | Pedido 2 | Atividade 10028 | Item 1002 | 20.00 unidades/gramas | 2024-12-30 06:50 → 2024-12-31 06:50
🔹 Andar 0, Nível 5 (índice 4):
   🗂️ Ordem 1 | Pedido 1 | Atividade 10018 | Item 1001 | 30.00 unidades/gramas | 2024-12-31 06:54 → 2024-12-31 07:00
   🗂️ Ordem 1 | Pedido 2 | Atividade 10028 | Item 1002 | 20.00 unidades/gramas | 2024-12-30 06:50 → 2024-12-31 06:50
🔹 Andar 0, Nível 6 (índice 5):
   🗂️ Ordem 1 | Pedido 1 | Atividade 10018 | Item 1001 | 30.00 unidades/gramas | 2024-12-31 06:54 → 2024-12-31 07:00
   🗂️ Ordem 1 | Pedido 2 | Atividade 10028 | Item 1002 | 20.00 unidades/gramas | 2024-12-30 06:50 → 2024-12-31 06:50
🔹 Andar 0, Nível 7 (índice 6):
   🗂️ Ordem 1 | Pedido 1 | Atividade 10018 | Item 1001 | 30.00 unidades/gramas | 2024-12-31 06:54 → 2024-12-31 07:00
   🗂️ Ordem 1 | Pedido 2 | Atividade 10027 | Item 1002 | 20.00 unidades/gramas | 2024-12-30 06:47 → 2024-12-30 06:50
   🗂️ Ordem 1 | Pedido 3 | Atividade 10037 | Item 1003 | 5.00 unidades/gramas | 2024-12-30 06:52 → 2024-12-30 06:55
🔹 Andar 0, Nível 8 (índice 7):
   🗂️ Ordem 1 | Pedido 1 | Atividade 10018 | Item 1001 | 30.00 unidades/gramas | 2024-12-31 06:54 → 2024-12-31 07:00
   🗂️ Ordem 1 | Pedido 2 | Atividade 10027 | Item 1002 | 20.00 unidades/gramas | 2024-12-30 06:47 → 2024-12-30 06:50
   🗂️ Ordem 1 | Pedido 3 | Atividade 10037 | Item 1003 | 5.00 unidades/gramas | 2024-12-30 06:52 → 2024-12-30 06:55
🔹 Andar 0, Nível 9 (índice 8):
   🗂️ Ordem 1 | Pedido 1 | Atividade 10018 | Item 1001 | 30.00 unidades/gramas | 2024-12-31 06:54 → 2024-12-31 07:00
   🗂️ Ordem 1 | Pedido 2 | Atividade 10027 | Item 1002 | 20.00 unidades/gramas | 2024-12-30 06:47 → 2024-12-30 06:50
   🗂️ Ordem 1 | Pedido 3 | Atividade 10037 | Item 1003 | 5.00 unidades/gramas | 2024-12-30 06:52 → 2024-12-30 06:55
🔹 Andar 0, Nível 10 (índice 9):
   🗂️ Ordem 1 | Pedido 1 | Atividade 10018 | Item 1001 | 30.00 unidades/gramas | 2024-12-31 06:54 → 2024-12-31 07:00
   🗂️ Ordem 1 | Pedido 2 | Atividade 10027 | Item 1002 | 20.00 unidades/gramas | 2024-12-30 06:47 → 2024-12-30 06:50
   🗂️ Ordem 1 | Pedido 3 | Atividade 10037 | Item 1003 | 5.00 unidades/gramas | 2024-12-30 06:52 → 2024-12-30 06:55
🔹 Andar 0, Nível 11 (índice 10):
   🗂️ Ordem 1 | Pedido 1 | Atividade 10018 | Item 1001 | 30.00 unidades/gramas | 2024-12-31 06:54 → 2024-12-31 07:00
   🗂️ Ordem 1 | Pedido 2 | Atividade 10027 | Item 1002 | 20.00 unidades/gramas | 2024-12-30 06:47 → 2024-12-30 06:50
🔹 Andar 0, Nível 12 (índice 11):
   🗂️ Ordem 1 | Pedido 1 | Atividade 10018 | Item 1001 | 30.00 unidades/gramas | 2024-12-31 06:54 → 2024-12-31 07:00
   🗂️ Ordem 1 | Pedido 2 | Atividade 10027 | Item 1002 | 20.00 unidades/gramas | 2024-12-30 06:47 → 2024-12-30 06:50
🔹 Andar 0, Nível 13 (índice 12):
   🗂️ Ordem 1 | Pedido 1 | Atividade 10018 | Item 1001 | 30.00 unidades/gramas | 2024-12-31 06:54 → 2024-12-31 07:00
🔹 Andar 0, Nível 14 (índice 13):
   🗂️ Ordem 1 | Pedido 1 | Atividade 10018 | Item 1001 | 30.00 unidades/gramas | 2024-12-31 06:54 → 2024-12-31 07:00
🔹 Andar 0, Nível 15 (índice 14):
   🗂️ Ordem 1 | Pedido 3 | Atividade 10038 | Item 1003 | 5.00 unidades/gramas | 2024-12-30 06:55 → 2024-12-31 06:55
   🗂️ Ordem 1 | Pedido 4 | Atividade 10048 | Item 1004 | 5.00 unidades/gramas | 2024-12-31 06:57 → 2024-12-31 07:00
🔹 Andar 0, Nível 16 (índice 15):
   🗂️ Ordem 1 | Pedido 3 | Atividade 10038 | Item 1003 | 5.00 unidades/gramas | 2024-12-30 06:55 → 2024-12-31 06:55
   🗂️ Ordem 1 | Pedido 4 | Atividade 10048 | Item 1004 | 5.00 unidades/gramas | 2024-12-31 06:57 → 2024-12-31 07:00
🔹 Andar 0, Nível 17 (índice 16):
   🗂️ Ordem 1 | Pedido 3 | Atividade 10038 | Item 1003 | 5.00 unidades/gramas | 2024-12-30 06:55 → 2024-12-31 06:55
   🗂️ Ordem 1 | Pedido 4 | Atividade 10048 | Item 1004 | 5.00 unidades/gramas | 2024-12-31 06:57 → 2024-12-31 07:00
🔹 Andar 0, Nível 18 (índice 17):
   🗂️ Ordem 1 | Pedido 3 | Atividade 10038 | Item 1003 | 5.00 unidades/gramas | 2024-12-30 06:55 → 2024-12-31 06:55
   🗂️ Ordem 1 | Pedido 4 | Atividade 10048 | Item 1004 | 5.00 unidades/gramas | 2024-12-31 06:57 → 2024-12-31 07:00
🔹 Andar 0, Nível 19 (índice 18):
   🗂️ Ordem 1 | Pedido 5 | Atividade 10057 | Item 1005 | 5.00 unidades/gramas | 2024-12-31 06:57 → 2024-12-31 07:00
🔹 Andar 0, Nível 20 (índice 19):
   🗂️ Ordem 1 | Pedido 5 | Atividade 10057 | Item 1005 | 5.00 unidades/gramas | 2024-12-31 06:57 → 2024-12-31 07:00
🔹 Andar 0, Nível 21 (índice 20):
   🗂️ Ordem 1 | Pedido 5 | Atividade 10057 | Item 1005 | 5.00 unidades/gramas | 2024-12-31 06:57 → 2024-12-31 07:00

----------------------------------------
🔍 ANÁLISE:
   ⏰ Período de uso: 06:47 - 07:00

============================================================

🔧 Armário Fermentador 4 (ArmarioFermentador)
============================================================

📋 OCUPAÇÕES REGISTRADAS:
----------------------------------------
==============================================
📅 Agenda do Armário Fermentador 4
📊 Total: 1 andares × 25 níveis = 25 níveis de tela
==============================================
🔹 Nenhuma ocupação registrada em nenhum nível.

----------------------------------------

============================================================

🔧 Divisoras de Massas 1 (DivisoraDeMassas)
============================================================

📋 OCUPAÇÕES REGISTRADAS:
----------------------------------------
==============================================
📅 Agenda da Divisoras de Massas 1
==============================================
🔪 Ordem 1 | Pedido 1 | Atividade 10012 | Item 1001 | 1950.00g | Boleadora: Não | 2024-12-30 23:36 → 2024-12-31 00:08
🔪 Ordem 1 | Pedido 4 | Atividade 10042 | Item 1004 | 1950.00g | Boleadora: Não | 2024-12-31 02:08 → 2024-12-31 02:24

----------------------------------------
🔍 ANÁLISE:
   ⏰ Período de uso: 00:08 - 23:36

============================================================

🔧 Divisoras de Massas 2 (DivisoraDeMassas)
============================================================

📋 OCUPAÇÕES REGISTRADAS:
----------------------------------------
==============================================
📅 Agenda da Divisoras de Massas 2
==============================================
🔪 Ordem 1 | Pedido 2 | Atividade 10022 | Item 1002 | 1950.00g | Boleadora: Não | 2024-12-30 03:18 → 2024-12-30 03:34

----------------------------------------
🔍 ANÁLISE:
   ⏰ Período de uso: 03:18 - 03:34

============================================================

🔧 Modeladora de Pães 1 (ModeladoraDePaes)
============================================================

📋 OCUPAÇÕES REGISTRADAS:
----------------------------------------
==============================================
📅 Histórico da Modeladora de Pães 1
🔧 Capacidade: 30-35 unidades/min
==============================================
🍞 Ordem 1 | Pedido 3 | Atividade 10032 | Item 1003 | Quantidade: 20 unidades | 2024-12-30 03:23 → 2024-12-30 03:39
🍞 Ordem 1 | Pedido 1 | Atividade 10013 | Item 1001 | Quantidade: 420 unidades | 2024-12-31 00:40 → 2024-12-31 02:00
🍞 Ordem 1 | Pedido 4 | Atividade 10043 | Item 1004 | Quantidade: 20 unidades | 2024-12-31 02:40 → 2024-12-31 03:20

----------------------------------------
🔍 ANÁLISE:
   ⏰ Período de uso: 00:40 - 03:39

============================================================

🔧 Modeladora de Pães 2 (ModeladoraDePaes)
============================================================

📋 OCUPAÇÕES REGISTRADAS:
----------------------------------------
==============================================
📅 Histórico da Modeladora de Pães 2
🔧 Capacidade: 60-120 unidades/min
==============================================
🔹 Nenhum registro encontrado.

----------------------------------------

============================================================

🔧 Modeladora de salgados (ModeladoraDeSalgados)
============================================================

📋 OCUPAÇÕES REGISTRADAS:
----------------------------------------
==============================================
📅 Histórico da Modeladora de salgados
🔧 Capacidade: 9-83 unidades/min
==============================================
🔹 Nenhum registro encontrado.

----------------------------------------

============================================================

🔧 Embaladora 1 (Embaladora)
============================================================

📋 OCUPAÇÕES REGISTRADAS:
----------------------------------------
==============================================
📅 Agenda da Embaladora 1 (SEMPRE DISPONÍVEL)
📊 Capacidade mínima: 1g
📊 Capacidade máxima: ILIMITADA (aceita múltiplas alocações)
==============================================

⏰ 2024-12-31 06:50 → 2024-12-31 07:00:
   ✉️ Ordem 1 | Pedido 2 | Atividade 10029 | Item 1002 | 500.00g | Embalagens: ['SIMPLES', 'SELADORA']
   📊 Total no período: 500.00g

⏰ 2024-12-31 06:55 → 2024-12-31 07:00:
   ✉️ Ordem 1 | Pedido 3 | Atividade 10039 | Item 1003 | 500.00g | Embalagens: ['SIMPLES', 'SELADORA']
   📊 Total no período: 500.00g

----------------------------------------
🔍 ANÁLISE:
   ⚖️ Total processado: 500.0g em 1 operação(ões)
   ⏰ Período de uso: 06:50 - 07:00

============================================================

🔧 Embaladora 2 (Embaladora)
============================================================

📋 OCUPAÇÕES REGISTRADAS:
----------------------------------------
==============================================
📅 Agenda da Embaladora 2 (SEMPRE DISPONÍVEL)
📊 Capacidade mínima: 1g
📊 Capacidade máxima: ILIMITADA (aceita múltiplas alocações)
==============================================
🔹 Nenhuma ocupação registrada.

----------------------------------------

============================================================

================================================================================
📊 ESTATÍSTICAS RESUMIDAS
================================================================================
📈 Total de equipamentos descobertos: 41
🔧 Equipamentos com ocupações: 41
📭 Equipamentos vazios: 0

🏷️ TIPOS DE EQUIPAMENTOS:
   • CamaraRefrigerada: 2 equipamento(s)
   • Fogao: 2 equipamento(s)
   • BalancaDigital: 4 equipamento(s)
   • Bancada: 8 equipamento(s)
   • BatedeiraPlanetaria: 2 equipamento(s)
   • BatedeiraIndustrial: 1 equipamento(s)
   • Masseira: 3 equipamento(s)
   • HotMix: 2 equipamento(s)
   • Freezer: 3 equipamento(s)
   • Fritadeira: 1 equipamento(s)
   • ArmarioEsqueleto: 2 equipamento(s)
   • ArmarioFermentador: 4 equipamento(s)
   • DivisoraDeMassas: 2 equipamento(s)
   • ModeladoraDePaes: 2 equipamento(s)
   • ModeladoraDeSalgados: 1 equipamento(s)
   • Embaladora: 2 equipamento(s)

================================================================================
📄 Fim do relatório detalhado
================================================================================