================================================================================
📋 RELATÓRIO DETALHADO DE OCUPAÇÕES DE EQUIPAMENTOS
    Ordem 1 | Pedidos 1, 2, 3, 4, 5, 6, 7, 8, 9, 10, 11, 12, 13
================================================================================
Gerado em: 30/09/2025 10:36:42
Equipamentos analisados: 41
Equipamentos com ocupações: 41
================================================================================

🔧 Câmara Refrigerada 1 (CamaraRefrigerada)
============================================================

📋 OCUPAÇÕES REGISTRADAS:
----------------------------------------
==============================================
📅 Agenda da Câmara Refrigerada 1
📊 Numeração dos níveis físicos: 1 a 25
📊 Numeração das caixas: 1 a 200
📊 Telas por nível: 25
📏 Dimensões: 625 níveis de tela totais | 200 caixas totais
🌡️ Faixa de temperatura: 0°C a 4°C
==============================================
🔹 Nível 1, Tela 1:
   🗂️ Ordem 1 | Pedido 10 | Atividade 10723 | Item 1072 | 10.00 unidades | 06:36 → 07:36 | Temp: 4°C
🔹 Nível 1, Tela 2:
   🗂️ Ordem 1 | Pedido 11 | Atividade 10593 | Item 1059 | 10.00 unidades | 06:36 → 07:36 | Temp: 4°C
🔹 Nível 1, Tela 3:
   🗂️ Ordem 1 | Pedido 12 | Atividade 10733 | Item 1073 | 10.00 unidades | 06:36 → 07:36 | Temp: 4°C
🌡️ Configurações de Temperatura:
   4°C | 06:36 → 07:36

----------------------------------------
🔍 ANÁLISE:
   ❄️ Níveis/Caixas utilizados: Níveis: 1
   🌡️ Temperaturas: 0, 4°C
   ⏰ Período de uso: 06:36 - 07:36

============================================================

🔧 Câmara Refrigerada 2 (CamaraRefrigerada)
============================================================

📋 OCUPAÇÕES REGISTRADAS:
----------------------------------------
==============================================
📅 Agenda da Câmara Refrigerada 2
📊 Numeração dos níveis físicos: 1 a 1
📊 Numeração das caixas: 1 a 200
📊 Telas por nível: 25
📏 Dimensões: 25 níveis de tela totais | 200 caixas totais
🌡️ Faixa de temperatura: -18°C a -7°C
==============================================
📦 Caixa 1:
   🗂️ Ordem 1 | Pedido 6 | Atividade 20094 | Item 2009 | 750.01 unidades | 06:24 → 06:27 | Temp: -18°C
   🗂️ Ordem 1 | Pedido 7 | Atividade 20084 | Item 2008 | 500.01 unidades | 06:20 → 06:23 | Temp: -18°C
   🗂️ Ordem 1 | Pedido 7 | Atividade 20081 | Item 2008 | 500.01 unidades | 05:27 → 05:30 | Temp: -18°C
   🗂️ Ordem 1 | Pedido 10 | Atividade 20045 | Item 2004 | 500.00 unidades | 06:08 → 06:13 | Temp: -18°C
   🗂️ Ordem 1 | Pedido 11 | Atividade 20045 | Item 2004 | 500.00 unidades | 06:08 → 06:13 | Temp: -18°C
   🗂️ Ordem 1 | Pedido 11 | Atividade 20081 | Item 2008 | 450.00 unidades | 05:17 → 05:20 | Temp: -18°C
   🗂️ Ordem 1 | Pedido 12 | Atividade 20045 | Item 2004 | 500.00 unidades | 06:08 → 06:13 | Temp: -18°C
📦 Caixa 2:
   🗂️ Ordem 1 | Pedido 8 | Atividade 20114 | Item 2011 | 600.01 unidades | 06:22 → 06:27 | Temp: -18°C
   🗂️ Ordem 1 | Pedido 11 | Atividade 20084 | Item 2008 | 450.00 unidades | 06:10 → 06:13 | Temp: -18°C
📦 Caixa 3:
   🗂️ Ordem 1 | Pedido 12 | Atividade 20114 | Item 2011 | 450.00 unidades | 06:08 → 06:13 | Temp: -18°C
🌡️ Configurações de Temperatura:
   -18°C | 06:24 → 06:27
   -18°C | 06:20 → 06:23
   -18°C | 05:27 → 05:30
   -18°C | 06:08 → 06:13
   -18°C | 05:17 → 05:20

----------------------------------------
🔍 ANÁLISE:
   ❄️ Níveis/Caixas utilizados: Caixas: 2, 3, 1
   🌡️ Temperaturas: -7, -18°C
   ⏰ Período de uso: 05:17 - 06:27

============================================================

🔧 Fogão 1 (Fogao)
============================================================

📋 OCUPAÇÕES REGISTRADAS:
----------------------------------------
==============================================
📅 Agenda do Fogão 1
==============================================
🔹 Boca 1:
   🔥 Ordem 1 | Pedido 6 | Atividade 20092 | Item 2009 | 750.01g | Chama: Média | Pressão: Alta Pressão, Chama Dupla | 05:54 → 06:04
   🔥 Ordem 1 | Pedido 12 | Atividade 20112 | Item 2011 | 450.00g | Chama: Média | Pressão: Alta Pressão, Chama Dupla | 05:32 → 05:52
🔹 Boca 2:
   🔥 Ordem 1 | Pedido 8 | Atividade 20112 | Item 2011 | 600.01g | Chama: Média | Pressão: Alta Pressão, Chama Dupla | 05:46 → 06:06
🔹 Boca 3:
   🔥 Ordem 1 | Pedido 7 | Atividade 20083 | Item 2008 | 500.01g | Chama: Média | Pressão: Alta Pressão, Chama Dupla | 05:40 → 06:20
🔹 Boca 4:
   🔥 Ordem 1 | Pedido 11 | Atividade 20083 | Item 2008 | 450.00g | Chama: Média | Pressão: Alta Pressão, Chama Dupla | 05:30 → 06:10

----------------------------------------
🔍 ANÁLISE:
   🔥 Bocas utilizadas: 2, 3, 1, 4
   🔥 Configurações de chama: Chama: média | Pressão: alta pressão, chama dupla 
   ⚖️ Total processado: 2300.0g em 4 operação(ões)
   ⏰ Período de uso: 05:30 - 06:20

============================================================

🔧 Fogão 2 (Fogao)
============================================================

📋 OCUPAÇÕES REGISTRADAS:
----------------------------------------
==============================================
📅 Agenda do Fogão 2
==============================================
🔹 Nenhuma ocupação registrada em nenhuma boca.

----------------------------------------

============================================================

🔧 Balança Digital 1 (BalancaDigital)
============================================================

📋 OCUPAÇÕES REGISTRADAS:
----------------------------------------
==============================================
📅 Agenda da Balança Digital 1
==============================================
⚖️ Ordem: 1 | Pedido: 1 | Atividade: 10011 | Item: 0 | Quantidade: 1950g | Início: 02:12 | Fim: 02:18
⚖️ Ordem: 1 | Pedido: 2 | Atividade: 10021 | Item: 0 | Quantidade: 1950g | Início: 03:36 | Fim: 03:39
⚖️ Ordem: 1 | Pedido: 3 | Atividade: 10031 | Item: 0 | Quantidade: 400g | Início: 03:41 | Fim: 03:44
⚖️ Ordem: 1 | Pedido: 4 | Atividade: 10041 | Item: 0 | Quantidade: 350g | Início: 03:26 | Fim: 03:29
⚖️ Ordem: 1 | Pedido: 5 | Atividade: 10051 | Item: 0 | Quantidade: 250g | Início: 04:44 | Fim: 04:47

----------------------------------------
🔍 ANÁLISE:
   ⚖️ Total processado: 2950.0g em 4 operação(ões)
   ⏰ Período de uso: 02:12 - 04:47

============================================================

🔧 Balança Digital 2 (BalancaDigital)
============================================================

📋 OCUPAÇÕES REGISTRADAS:
----------------------------------------
==============================================
📅 Agenda da Balança Digital 2
==============================================
⚖️ Ordem: 1 | Pedido: 6 | Atividade: 10551 | Item: 0 | Quantidade: 120g | Início: 06:37 | Fim: 06:47
⚖️ Ordem: 1 | Pedido: 8 | Atividade: 10701 | Item: 0 | Quantidade: 120g | Início: 06:37 | Fim: 06:47
⚖️ Ordem: 1 | Pedido: 9 | Atividade: 10711 | Item: 0 | Quantidade: 120g | Início: 06:33 | Fim: 06:43
⚖️ Ordem: 1 | Pedido: 7 | Atividade: 10691 | Item: 0 | Quantidade: 120g | Início: 06:33 | Fim: 06:43
⚖️ Ordem: 1 | Pedido: 10 | Atividade: 10721 | Item: 0 | Quantidade: 100g | Início: 06:23 | Fim: 06:33
⚖️ Ordem: 1 | Pedido: 11 | Atividade: 10591 | Item: 0 | Quantidade: 100g | Início: 06:23 | Fim: 06:33
⚖️ Ordem: 1 | Pedido: 12 | Atividade: 10731 | Item: 0 | Quantidade: 100g | Início: 06:23 | Fim: 06:33

----------------------------------------
🔍 ANÁLISE:
   ⚖️ Total processado: 220.0g em 2 operação(ões)
   ⏰ Período de uso: 06:23 - 06:47

============================================================

🔧 Balança Digital 3 (BalancaDigital)
============================================================

📋 OCUPAÇÕES REGISTRADAS:
----------------------------------------
==============================================
📅 Agenda da Balança Digital 3
==============================================
🔹 Nenhuma ocupação registrada.

----------------------------------------

============================================================

🔧 Balança Digital 4 (BalancaDigital)
============================================================

📋 OCUPAÇÕES REGISTRADAS:
----------------------------------------
==============================================
📅 Agenda da Balança Digital 4
==============================================
⚖️ Ordem: 1 | Pedido: 6 | Atividade: 20093 | Item: 0 | Quantidade: 750.01g | Início: 06:14 | Fim: 06:24
⚖️ Ordem: 1 | Pedido: 8 | Atividade: 20113 | Item: 0 | Quantidade: 600.01g | Início: 06:14 | Fim: 06:22
⚖️ Ordem: 1 | Pedido: 7 | Atividade: 20082 | Item: 0 | Quantidade: 500.01g | Início: 05:35 | Fim: 05:40
⚖️ Ordem: 1 | Pedido: 11 | Atividade: 20082 | Item: 0 | Quantidade: 450.0g | Início: 05:25 | Fim: 05:30
⚖️ Ordem: 1 | Pedido: 12 | Atividade: 20113 | Item: 0 | Quantidade: 450.0g | Início: 06:00 | Fim: 06:08

----------------------------------------
🔍 ANÁLISE:
   ⚖️ Total processado: 2300.0g em 4 operação(ões)
   ⏰ Período de uso: 05:25 - 06:24

============================================================

🔧 Bancada 1 (Bancada)
============================================================

📋 OCUPAÇÕES REGISTRADAS:
----------------------------------------
==============================================
📅 Agenda da Bancada 1
==============================================
🔹 Fração 1:
   🪵 Ordem 1 | Pedido 1 | Atividade 10016 | Item 1001 | 06:26 → 06:34
   🪵 Ordem 1 | Pedido 1 | Atividade 10014 | Item 1001 | 03:20 → 03:26
   🪵 Ordem 1 | Pedido 1 | Atividade 10013 | Item 1001 | 03:00 → 03:20
   🪵 Ordem 1 | Pedido 1 | Atividade 10012 | Item 1001 | 02:32 → 02:40
   🪵 Ordem 1 | Pedido 1 | Atividade 10011 | Item 1001 | 02:18 → 02:24
   🪵 Ordem 1 | Pedido 2 | Atividade 10023 | Item 1002 | 03:50 → 03:53
   🪵 Ordem 1 | Pedido 2 | Atividade 10022 | Item 1002 | 03:46 → 03:50
   🪵 Ordem 1 | Pedido 2 | Atividade 10021 | Item 1002 | 03:39 → 03:42
   🪵 Ordem 1 | Pedido 3 | Atividade 10033 | Item 1003 | 03:55 → 03:58
   🪵 Ordem 1 | Pedido 4 | Atividade 10044 | Item 1004 | 04:00 → 04:03
   🪵 Ordem 1 | Pedido 4 | Atividade 10043 | Item 1004 | 03:50 → 04:00
   🪵 Ordem 1 | Pedido 4 | Atividade 10042 | Item 1004 | 03:36 → 03:40
   🪵 Ordem 1 | Pedido 4 | Atividade 10041 | Item 1004 | 03:29 → 03:32
   🪵 Ordem 1 | Pedido 5 | Atividade 10053 | Item 1005 | 05:00 → 05:03
   🪵 Ordem 1 | Pedido 5 | Atividade 10052 | Item 1005 | 04:50 → 05:00
   🪵 Ordem 1 | Pedido 5 | Atividade 10051 | Item 1005 | 04:47 → 04:50
🔹 Fração 2:
   🪵 Ordem 1 | Pedido 1 | Atividade 10016 | Item 1001 | 06:26 → 06:34
   🪵 Ordem 1 | Pedido 1 | Atividade 10014 | Item 1001 | 03:20 → 03:26
   🪵 Ordem 1 | Pedido 1 | Atividade 10013 | Item 1001 | 03:00 → 03:20
   🪵 Ordem 1 | Pedido 2 | Atividade 10023 | Item 1002 | 03:50 → 03:53
   🪵 Ordem 1 | Pedido 3 | Atividade 10033 | Item 1003 | 03:55 → 03:58
   🪵 Ordem 1 | Pedido 3 | Atividade 10031 | Item 1003 | 03:44 → 03:47
   🪵 Ordem 1 | Pedido 4 | Atividade 10044 | Item 1004 | 04:00 → 04:03
   🪵 Ordem 1 | Pedido 4 | Atividade 10043 | Item 1004 | 03:50 → 04:00
   🪵 Ordem 1 | Pedido 4 | Atividade 10042 | Item 1004 | 03:36 → 03:40
   🪵 Ordem 1 | Pedido 5 | Atividade 10053 | Item 1005 | 05:00 → 05:03
   🪵 Ordem 1 | Pedido 5 | Atividade 10052 | Item 1005 | 04:50 → 05:00
🔹 Fração 3:
   🪵 Ordem 1 | Pedido 1 | Atividade 10016 | Item 1001 | 06:26 → 06:34
   🪵 Ordem 1 | Pedido 3 | Atividade 10032 | Item 1003 | 03:51 → 03:55
   🪵 Ordem 1 | Pedido 4 | Atividade 10043 | Item 1004 | 03:50 → 04:00
   🪵 Ordem 1 | Pedido 5 | Atividade 10052 | Item 1005 | 04:50 → 05:00
🔹 Fração 4:
   🪵 Ordem 1 | Pedido 1 | Atividade 10016 | Item 1001 | 06:26 → 06:34
   🪵 Ordem 1 | Pedido 3 | Atividade 10032 | Item 1003 | 03:51 → 03:55

----------------------------------------
🔍 ANÁLISE:
   📐 Frações utilizadas: 2, 3, 1, 4
   ⏰ Período de uso: 02:18 - 06:34

============================================================

🔧 Bancada 2 (Bancada)
============================================================

📋 OCUPAÇÕES REGISTRADAS:
----------------------------------------
==============================================
📅 Agenda da Bancada 2
==============================================
🔹 Fração 1:
   🪵 Ordem 1 | Pedido 4 | Atividade 10046 | Item 1004 | 06:33 → 06:37
🔹 Fração 2:
   🪵 Ordem 1 | Pedido 4 | Atividade 10046 | Item 1004 | 06:33 → 06:37

----------------------------------------
🔍 ANÁLISE:
   📐 Frações utilizadas: 2, 1
   ⏰ Período de uso: 06:33 - 06:37

============================================================

🔧 Bancada 3 (Bancada)
============================================================

📋 OCUPAÇÕES REGISTRADAS:
----------------------------------------
==============================================
📅 Agenda da Bancada 3
==============================================
🔹 Nenhuma ocupação registrada em nenhuma fração.

----------------------------------------

============================================================

🔧 Bancada 4 (Bancada)
============================================================

📋 OCUPAÇÕES REGISTRADAS:
----------------------------------------
==============================================
📅 Agenda da Bancada 4
==============================================
🔹 Fração 1:
   🪵 Ordem 1 | Pedido 11 | Atividade 20044 | Item 2004 | 05:56 → 06:08
   🪵 Ordem 1 | Pedido 11 | Atividade 20042 | Item 2004 | 04:44 → 04:56
   🪵 Ordem 1 | Pedido 12 | Atividade 10731 | Item 1073 | 06:13 → 06:23
🔹 Fração 2:
   🪵 Ordem 1 | Pedido 11 | Atividade 20044 | Item 2004 | 05:56 → 06:08
   🪵 Ordem 1 | Pedido 11 | Atividade 20042 | Item 2004 | 04:44 → 04:56
   🪵 Ordem 1 | Pedido 12 | Atividade 10731 | Item 1073 | 06:13 → 06:23
🔹 Fração 3:
   🪵 Ordem 1 | Pedido 11 | Atividade 20044 | Item 2004 | 05:56 → 06:08
   🪵 Ordem 1 | Pedido 11 | Atividade 20042 | Item 2004 | 04:44 → 04:56
🔹 Fração 4:
   🪵 Ordem 1 | Pedido 11 | Atividade 20044 | Item 2004 | 05:56 → 06:08
   🪵 Ordem 1 | Pedido 11 | Atividade 20042 | Item 2004 | 04:44 → 04:56

----------------------------------------
🔍 ANÁLISE:
   📐 Frações utilizadas: 2, 3, 1, 4
   ⏰ Período de uso: 04:44 - 06:23

============================================================

🔧 Bancada 5 (Bancada)
============================================================

📋 OCUPAÇÕES REGISTRADAS:
----------------------------------------
==============================================
📅 Agenda da Bancada 5
==============================================
🔹 Fração 1:
   🪵 Ordem 1 | Pedido 7 | Atividade 10693 | Item 1069 | 06:46 → 06:49
   🪵 Ordem 1 | Pedido 7 | Atividade 10691 | Item 1069 | 06:23 → 06:33
   🪵 Ordem 1 | Pedido 10 | Atividade 10721 | Item 1072 | 06:13 → 06:23
   🪵 Ordem 1 | Pedido 12 | Atividade 20044 | Item 2004 | 05:56 → 06:08
   🪵 Ordem 1 | Pedido 12 | Atividade 20042 | Item 2004 | 04:44 → 04:56
🔹 Fração 2:
   🪵 Ordem 1 | Pedido 7 | Atividade 10693 | Item 1069 | 06:46 → 06:49
   🪵 Ordem 1 | Pedido 7 | Atividade 10691 | Item 1069 | 06:23 → 06:33
   🪵 Ordem 1 | Pedido 10 | Atividade 10721 | Item 1072 | 06:13 → 06:23
   🪵 Ordem 1 | Pedido 12 | Atividade 20044 | Item 2004 | 05:56 → 06:08
   🪵 Ordem 1 | Pedido 12 | Atividade 20042 | Item 2004 | 04:44 → 04:56
🔹 Fração 3:
   🪵 Ordem 1 | Pedido 10 | Atividade 10721 | Item 1072 | 06:13 → 06:23
   🪵 Ordem 1 | Pedido 12 | Atividade 20044 | Item 2004 | 05:56 → 06:08
   🪵 Ordem 1 | Pedido 12 | Atividade 20042 | Item 2004 | 04:44 → 04:56
🔹 Fração 4:
   🪵 Ordem 1 | Pedido 10 | Atividade 10721 | Item 1072 | 06:13 → 06:23
   🪵 Ordem 1 | Pedido 12 | Atividade 20044 | Item 2004 | 05:56 → 06:08
   🪵 Ordem 1 | Pedido 12 | Atividade 20042 | Item 2004 | 04:44 → 04:56

----------------------------------------
🔍 ANÁLISE:
   📐 Frações utilizadas: 2, 3, 1, 4
   ⏰ Período de uso: 04:44 - 06:49

============================================================

🔧 Bancada 6 (Bancada)
============================================================

📋 OCUPAÇÕES REGISTRADAS:
----------------------------------------
==============================================
📅 Agenda da Bancada 6
==============================================
🔹 Fração 1:
   🪵 Ordem 1 | Pedido 6 | Atividade 10555 | Item 1055 | 07:53 → 07:56
   🪵 Ordem 1 | Pedido 6 | Atividade 10553 | Item 1055 | 06:50 → 06:53
   🪵 Ordem 1 | Pedido 6 | Atividade 10552 | Item 1055 | 06:47 → 06:50
   🪵 Ordem 1 | Pedido 6 | Atividade 10551 | Item 1055 | 06:27 → 06:37
   🪵 Ordem 1 | Pedido 9 | Atividade 10715 | Item 1071 | 07:49 → 07:52
   🪵 Ordem 1 | Pedido 9 | Atividade 10712 | Item 1071 | 06:43 → 06:46
   🪵 Ordem 1 | Pedido 10 | Atividade 20044 | Item 2004 | 05:56 → 06:08
   🪵 Ordem 1 | Pedido 10 | Atividade 20042 | Item 2004 | 04:44 → 04:56
   🪵 Ordem 1 | Pedido 11 | Atividade 10591 | Item 1059 | 06:13 → 06:23
🔹 Fração 2:
   🪵 Ordem 1 | Pedido 6 | Atividade 10555 | Item 1055 | 07:53 → 07:56
   🪵 Ordem 1 | Pedido 6 | Atividade 10553 | Item 1055 | 06:50 → 06:53
   🪵 Ordem 1 | Pedido 6 | Atividade 10552 | Item 1055 | 06:47 → 06:50
   🪵 Ordem 1 | Pedido 6 | Atividade 10551 | Item 1055 | 06:27 → 06:37
   🪵 Ordem 1 | Pedido 9 | Atividade 10715 | Item 1071 | 07:49 → 07:52
   🪵 Ordem 1 | Pedido 9 | Atividade 10712 | Item 1071 | 06:43 → 06:46
   🪵 Ordem 1 | Pedido 10 | Atividade 20044 | Item 2004 | 05:56 → 06:08
   🪵 Ordem 1 | Pedido 10 | Atividade 20042 | Item 2004 | 04:44 → 04:56
   🪵 Ordem 1 | Pedido 11 | Atividade 10591 | Item 1059 | 06:13 → 06:23
🔹 Fração 3:
   🪵 Ordem 1 | Pedido 8 | Atividade 10705 | Item 1070 | 07:53 → 07:56
   🪵 Ordem 1 | Pedido 8 | Atividade 10703 | Item 1070 | 06:50 → 06:53
   🪵 Ordem 1 | Pedido 8 | Atividade 10702 | Item 1070 | 06:47 → 06:50
   🪵 Ordem 1 | Pedido 8 | Atividade 10701 | Item 1070 | 06:27 → 06:37
   🪵 Ordem 1 | Pedido 7 | Atividade 10695 | Item 1069 | 07:49 → 07:52
   🪵 Ordem 1 | Pedido 7 | Atividade 10692 | Item 1069 | 06:43 → 06:46
   🪵 Ordem 1 | Pedido 10 | Atividade 20044 | Item 2004 | 05:56 → 06:08
   🪵 Ordem 1 | Pedido 10 | Atividade 20042 | Item 2004 | 04:44 → 04:56
   🪵 Ordem 1 | Pedido 11 | Atividade 10591 | Item 1059 | 06:13 → 06:23
🔹 Fração 4:
   🪵 Ordem 1 | Pedido 8 | Atividade 10705 | Item 1070 | 07:53 → 07:56
   🪵 Ordem 1 | Pedido 8 | Atividade 10703 | Item 1070 | 06:50 → 06:53
   🪵 Ordem 1 | Pedido 8 | Atividade 10702 | Item 1070 | 06:47 → 06:50
   🪵 Ordem 1 | Pedido 8 | Atividade 10701 | Item 1070 | 06:27 → 06:37
   🪵 Ordem 1 | Pedido 7 | Atividade 10695 | Item 1069 | 07:49 → 07:52
   🪵 Ordem 1 | Pedido 7 | Atividade 10692 | Item 1069 | 06:43 → 06:46
   🪵 Ordem 1 | Pedido 10 | Atividade 20044 | Item 2004 | 05:56 → 06:08
   🪵 Ordem 1 | Pedido 10 | Atividade 20042 | Item 2004 | 04:44 → 04:56
   🪵 Ordem 1 | Pedido 11 | Atividade 10591 | Item 1059 | 06:13 → 06:23
🔹 Fração 5:
   🪵 Ordem 1 | Pedido 9 | Atividade 10713 | Item 1071 | 06:46 → 06:49
   🪵 Ordem 1 | Pedido 9 | Atividade 10711 | Item 1071 | 06:23 → 06:33
🔹 Fração 6:
   🪵 Ordem 1 | Pedido 9 | Atividade 10713 | Item 1071 | 06:46 → 06:49
   🪵 Ordem 1 | Pedido 9 | Atividade 10711 | Item 1071 | 06:23 → 06:33

----------------------------------------
🔍 ANÁLISE:
   📐 Frações utilizadas: 6, 5, 2, 1, 3, 4
   ⏰ Período de uso: 04:44 - 07:56

============================================================

🔧 Bancada 7 (Bancada)
============================================================

📋 OCUPAÇÕES REGISTRADAS:
----------------------------------------
==============================================
📅 Agenda da Bancada 7
==============================================
🔹 Fração 1:
   🪵 Ordem 1 | Pedido 6 | Atividade 20093 | Item 2009 | 06:04 → 06:14
   🪵 Ordem 1 | Pedido 6 | Atividade 20091 | Item 2009 | 05:46 → 05:54
   🪵 Ordem 1 | Pedido 8 | Atividade 20111 | Item 2011 | 05:36 → 05:46
   🪵 Ordem 1 | Pedido 7 | Atividade 20082 | Item 2008 | 05:30 → 05:35
   🪵 Ordem 1 | Pedido 11 | Atividade 20082 | Item 2008 | 05:20 → 05:25
🔹 Fração 2:
   🪵 Ordem 1 | Pedido 8 | Atividade 20113 | Item 2011 | 06:06 → 06:14
   🪵 Ordem 1 | Pedido 7 | Atividade 20082 | Item 2008 | 05:30 → 05:35
   🪵 Ordem 1 | Pedido 11 | Atividade 20082 | Item 2008 | 05:20 → 05:25
   🪵 Ordem 1 | Pedido 12 | Atividade 20113 | Item 2011 | 05:52 → 06:00
🔹 Fração 3:
   🪵 Ordem 1 | Pedido 12 | Atividade 20111 | Item 2011 | 05:22 → 05:32

----------------------------------------
🔍 ANÁLISE:
   📐 Frações utilizadas: 2, 3, 1
   ⏰ Período de uso: 05:20 - 06:14

============================================================

🔧 Bancada 8 (Bancada)
============================================================

📋 OCUPAÇÕES REGISTRADAS:
----------------------------------------
==============================================
📅 Agenda da Bancada 8
==============================================
🔹 Nenhuma ocupação registrada em nenhuma fração.

----------------------------------------

============================================================

🔧 Batedeira Planetária 1 (BatedeiraPlanetaria)
============================================================

📋 OCUPAÇÕES REGISTRADAS:
----------------------------------------
==============================================
📅 Agenda da Batedeira Planetária 1
==============================================
🔹 Nenhuma ocupação registrada.

----------------------------------------

============================================================

🔧 Batedeira Planetária 2 (BatedeiraPlanetaria)
============================================================

📋 OCUPAÇÕES REGISTRADAS:
----------------------------------------
==============================================
📅 Agenda da Batedeira Planetária 2
==============================================
🔹 Nenhuma ocupação registrada.

----------------------------------------

============================================================

🔧 Batedeira Industrial 1 (BatedeiraIndustrial)
============================================================

📋 OCUPAÇÕES REGISTRADAS:
----------------------------------------
==============================================
📅 Agenda da Batedeira Industrial 1
==============================================
🔹 Nenhuma ocupação registrada.

----------------------------------------

============================================================

🔧 Masseira 1 (Masseira)
============================================================

📋 OCUPAÇÕES REGISTRADAS:
----------------------------------------
==============================================
📅 Agenda da Masseira 1
==============================================
🥣 Ordem 1 | Pedido 2 | Atividade 20021 | Item 2002 | 7800.00g | 03:29 → 03:36 | Velocidades: BAIXA, MEDIA | Mistura: SEMI_RAPIDA
🥣 Ordem 1 | Pedido 4 | Atividade 20021 | Item 2002 | 1295.72g | 03:19 → 03:26 | Velocidades: BAIXA, MEDIA | Mistura: SEMI_RAPIDA
🥣 Ordem 1 | Pedido 5 | Atividade 20021 | Item 2002 | 3750.00g | 04:37 → 04:44 | Velocidades: BAIXA, MEDIA | Mistura: SEMI_RAPIDA

----------------------------------------
🔍 ANÁLISE:
   ⚖️ Total processado: 12845.7g em 3 operação(ões)
   ⏰ Período de uso: 03:19 - 04:44

============================================================

🔧 Masseira 2 (Masseira)
============================================================

📋 OCUPAÇÕES REGISTRADAS:
----------------------------------------
==============================================
📅 Agenda da Masseira 2
==============================================
🥣 Ordem 1 | Pedido 1 | Atividade 20011 | Item 2001 | 29250.00g | 02:01 → 02:12 | Velocidades: ALTA | Mistura: RAPIDA
🥣 Ordem 1 | Pedido 3 | Atividade 20021 | Item 2002 | 1300.00g | 03:34 → 03:41 | Velocidades: ALTA | Mistura: RAPIDA

----------------------------------------
🔍 ANÁLISE:
   ⚖️ Total processado: 30550.0g em 2 operação(ões)
   ⏰ Período de uso: 02:01 - 03:41

============================================================

🔧 Masseira 3 (Masseira)
============================================================

📋 OCUPAÇÕES REGISTRADAS:
----------------------------------------
==============================================
📅 Agenda da Masseira 3
==============================================
🥣 Ordem 1 | Pedido 10 | Atividade 20041 | Item 2004 | 500.00g | 04:34 → 04:44 | Velocidades: BAIXA | Mistura: LENTA
🥣 Ordem 1 | Pedido 11 | Atividade 20041 | Item 2004 | 500.00g | 04:34 → 04:44 | Velocidades: BAIXA | Mistura: LENTA
🥣 Ordem 1 | Pedido 12 | Atividade 20041 | Item 2004 | 500.00g | 04:34 → 04:44 | Velocidades: BAIXA | Mistura: LENTA
==============================================
📊 Economia de Equipamentos: 2
📊 Consolidações Implícitas: 1

----------------------------------------
🔍 ANÁLISE:
   ⚖️ Total processado: 500.0g em 1 operação(ões)
   ⏰ Período de uso: 04:34 - 04:44

============================================================

🔧 HotMix 1 (HotMix)
============================================================

📋 OCUPAÇÕES REGISTRADAS:
----------------------------------------
==============================================
📅 Agenda do HotMix 1 - JANELAS SIMULTÂNEAS
🔧 Capacidade: 1000-30000g
==============================================
🔸 Ordem 1 | Pedido 6 | Atividade 20031 | Item 2003 | 900.05g | 06:15 → 06:27 | Velocidade: BAIXA | Chama: ALTA | Pressões: ['ALTA_PRESSAO', 'CHAMA_DUPLA']
🔸 Ordem 1 | Pedido 8 | Atividade 20031 | Item 2003 | 720.04g | 06:15 → 06:27 | Velocidade: BAIXA | Chama: ALTA | Pressões: ['ALTA_PRESSAO', 'CHAMA_DUPLA']

----------------------------------------
🔍 ANÁLISE:
   ⚖️ Total processado: 1620.1g em 2 operação(ões)
   ⏰ Período de uso: 06:15 - 06:27

============================================================

🔧 HotMix 2 (HotMix)
============================================================

📋 OCUPAÇÕES REGISTRADAS:
----------------------------------------
==============================================
📅 Agenda do HotMix 2 - JANELAS SIMULTÂNEAS
🔧 Capacidade: 1000-30000g
==============================================
🔸 Ordem 1 | Pedido 9 | Atividade 20031 | Item 2003 | 720.04g | 06:11 → 06:23 | Velocidade: BAIXA | Chama: ALTA | Pressões: ['ALTA_PRESSAO', 'CHAMA_DUPLA']
🔸 Ordem 1 | Pedido 7 | Atividade 20031 | Item 2003 | 600.03g | 06:11 → 06:23 | Velocidade: BAIXA | Chama: ALTA | Pressões: ['ALTA_PRESSAO', 'CHAMA_DUPLA']

----------------------------------------
🔍 ANÁLISE:
   ⚖️ Total processado: 1320.1g em 2 operação(ões)
   ⏰ Período de uso: 06:11 - 06:23

============================================================

🔧 Freezer 1 (Freezer)
============================================================

📋 OCUPAÇÕES REGISTRADAS:
----------------------------------------
==============================================
📅 Agenda do Freezer 1
📊 Numeração das caixas: 1 a 6
📏 Dimensões: 6 caixas totais (Caixas 1 a 6)
🌡️ Faixa de temperatura: 0°C a 4°C
==============================================
📦 Nenhuma ocupação ou configuração de temperatura registrada.

----------------------------------------
🔍 ANÁLISE:
   🌡️ Temperaturas: 0, 4°C

============================================================

🔧 Freezer 2 (Freezer)
============================================================

📋 OCUPAÇÕES REGISTRADAS:
----------------------------------------
==============================================
📅 Agenda do Freezer 2
📊 Numeração das caixas: 1 a 6
📏 Dimensões: 6 caixas totais (Caixas 1 a 6)
🌡️ Faixa de temperatura: 0°C a 4°C
==============================================
📦 Caixa 1:
   🗂️ Ordem 1 | Pedido 6 | Atividade 10554 | Item 1055 | 15.00 unidades | 06:53 → 07:53 | Temp: 4°C
   🗂️ Ordem 1 | Pedido 10 | Atividade 20043 | Item 2004 | 500.00 unidades | 04:56 → 05:56 | Temp: 4°C
📦 Caixa 2:
   🗂️ Ordem 1 | Pedido 8 | Atividade 10704 | Item 1070 | 12.00 unidades | 06:53 → 07:53 | Temp: 4°C
   🗂️ Ordem 1 | Pedido 11 | Atividade 20043 | Item 2004 | 500.00 unidades | 04:56 → 05:56 | Temp: 4°C
📦 Caixa 3:
   🗂️ Ordem 1 | Pedido 9 | Atividade 10714 | Item 1071 | 12.00 unidades | 06:49 → 07:49 | Temp: 4°C
   🗂️ Ordem 1 | Pedido 12 | Atividade 20043 | Item 2004 | 500.00 unidades | 04:56 → 05:56 | Temp: 4°C
📦 Caixa 4:
   🗂️ Ordem 1 | Pedido 7 | Atividade 10694 | Item 1069 | 10.00 unidades | 06:49 → 07:49 | Temp: 4°C
🌡️ Configurações de Temperatura:
   4°C | 06:53 → 07:53
   4°C | 04:56 → 05:56

----------------------------------------
🔍 ANÁLISE:
   ❄️ Níveis/Caixas utilizados: Caixas: 2, 3, 1, 4
   🌡️ Temperaturas: 0, 4°C
   ⏰ Período de uso: 04:56 - 07:53

============================================================

🔧 Freezer 3 (Freezer)
============================================================

📋 OCUPAÇÕES REGISTRADAS:
----------------------------------------
==============================================
📅 Agenda do Freezer 3
📊 Numeração das caixas: 1 a 6
📏 Dimensões: 6 caixas totais (Caixas 1 a 6)
🌡️ Faixa de temperatura: 0°C a 4°C
==============================================
📦 Nenhuma ocupação ou configuração de temperatura registrada.

----------------------------------------
🔍 ANÁLISE:
   🌡️ Temperaturas: 0, 4°C

============================================================

🔧 Fritadeira 1 (Fritadeira)
============================================================

📋 OCUPAÇÕES REGISTRADAS:
----------------------------------------
==============================================
📅 Agenda da Fritadeira 1
🔧 Capacidade: 1000-5000 | Frações: 4
==============================================
🔹 Fração 1:
   🍟 Ordem 1 | Pedido 6 | Atividade 10556 | Item 1055 | Qtd: 9 | Temp: 180°C | Setup: 2min | 07:56 → 08:00 | Total equipamento: 27/5000
   🍟 Ordem 1 | Pedido 9 | Atividade 10716 | Item 1071 | Qtd: 9 | Temp: 180°C | Setup: 2min | 07:52 → 07:56 | Total equipamento: 22/5000
🔹 Fração 2:
   🍟 Ordem 1 | Pedido 6 | Atividade 10556 | Item 1055 | Qtd: 6 | Temp: 180°C | Setup: 2min | 07:56 → 08:00 | Total equipamento: 27/5000
   🍟 Ordem 1 | Pedido 8 | Atividade 10706 | Item 1070 | Qtd: 3 | Temp: 180°C | Setup: 2min | 07:56 → 08:00 | Total equipamento: 27/5000
   🍟 Ordem 1 | Pedido 9 | Atividade 10716 | Item 1071 | Qtd: 3 | Temp: 180°C | Setup: 2min | 07:52 → 07:56 | Total equipamento: 22/5000
   🍟 Ordem 1 | Pedido 7 | Atividade 10696 | Item 1069 | Qtd: 6 | Temp: 180°C | Setup: 2min | 07:52 → 07:56 | Total equipamento: 22/5000
🔹 Fração 3:
   🍟 Ordem 1 | Pedido 8 | Atividade 10706 | Item 1070 | Qtd: 9 | Temp: 180°C | Setup: 2min | 07:56 → 08:00 | Total equipamento: 27/5000
   🍟 Ordem 1 | Pedido 7 | Atividade 10696 | Item 1069 | Qtd: 4 | Temp: 180°C | Setup: 2min | 07:52 → 07:56 | Total equipamento: 22/5000

----------------------------------------
🔍 ANÁLISE:
   ⏰ Período de uso: 07:52 - 08:00

============================================================

🔧 Armário Esqueleto 1 (ArmarioEsqueleto)
============================================================

📋 OCUPAÇÕES REGISTRADAS:
----------------------------------------
==============================================
📅 Agenda do Armário Esqueleto 1
📊 Total: 1 andares × 25 níveis = 25 níveis de tela
==============================================
🔹 Andar 0, Nível 1 (índice 0):
   🗂️ Ordem 1 | Pedido 10 | Atividade 10724 | Item 1072 | 10.00 unidades/gramas | 07:36 → 07:40
   🗂️ Ordem 1 | Pedido 10 | Atividade 10722 | Item 1072 | 10.00 unidades/gramas | 06:33 → 06:36
🔹 Andar 0, Nível 2 (índice 1):
   🗂️ Ordem 1 | Pedido 11 | Atividade 10594 | Item 1059 | 10.00 unidades/gramas | 07:36 → 07:40
   🗂️ Ordem 1 | Pedido 11 | Atividade 10592 | Item 1059 | 10.00 unidades/gramas | 06:33 → 06:36
🔹 Andar 0, Nível 3 (índice 2):
   🗂️ Ordem 1 | Pedido 12 | Atividade 10734 | Item 1073 | 10.00 unidades/gramas | 07:36 → 07:40
   🗂️ Ordem 1 | Pedido 12 | Atividade 10732 | Item 1073 | 10.00 unidades/gramas | 06:33 → 06:36

----------------------------------------
🔍 ANÁLISE:
   ⏰ Período de uso: 06:33 - 07:40

============================================================

🔧 Armário Esqueleto 2 (ArmarioEsqueleto)
============================================================

📋 OCUPAÇÕES REGISTRADAS:
----------------------------------------
==============================================
📅 Agenda do Armário Esqueleto 2
📊 Total: 1 andares × 25 níveis = 25 níveis de tela
==============================================
🔹 Nenhuma ocupação registrada em nenhum nível.

----------------------------------------

============================================================

🔧 Armário Fermentador 1 (ArmarioFermentador)
============================================================

📋 OCUPAÇÕES REGISTRADAS:
----------------------------------------
==============================================
📅 Agenda do Armário Fermentador 1
📊 Total: 1 andares × 25 níveis = 25 níveis de tela
==============================================
🔹 Andar 0, Nível 1 (índice 0):
   🗂️ Ordem 1 | Pedido 1 | Atividade 10015 | Item 1001 | 30.00 unidades/gramas | 03:26 → 06:26
   🗂️ Ordem 1 | Pedido 2 | Atividade 10024 | Item 1002 | 20.00 unidades/gramas | 03:53 → 06:23
🔹 Andar 0, Nível 2 (índice 1):
   🗂️ Ordem 1 | Pedido 1 | Atividade 10015 | Item 1001 | 30.00 unidades/gramas | 03:26 → 06:26
   🗂️ Ordem 1 | Pedido 2 | Atividade 10024 | Item 1002 | 20.00 unidades/gramas | 03:53 → 06:23
🔹 Andar 0, Nível 3 (índice 2):
   🗂️ Ordem 1 | Pedido 1 | Atividade 10015 | Item 1001 | 30.00 unidades/gramas | 03:26 → 06:26
   🗂️ Ordem 1 | Pedido 2 | Atividade 10024 | Item 1002 | 20.00 unidades/gramas | 03:53 → 06:23
🔹 Andar 0, Nível 4 (índice 3):
   🗂️ Ordem 1 | Pedido 1 | Atividade 10015 | Item 1001 | 30.00 unidades/gramas | 03:26 → 06:26
   🗂️ Ordem 1 | Pedido 2 | Atividade 10024 | Item 1002 | 20.00 unidades/gramas | 03:53 → 06:23
🔹 Andar 0, Nível 5 (índice 4):
   🗂️ Ordem 1 | Pedido 1 | Atividade 10015 | Item 1001 | 30.00 unidades/gramas | 03:26 → 06:26
   🗂️ Ordem 1 | Pedido 2 | Atividade 10024 | Item 1002 | 20.00 unidades/gramas | 03:53 → 06:23
🔹 Andar 0, Nível 6 (índice 5):
   🗂️ Ordem 1 | Pedido 1 | Atividade 10015 | Item 1001 | 30.00 unidades/gramas | 03:26 → 06:26
   🗂️ Ordem 1 | Pedido 2 | Atividade 10024 | Item 1002 | 20.00 unidades/gramas | 03:53 → 06:23
🔹 Andar 0, Nível 7 (índice 6):
   🗂️ Ordem 1 | Pedido 1 | Atividade 10015 | Item 1001 | 30.00 unidades/gramas | 03:26 → 06:26
   🗂️ Ordem 1 | Pedido 3 | Atividade 10034 | Item 1003 | 5.00 unidades/gramas | 03:58 → 06:28
🔹 Andar 0, Nível 8 (índice 7):
   🗂️ Ordem 1 | Pedido 1 | Atividade 10015 | Item 1001 | 30.00 unidades/gramas | 03:26 → 06:26
   🗂️ Ordem 1 | Pedido 3 | Atividade 10034 | Item 1003 | 5.00 unidades/gramas | 03:58 → 06:28
🔹 Andar 0, Nível 9 (índice 8):
   🗂️ Ordem 1 | Pedido 1 | Atividade 10015 | Item 1001 | 30.00 unidades/gramas | 03:26 → 06:26
   🗂️ Ordem 1 | Pedido 3 | Atividade 10034 | Item 1003 | 5.00 unidades/gramas | 03:58 → 06:28
🔹 Andar 0, Nível 10 (índice 9):
   🗂️ Ordem 1 | Pedido 1 | Atividade 10015 | Item 1001 | 30.00 unidades/gramas | 03:26 → 06:26
   🗂️ Ordem 1 | Pedido 3 | Atividade 10034 | Item 1003 | 5.00 unidades/gramas | 03:58 → 06:28
🔹 Andar 0, Nível 11 (índice 10):
   🗂️ Ordem 1 | Pedido 1 | Atividade 10015 | Item 1001 | 30.00 unidades/gramas | 03:26 → 06:26
🔹 Andar 0, Nível 12 (índice 11):
   🗂️ Ordem 1 | Pedido 1 | Atividade 10015 | Item 1001 | 30.00 unidades/gramas | 03:26 → 06:26
🔹 Andar 0, Nível 13 (índice 12):
   🗂️ Ordem 1 | Pedido 1 | Atividade 10015 | Item 1001 | 30.00 unidades/gramas | 03:26 → 06:26
🔹 Andar 0, Nível 14 (índice 13):
   🗂️ Ordem 1 | Pedido 1 | Atividade 10015 | Item 1001 | 30.00 unidades/gramas | 03:26 → 06:26
🔹 Andar 0, Nível 15 (índice 14):
   🗂️ Ordem 1 | Pedido 1 | Atividade 10015 | Item 1001 | 30.00 unidades/gramas | 03:26 → 06:26
🔹 Andar 0, Nível 16 (índice 15):
   🗂️ Ordem 1 | Pedido 4 | Atividade 10045 | Item 1004 | 5.00 unidades/gramas | 04:03 → 06:33
🔹 Andar 0, Nível 17 (índice 16):
   🗂️ Ordem 1 | Pedido 4 | Atividade 10045 | Item 1004 | 5.00 unidades/gramas | 04:03 → 06:33
🔹 Andar 0, Nível 18 (índice 17):
   🗂️ Ordem 1 | Pedido 4 | Atividade 10045 | Item 1004 | 5.00 unidades/gramas | 04:03 → 06:33
🔹 Andar 0, Nível 19 (índice 18):
   🗂️ Ordem 1 | Pedido 4 | Atividade 10045 | Item 1004 | 5.00 unidades/gramas | 04:03 → 06:33
🔹 Andar 0, Nível 20 (índice 19):
   🗂️ Ordem 1 | Pedido 5 | Atividade 10054 | Item 1005 | 5.00 unidades/gramas | 05:03 → 06:33
🔹 Andar 0, Nível 21 (índice 20):
   🗂️ Ordem 1 | Pedido 5 | Atividade 10054 | Item 1005 | 5.00 unidades/gramas | 05:03 → 06:33
🔹 Andar 0, Nível 22 (índice 21):
   🗂️ Ordem 1 | Pedido 5 | Atividade 10054 | Item 1005 | 5.00 unidades/gramas | 05:03 → 06:33

----------------------------------------
🔍 ANÁLISE:
   ⏰ Período de uso: 03:26 - 06:33

============================================================

🔧 Armário Fermentador 2 (ArmarioFermentador)
============================================================

📋 OCUPAÇÕES REGISTRADAS:
----------------------------------------
==============================================
📅 Agenda do Armário Fermentador 2
📊 Total: 1 andares × 25 níveis = 25 níveis de tela
==============================================
🔹 Nenhuma ocupação registrada em nenhum nível.

----------------------------------------

============================================================

🔧 Armário Fermentador 3 (ArmarioFermentador)
============================================================

📋 OCUPAÇÕES REGISTRADAS:
----------------------------------------
==============================================
📅 Agenda do Armário Fermentador 3
📊 Total: 1 andares × 25 níveis = 25 níveis de tela
==============================================
🔹 Andar 0, Nível 1 (índice 0):
   🗂️ Ordem 1 | Pedido 1 | Atividade 10018 | Item 1001 | 30.00 unidades/gramas | 06:54 → 07:00
   🗂️ Ordem 1 | Pedido 2 | Atividade 10028 | Item 1002 | 20.00 unidades/gramas | 06:50 → 06:50
🔹 Andar 0, Nível 2 (índice 1):
   🗂️ Ordem 1 | Pedido 1 | Atividade 10018 | Item 1001 | 30.00 unidades/gramas | 06:54 → 07:00
   🗂️ Ordem 1 | Pedido 2 | Atividade 10028 | Item 1002 | 20.00 unidades/gramas | 06:50 → 06:50
🔹 Andar 0, Nível 3 (índice 2):
   🗂️ Ordem 1 | Pedido 1 | Atividade 10018 | Item 1001 | 30.00 unidades/gramas | 06:54 → 07:00
   🗂️ Ordem 1 | Pedido 2 | Atividade 10028 | Item 1002 | 20.00 unidades/gramas | 06:50 → 06:50
🔹 Andar 0, Nível 4 (índice 3):
   🗂️ Ordem 1 | Pedido 1 | Atividade 10018 | Item 1001 | 30.00 unidades/gramas | 06:54 → 07:00
   🗂️ Ordem 1 | Pedido 2 | Atividade 10028 | Item 1002 | 20.00 unidades/gramas | 06:50 → 06:50
🔹 Andar 0, Nível 5 (índice 4):
   🗂️ Ordem 1 | Pedido 1 | Atividade 10018 | Item 1001 | 30.00 unidades/gramas | 06:54 → 07:00
   🗂️ Ordem 1 | Pedido 2 | Atividade 10028 | Item 1002 | 20.00 unidades/gramas | 06:50 → 06:50
🔹 Andar 0, Nível 6 (índice 5):
   🗂️ Ordem 1 | Pedido 1 | Atividade 10018 | Item 1001 | 30.00 unidades/gramas | 06:54 → 07:00
   🗂️ Ordem 1 | Pedido 2 | Atividade 10028 | Item 1002 | 20.00 unidades/gramas | 06:50 → 06:50
🔹 Andar 0, Nível 7 (índice 6):
   🗂️ Ordem 1 | Pedido 1 | Atividade 10018 | Item 1001 | 30.00 unidades/gramas | 06:54 → 07:00
   🗂️ Ordem 1 | Pedido 2 | Atividade 10027 | Item 1002 | 20.00 unidades/gramas | 06:47 → 06:50
   🗂️ Ordem 1 | Pedido 3 | Atividade 10037 | Item 1003 | 5.00 unidades/gramas | 06:52 → 06:55
🔹 Andar 0, Nível 8 (índice 7):
   🗂️ Ordem 1 | Pedido 1 | Atividade 10018 | Item 1001 | 30.00 unidades/gramas | 06:54 → 07:00
   🗂️ Ordem 1 | Pedido 2 | Atividade 10027 | Item 1002 | 20.00 unidades/gramas | 06:47 → 06:50
   🗂️ Ordem 1 | Pedido 3 | Atividade 10037 | Item 1003 | 5.00 unidades/gramas | 06:52 → 06:55
🔹 Andar 0, Nível 9 (índice 8):
   🗂️ Ordem 1 | Pedido 1 | Atividade 10018 | Item 1001 | 30.00 unidades/gramas | 06:54 → 07:00
   🗂️ Ordem 1 | Pedido 2 | Atividade 10027 | Item 1002 | 20.00 unidades/gramas | 06:47 → 06:50
   🗂️ Ordem 1 | Pedido 3 | Atividade 10037 | Item 1003 | 5.00 unidades/gramas | 06:52 → 06:55
🔹 Andar 0, Nível 10 (índice 9):
   🗂️ Ordem 1 | Pedido 1 | Atividade 10018 | Item 1001 | 30.00 unidades/gramas | 06:54 → 07:00
   🗂️ Ordem 1 | Pedido 2 | Atividade 10027 | Item 1002 | 20.00 unidades/gramas | 06:47 → 06:50
   🗂️ Ordem 1 | Pedido 3 | Atividade 10037 | Item 1003 | 5.00 unidades/gramas | 06:52 → 06:55
🔹 Andar 0, Nível 11 (índice 10):
   🗂️ Ordem 1 | Pedido 1 | Atividade 10018 | Item 1001 | 30.00 unidades/gramas | 06:54 → 07:00
   🗂️ Ordem 1 | Pedido 2 | Atividade 10027 | Item 1002 | 20.00 unidades/gramas | 06:47 → 06:50
🔹 Andar 0, Nível 12 (índice 11):
   🗂️ Ordem 1 | Pedido 1 | Atividade 10018 | Item 1001 | 30.00 unidades/gramas | 06:54 → 07:00
   🗂️ Ordem 1 | Pedido 2 | Atividade 10027 | Item 1002 | 20.00 unidades/gramas | 06:47 → 06:50
🔹 Andar 0, Nível 13 (índice 12):
   🗂️ Ordem 1 | Pedido 1 | Atividade 10018 | Item 1001 | 30.00 unidades/gramas | 06:54 → 07:00
🔹 Andar 0, Nível 14 (índice 13):
   🗂️ Ordem 1 | Pedido 1 | Atividade 10018 | Item 1001 | 30.00 unidades/gramas | 06:54 → 07:00
🔹 Andar 0, Nível 15 (índice 14):
   🗂️ Ordem 1 | Pedido 1 | Atividade 10018 | Item 1001 | 30.00 unidades/gramas | 06:54 → 07:00
🔹 Andar 0, Nível 16 (índice 15):
   🗂️ Ordem 1 | Pedido 3 | Atividade 10038 | Item 1003 | 5.00 unidades/gramas | 06:55 → 06:55
   🗂️ Ordem 1 | Pedido 4 | Atividade 10048 | Item 1004 | 5.00 unidades/gramas | 06:57 → 07:00
🔹 Andar 0, Nível 17 (índice 16):
   🗂️ Ordem 1 | Pedido 3 | Atividade 10038 | Item 1003 | 5.00 unidades/gramas | 06:55 → 06:55
   🗂️ Ordem 1 | Pedido 4 | Atividade 10048 | Item 1004 | 5.00 unidades/gramas | 06:57 → 07:00
🔹 Andar 0, Nível 18 (índice 17):
   🗂️ Ordem 1 | Pedido 3 | Atividade 10038 | Item 1003 | 5.00 unidades/gramas | 06:55 → 06:55
   🗂️ Ordem 1 | Pedido 4 | Atividade 10048 | Item 1004 | 5.00 unidades/gramas | 06:57 → 07:00
🔹 Andar 0, Nível 19 (índice 18):
   🗂️ Ordem 1 | Pedido 3 | Atividade 10038 | Item 1003 | 5.00 unidades/gramas | 06:55 → 06:55
   🗂️ Ordem 1 | Pedido 4 | Atividade 10048 | Item 1004 | 5.00 unidades/gramas | 06:57 → 07:00
🔹 Andar 0, Nível 20 (índice 19):
   🗂️ Ordem 1 | Pedido 5 | Atividade 10057 | Item 1005 | 5.00 unidades/gramas | 06:57 → 07:00
🔹 Andar 0, Nível 21 (índice 20):
   🗂️ Ordem 1 | Pedido 5 | Atividade 10057 | Item 1005 | 5.00 unidades/gramas | 06:57 → 07:00
🔹 Andar 0, Nível 22 (índice 21):
   🗂️ Ordem 1 | Pedido 5 | Atividade 10057 | Item 1005 | 5.00 unidades/gramas | 06:57 → 07:00

----------------------------------------
🔍 ANÁLISE:
   ⏰ Período de uso: 06:47 - 07:00

============================================================

🔧 Armário Fermentador 4 (ArmarioFermentador)
============================================================

📋 OCUPAÇÕES REGISTRADAS:
----------------------------------------
==============================================
📅 Agenda do Armário Fermentador 4
📊 Total: 1 andares × 25 níveis = 25 níveis de tela
==============================================
🔹 Nenhuma ocupação registrada em nenhum nível.

----------------------------------------

============================================================

🔧 Divisoras de Massas 1 (DivisoraDeMassas)
============================================================

📋 OCUPAÇÕES REGISTRADAS:
----------------------------------------
==============================================
📅 Agenda da Divisoras de Massas 1
==============================================
🔪 Ordem 1 | Pedido 1 | Atividade 10012 | Item 1001 | 1950.00g | Boleadora: Não | 02:24 → 02:32
🔪 Ordem 1 | Pedido 4 | Atividade 10042 | Item 1004 | 1950.00g | Boleadora: Não | 03:32 → 03:36

----------------------------------------
🔍 ANÁLISE:
   ⚖️ Total processado: 1950.0g em 1 operação(ões)
   ⏰ Período de uso: 02:24 - 03:36

============================================================

🔧 Divisoras de Massas 2 (DivisoraDeMassas)
============================================================

📋 OCUPAÇÕES REGISTRADAS:
----------------------------------------
==============================================
📅 Agenda da Divisoras de Massas 2
==============================================
🔪 Ordem 1 | Pedido 2 | Atividade 10022 | Item 1002 | 1950.00g | Boleadora: Não | 03:42 → 03:46

----------------------------------------
🔍 ANÁLISE:
   ⚖️ Total processado: 1950.0g em 1 operação(ões)
   ⏰ Período de uso: 03:42 - 03:46

============================================================

🔧 Modeladora de Pães 1 (ModeladoraDePaes)
============================================================

📋 OCUPAÇÕES REGISTRADAS:
----------------------------------------
==============================================
📅 Histórico da Modeladora de Pães 1
🔧 Capacidade: 30-35 unidades/min
==============================================
🍞 Ordem 1 | Pedido 3 | Atividade 10032 | Item 1003 | Quantidade: 20 unidades | 03:47 → 03:51
🍞 Ordem 1 | Pedido 1 | Atividade 10013 | Item 1001 | Quantidade: 450 unidades | 02:40 → 03:00
🍞 Ordem 1 | Pedido 4 | Atividade 10043 | Item 1004 | Quantidade: 20 unidades | 03:40 → 03:50

----------------------------------------
🔍 ANÁLISE:
   ⏰ Período de uso: 02:40 - 03:51

============================================================

🔧 Modeladora de Pães 2 (ModeladoraDePaes)
============================================================

📋 OCUPAÇÕES REGISTRADAS:
----------------------------------------
==============================================
📅 Histórico da Modeladora de Pães 2
🔧 Capacidade: 60-120 unidades/min
==============================================
🔹 Nenhum registro encontrado.

----------------------------------------

============================================================

🔧 Modeladora de salgados (ModeladoraDeSalgados)
============================================================

📋 OCUPAÇÕES REGISTRADAS:
----------------------------------------
==============================================
📅 Histórico da Modeladora de salgados
🔧 Capacidade: 9-83 unidades/min
==============================================
🔹 Nenhum registro encontrado.

----------------------------------------

============================================================

🔧 Embaladora 1 (Embaladora)
============================================================

📋 OCUPAÇÕES REGISTRADAS:
----------------------------------------
==============================================
📅 Agenda da Embaladora 1 (SEMPRE DISPONÍVEL)
📊 Capacidade mínima: 1g
📊 Capacidade máxima: ILIMITADA (aceita múltiplas alocações)
==============================================

⏰ 06:50 → 07:00:
   ✉️ Ordem 1 | Pedido 2 | Atividade 10029 | Item 1002 | 500.00g | Embalagens: ['SIMPLES', 'SELADORA']
   📊 Total no período: 500.00g

⏰ 06:55 → 07:00:
   ✉️ Ordem 1 | Pedido 3 | Atividade 10039 | Item 1003 | 500.00g | Embalagens: ['SIMPLES', 'SELADORA']
   📊 Total no período: 500.00g

----------------------------------------
🔍 ANÁLISE:
   ⚖️ Total processado: 500.0g em 1 operação(ões)
   ⏰ Período de uso: 06:50 - 07:00

============================================================

🔧 Embaladora 2 (Embaladora)
============================================================

📋 OCUPAÇÕES REGISTRADAS:
----------------------------------------
==============================================
📅 Agenda da Embaladora 2 (SEMPRE DISPONÍVEL)
📊 Capacidade mínima: 1g
📊 Capacidade máxima: ILIMITADA (aceita múltiplas alocações)
==============================================
🔹 Nenhuma ocupação registrada.

----------------------------------------

============================================================

================================================================================
📊 ESTATÍSTICAS RESUMIDAS
================================================================================
📈 Total de equipamentos descobertos: 41
🔧 Equipamentos com ocupações: 41
📭 Equipamentos vazios: 0

🏷️ TIPOS DE EQUIPAMENTOS:
   • CamaraRefrigerada: 2 equipamento(s)
   • Fogao: 2 equipamento(s)
   • BalancaDigital: 4 equipamento(s)
   • Bancada: 8 equipamento(s)
   • BatedeiraPlanetaria: 2 equipamento(s)
   • BatedeiraIndustrial: 1 equipamento(s)
   • Masseira: 3 equipamento(s)
   • HotMix: 2 equipamento(s)
   • Freezer: 3 equipamento(s)
   • Fritadeira: 1 equipamento(s)
   • ArmarioEsqueleto: 2 equipamento(s)
   • ArmarioFermentador: 4 equipamento(s)
   • DivisoraDeMassas: 2 equipamento(s)
   • ModeladoraDePaes: 2 equipamento(s)
   • ModeladoraDeSalgados: 1 equipamento(s)
   • Embaladora: 2 equipamento(s)

================================================================================
📄 Fim do relatório detalhado
================================================================================