================================================================================
📅 AGENDA COMPLETA DOS EQUIPAMENTOS - OCUPAÇÕES DETALHADAS
================================================================================
Gerado em: 30/09/2025 10:36:42
Total de equipamentos: 29
Total de atividades: 144
================================================================================


🔧 Armário Esqueleto 1
==================================================
📊 Total de atividades: 6

📋 ATIVIDADES REGISTRADAS:
    1. ⏰ 06:33 [26/06] - 06:36 [26/06]
       📦 Ordem 1 | Pedido 11
       🆔 Atividade: 10592
       🏷️ Item: folhado_carne_de_sol
       🎯 preparacao_para_refrigeracao_de_folhado_de_carne_de_sol

    2. ⏰ 06:33 [26/06] - 06:36 [26/06]
       📦 Ordem 1 | Pedido 10
       🆔 Atividade: 10722
       🏷️ Item: folhado_frango
       🎯 preparacao_para_refrigeracao_de_folhado_de_frango

    3. ⏰ 06:33 [26/06] - 06:36 [26/06]
       📦 Ordem 1 | Pedido 12
       🆔 Atividade: 10732
       🏷️ Item: folhado_camarao
       🎯 preparacao_para_refrigeracao_de_folhado_de_camarao

    4. ⏰ 07:36 [26/06] - 07:40 [26/06]
       📦 Ordem 1 | Pedido 11
       🆔 Atividade: 10594
       🏷️ Item: folhado_carne_de_sol
       🎯 preparo_de_folhado_de_carne_de_sol_para_coccao

    5. ⏰ 07:36 [26/06] - 07:40 [26/06]
       📦 Ordem 1 | Pedido 10
       🆔 Atividade: 10724
       🏷️ Item: folhado_frango
       🎯 preparo_de_folhado_de_frango_para_coccao

    6. ⏰ 07:36 [26/06] - 07:40 [26/06]
       📦 Ordem 1 | Pedido 12
       🆔 Atividade: 10734
       🏷️ Item: folhado_camarao
       🎯 preparo_de_folhado_de_camarao_para_coccao


--------------------------------------------------

🔧 Armário Fermentador 1
==================================================
📊 Total de atividades: 5

📋 ATIVIDADES REGISTRADAS:
    1. ⏰ 03:26 [26/06] - 06:26 [26/06]
       📦 Ordem 1 | Pedido 1
       🆔 Atividade: 10015
       🏷️ Item: pao_frances
       🎯 fermentacao_biologica_de_pao_frances

    2. ⏰ 03:53 [25/06] - 06:23 [25/06]
       📦 Ordem 1 | Pedido 2
       🆔 Atividade: 10024
       🏷️ Item: pao_hamburguer
       🎯 fermentacao_biologica_para_pao_hamburguer

    3. ⏰ 03:58 [25/06] - 06:28 [25/06]
       📦 Ordem 1 | Pedido 3
       🆔 Atividade: 10034
       🏷️ Item: pao_de_forma
       🎯 fermentacao_biologica_de_paes_de_forma

    4. ⏰ 04:03 [26/06] - 06:33 [26/06]
       📦 Ordem 1 | Pedido 4
       🆔 Atividade: 10045
       🏷️ Item: pao_baguete
       🎯 fermentacao_biologica_de_paes_baguete

    5. ⏰ 05:03 [26/06] - 06:33 [26/06]
       📦 Ordem 1 | Pedido 5
       🆔 Atividade: 10054
       🏷️ Item: pao_tranca_de_queijo_finos
       🎯 fermentacao_biologica_de_paes_tranca_de_queijo_finos


--------------------------------------------------

🔧 Armário Fermentador 3
==================================================
📊 Total de atividades: 7

📋 ATIVIDADES REGISTRADAS:
    1. ⏰ 06:47 [25/06] - 06:50 [25/06]
       📦 Ordem 1 | Pedido 2
       🆔 Atividade: 10027
       🏷️ Item: pao_hamburguer
       🎯 retirada_de_paes_hamburguer_da_coccao

    2. ⏰ 06:50 [25/06] - 06:50 [26/06]
       📦 Ordem 1 | Pedido 2
       🆔 Atividade: 10028
       🏷️ Item: pao_hamburguer
       🎯 resfriamento_de_paes_hamburguer

    3. ⏰ 06:52 [25/06] - 06:55 [25/06]
       📦 Ordem 1 | Pedido 3
       🆔 Atividade: 10037
       🏷️ Item: pao_de_forma
       🎯 retirada_de_paes_de_forma_da_coccao

    4. ⏰ 06:54 [26/06] - 07:00 [26/06]
       📦 Ordem 1 | Pedido 1
       🆔 Atividade: 10018
       🏷️ Item: pao_frances
       🎯 retirada_de_pao_frances_da_coccao

    5. ⏰ 06:55 [25/06] - 06:55 [26/06]
       📦 Ordem 1 | Pedido 3
       🆔 Atividade: 10038
       🏷️ Item: pao_de_forma
       🎯 resfriamento_de_paes_de_forma

    6. ⏰ 06:57 [26/06] - 07:00 [26/06]
       📦 Ordem 1 | Pedido 4
       🆔 Atividade: 10048
       🏷️ Item: pao_baguete
       🎯 retirada_de_paes_baguete_da_coccao

    7. ⏰ 06:57 [26/06] - 07:00 [26/06]
       📦 Ordem 1 | Pedido 5
       🆔 Atividade: 10057
       🏷️ Item: pao_tranca_de_queijo_finos
       🎯 retirada_de_paes_tranca_de_queijo_finos_da_coccao


--------------------------------------------------

🔧 Balança Digital 1
==================================================
📊 Total de atividades: 5

📋 ATIVIDADES REGISTRADAS:
    1. ⏰ 02:12 [26/06] - 02:18 [26/06]
       📦 Ordem 1 | Pedido 1
       🆔 Atividade: 10011
       🏷️ Item: pao_frances
       🎯 pesagem_de_massas_para_pao_frances

    2. ⏰ 03:26 [26/06] - 03:29 [26/06]
       📦 Ordem 1 | Pedido 4
       🆔 Atividade: 10041
       🏷️ Item: pao_baguete
       🎯 pesagem_de_massas_para_pao_baguete

    3. ⏰ 03:36 [25/06] - 03:39 [25/06]
       📦 Ordem 1 | Pedido 2
       🆔 Atividade: 10021
       🏷️ Item: pao_hamburguer
       🎯 pesagem_de_massa_para_pao_hamburguer

    4. ⏰ 03:41 [25/06] - 03:44 [25/06]
       📦 Ordem 1 | Pedido 3
       🆔 Atividade: 10031
       🏷️ Item: pao_de_forma
       🎯 pesagem_e_divisao_de_massas_para_pao_de_forma

    5. ⏰ 04:44 [26/06] - 04:47 [26/06]
       📦 Ordem 1 | Pedido 5
       🆔 Atividade: 10051
       🏷️ Item: pao_tranca_de_queijo_finos
       🎯 pesagem_e_divisao_de_massas_para_pao_tranca_de_queijo_finos


⚖️ INFORMAÇÕES ESPECÍFICAS DA BALANÇA:
   📊 Equipamento para pesagem e medição precisa
   🎯 Atividades de controle de quantidade

--------------------------------------------------

🔧 Balança Digital 2
==================================================
📊 Total de atividades: 7

📋 ATIVIDADES REGISTRADAS:
    1. ⏰ 06:23 [26/06] - 06:33 [26/06]
       📦 Ordem 1 | Pedido 11
       🆔 Atividade: 10591
       🏷️ Item: folhado_carne_de_sol
       🎯 modelagem_e_recheio_de_folhado_de_carne_de_sol

    2. ⏰ 06:23 [26/06] - 06:33 [26/06]
       📦 Ordem 1 | Pedido 10
       🆔 Atividade: 10721
       🏷️ Item: folhado_frango
       🎯 modelagem_e_recheio_de_folhado_de_frango

    3. ⏰ 06:23 [26/06] - 06:33 [26/06]
       📦 Ordem 1 | Pedido 12
       🆔 Atividade: 10731
       🏷️ Item: folhado_camarao
       🎯 modelagem_e_recheio_de_folhado_de_camarao

    4. ⏰ 06:33 [26/06] - 06:43 [26/06]
       📦 Ordem 1 | Pedido 9
       🆔 Atividade: 10711
       🏷️ Item: coxinha_queijos_finos
       🎯 modelagem_e_recheio_de_coxinhas_de_queijos_finos

    5. ⏰ 06:33 [26/06] - 06:43 [26/06]
       📦 Ordem 1 | Pedido 7
       🆔 Atividade: 10691
       🏷️ Item: coxinha_carne_de_sol
       🎯 modelagem_e_recheio_de_coxinhas_de_carne_de_sol

    6. ⏰ 06:37 [26/06] - 06:47 [26/06]
       📦 Ordem 1 | Pedido 8
       🆔 Atividade: 10701
       🏷️ Item: coxinha_camarao
       🎯 modelagem_e_recheio_de_coxinhas_de_camarao

    7. ⏰ 06:37 [26/06] - 06:47 [26/06]
       📦 Ordem 1 | Pedido 6
       🆔 Atividade: 10551
       🏷️ Item: coxinha_frango
       🎯 modelagem_e_recheio_de_coxinhas_de_frango


⚖️ INFORMAÇÕES ESPECÍFICAS DA BALANÇA:
   📊 Equipamento para pesagem e medição precisa
   🎯 Atividades de controle de quantidade

--------------------------------------------------

🔧 Balança Digital 4
==================================================
📊 Total de atividades: 5

📋 ATIVIDADES REGISTRADAS:
    1. ⏰ 05:25 [26/06] - 05:30 [26/06]
       📦 Ordem 1 | Pedido 11
       🆔 Atividade: 20082
       🏷️ Item: carne_de_sol_refogada
       🎯 preparo_para_armazenamento_de_carne_de_sol_refogada

    2. ⏰ 05:35 [26/06] - 05:40 [26/06]
       📦 Ordem 1 | Pedido 7
       🆔 Atividade: 20082
       🏷️ Item: carne_de_sol_refogada
       🎯 preparo_para_armazenamento_de_carne_de_sol_refogada

    3. ⏰ 06:00 [26/06] - 06:08 [26/06]
       📦 Ordem 1 | Pedido 12
       🆔 Atividade: 20113
       🏷️ Item: creme_de_camarao
       🎯 preparo_para_armazenamento_creme_de_camarao

    4. ⏰ 06:14 [26/06] - 06:22 [26/06]
       📦 Ordem 1 | Pedido 8
       🆔 Atividade: 20113
       🏷️ Item: creme_de_camarao
       🎯 preparo_para_armazenamento_creme_de_camarao

    5. ⏰ 06:14 [26/06] - 06:24 [26/06]
       📦 Ordem 1 | Pedido 6
       🆔 Atividade: 20093
       🏷️ Item: frango_refogado
       🎯 preparo_para_armazenamento_de_frango_refogado


⚖️ INFORMAÇÕES ESPECÍFICAS DA BALANÇA:
   📊 Equipamento para pesagem e medição precisa
   🎯 Atividades de controle de quantidade

--------------------------------------------------

🔧 Bancada 1
==================================================
📊 Total de atividades: 18

📋 ATIVIDADES REGISTRADAS:
    1. ⏰ 02:18 [26/06] - 02:24 [26/06]
       📦 Ordem 1 | Pedido 1
       🆔 Atividade: 10011
       🏷️ Item: pao_frances
       🎯 pesagem_de_massas_para_pao_frances

    2. ⏰ 02:32 [26/06] - 02:40 [26/06]
       📦 Ordem 1 | Pedido 1
       🆔 Atividade: 10012
       🏷️ Item: pao_frances
       🎯 divisao_de_massas_para_pao_frances

    3. ⏰ 03:00 [26/06] - 03:20 [26/06]
       📦 Ordem 1 | Pedido 1
       🆔 Atividade: 10013
       🏷️ Item: pao_frances
       🎯 modelagem_de_pao_frances

    4. ⏰ 03:20 [26/06] - 03:26 [26/06]
       📦 Ordem 1 | Pedido 1
       🆔 Atividade: 10014
       🏷️ Item: pao_frances
       🎯 preparo_de_massas_para_pao_frances_para_fermentacao

    5. ⏰ 03:29 [26/06] - 03:32 [26/06]
       📦 Ordem 1 | Pedido 4
       🆔 Atividade: 10041
       🏷️ Item: pao_baguete
       🎯 pesagem_de_massas_para_pao_baguete

    6. ⏰ 03:36 [26/06] - 03:40 [26/06]
       📦 Ordem 1 | Pedido 4
       🆔 Atividade: 10042
       🏷️ Item: pao_baguete
       🎯 divisao_de_massas_para_pao_baguete

    7. ⏰ 03:39 [25/06] - 03:42 [25/06]
       📦 Ordem 1 | Pedido 2
       🆔 Atividade: 10021
       🏷️ Item: pao_hamburguer
       🎯 pesagem_de_massa_para_pao_hamburguer

    8. ⏰ 03:44 [25/06] - 03:47 [25/06]
       📦 Ordem 1 | Pedido 3
       🆔 Atividade: 10031
       🏷️ Item: pao_de_forma
       🎯 pesagem_e_divisao_de_massas_para_pao_de_forma

    9. ⏰ 03:46 [25/06] - 03:50 [25/06]
       📦 Ordem 1 | Pedido 2
       🆔 Atividade: 10022
       🏷️ Item: pao_hamburguer
       🎯 divisao_e_modelagem_de_massas_para_pao_hamburguer

   10. ⏰ 03:50 [25/06] - 03:53 [25/06]
       📦 Ordem 1 | Pedido 2
       🆔 Atividade: 10023
       🏷️ Item: pao_hamburguer
       🎯 preparo_de_paes_hamburguer_para_fermentacao

   11. ⏰ 03:50 [26/06] - 04:00 [26/06]
       📦 Ordem 1 | Pedido 4
       🆔 Atividade: 10043
       🏷️ Item: pao_baguete
       🎯 modelagem_de_paes_baguete

   12. ⏰ 03:51 [25/06] - 03:55 [25/06]
       📦 Ordem 1 | Pedido 3
       🆔 Atividade: 10032
       🏷️ Item: pao_de_forma
       🎯 modelagem_de_paes_de_forma

   13. ⏰ 03:55 [25/06] - 03:58 [25/06]
       📦 Ordem 1 | Pedido 3
       🆔 Atividade: 10033
       🏷️ Item: pao_de_forma
       🎯 preparo_de_paes_de_forma_para_fermentacao

   14. ⏰ 04:00 [26/06] - 04:03 [26/06]
       📦 Ordem 1 | Pedido 4
       🆔 Atividade: 10044
       🏷️ Item: pao_baguete
       🎯 preparo_de_pao_baguete_para_fermentacao

   15. ⏰ 04:47 [26/06] - 04:50 [26/06]
       📦 Ordem 1 | Pedido 5
       🆔 Atividade: 10051
       🏷️ Item: pao_tranca_de_queijo_finos
       🎯 pesagem_e_divisao_de_massas_para_pao_tranca_de_queijo_finos

   16. ⏰ 04:50 [26/06] - 05:00 [26/06]
       📦 Ordem 1 | Pedido 5
       🆔 Atividade: 10052
       🏷️ Item: pao_tranca_de_queijo_finos
       🎯 modelagem_e_recheio_de_paes_tranca_de_queijo_finos

   17. ⏰ 05:00 [26/06] - 05:03 [26/06]
       📦 Ordem 1 | Pedido 5
       🆔 Atividade: 10053
       🏷️ Item: pao_tranca_de_queijo_finos
       🎯 preparo_de_pao_tranca_de_queijo_finos_para_fermentacao

   18. ⏰ 06:26 [26/06] - 06:34 [26/06]
       📦 Ordem 1 | Pedido 1
       🆔 Atividade: 10016
       🏷️ Item: pao_frances
       🎯 corte_de_pestana_para_pao_frances


🛠️ INFORMAÇÕES ESPECÍFICAS DA BANCADA:
   📐 Equipamento com frações para múltiplas atividades simultâneas
   ⚡ Atividades simultâneas detectadas: 6 casos

--------------------------------------------------

🔧 Bancada 2
==================================================
📊 Total de atividades: 1

📋 ATIVIDADES REGISTRADAS:
    1. ⏰ 06:33 [26/06] - 06:37 [26/06]
       📦 Ordem 1 | Pedido 4
       🆔 Atividade: 10046
       🏷️ Item: pao_baguete
       🎯 corte_de_pestana_para_paes_baguete


🛠️ INFORMAÇÕES ESPECÍFICAS DA BANCADA:
   📐 Equipamento com frações para múltiplas atividades simultâneas
   📝 Atividades executadas sequencialmente

--------------------------------------------------

🔧 Bancada 4
==================================================
📊 Total de atividades: 3

📋 ATIVIDADES REGISTRADAS:
    1. ⏰ 04:44 [26/06] - 04:56 [26/06]
       📦 Ordem 1 | Pedido 11
       🆔 Atividade: 20042
       🏷️ Item: massa_para_folhados
       🎯 laminacao_1_de_massas_para_folhados

    2. ⏰ 05:56 [26/06] - 06:08 [26/06]
       📦 Ordem 1 | Pedido 11
       🆔 Atividade: 20044
       🏷️ Item: massa_para_folhados
       🎯 laminacao_2_de_massas_para_folhados

    3. ⏰ 06:13 [26/06] - 06:23 [26/06]
       📦 Ordem 1 | Pedido 12
       🆔 Atividade: 10731
       🏷️ Item: folhado_camarao
       🎯 modelagem_e_recheio_de_folhado_de_camarao


🛠️ INFORMAÇÕES ESPECÍFICAS DA BANCADA:
   📐 Equipamento com frações para múltiplas atividades simultâneas
   📝 Atividades executadas sequencialmente

--------------------------------------------------

🔧 Bancada 5
==================================================
📊 Total de atividades: 5

📋 ATIVIDADES REGISTRADAS:
    1. ⏰ 04:44 [26/06] - 04:56 [26/06]
       📦 Ordem 1 | Pedido 12
       🆔 Atividade: 20042
       🏷️ Item: massa_para_folhados
       🎯 laminacao_1_de_massas_para_folhados

    2. ⏰ 05:56 [26/06] - 06:08 [26/06]
       📦 Ordem 1 | Pedido 12
       🆔 Atividade: 20044
       🏷️ Item: massa_para_folhados
       🎯 laminacao_2_de_massas_para_folhados

    3. ⏰ 06:13 [26/06] - 06:23 [26/06]
       📦 Ordem 1 | Pedido 10
       🆔 Atividade: 10721
       🏷️ Item: folhado_frango
       🎯 modelagem_e_recheio_de_folhado_de_frango

    4. ⏰ 06:23 [26/06] - 06:33 [26/06]
       📦 Ordem 1 | Pedido 7
       🆔 Atividade: 10691
       🏷️ Item: coxinha_carne_de_sol
       🎯 modelagem_e_recheio_de_coxinhas_de_carne_de_sol

    5. ⏰ 06:46 [26/06] - 06:49 [26/06]
       📦 Ordem 1 | Pedido 7
       🆔 Atividade: 10693
       🏷️ Item: coxinha_carne_de_sol
       🎯 preparacao_para_refrigeracao_de_coxinha_de_carne_de_sol


🛠️ INFORMAÇÕES ESPECÍFICAS DA BANCADA:
   📐 Equipamento com frações para múltiplas atividades simultâneas
   📝 Atividades executadas sequencialmente

--------------------------------------------------

🔧 Bancada 6
==================================================
📊 Total de atividades: 17

📋 ATIVIDADES REGISTRADAS:
    1. ⏰ 04:44 [26/06] - 04:56 [26/06]
       📦 Ordem 1 | Pedido 10
       🆔 Atividade: 20042
       🏷️ Item: massa_para_folhados
       🎯 laminacao_1_de_massas_para_folhados

    2. ⏰ 05:56 [26/06] - 06:08 [26/06]
       📦 Ordem 1 | Pedido 10
       🆔 Atividade: 20044
       🏷️ Item: massa_para_folhados
       🎯 laminacao_2_de_massas_para_folhados

    3. ⏰ 06:13 [26/06] - 06:23 [26/06]
       📦 Ordem 1 | Pedido 11
       🆔 Atividade: 10591
       🏷️ Item: folhado_carne_de_sol
       🎯 modelagem_e_recheio_de_folhado_de_carne_de_sol

    4. ⏰ 06:23 [26/06] - 06:33 [26/06]
       📦 Ordem 1 | Pedido 9
       🆔 Atividade: 10711
       🏷️ Item: coxinha_queijos_finos
       🎯 modelagem_e_recheio_de_coxinhas_de_queijos_finos

    5. ⏰ 06:27 [26/06] - 06:37 [26/06]
       📦 Ordem 1 | Pedido 8
       🆔 Atividade: 10701
       🏷️ Item: coxinha_camarao
       🎯 modelagem_e_recheio_de_coxinhas_de_camarao

    6. ⏰ 06:27 [26/06] - 06:37 [26/06]
       📦 Ordem 1 | Pedido 6
       🆔 Atividade: 10551
       🏷️ Item: coxinha_frango
       🎯 modelagem_e_recheio_de_coxinhas_de_frango

    7. ⏰ 06:43 [26/06] - 06:46 [26/06]
       📦 Ordem 1 | Pedido 9
       🆔 Atividade: 10712
       🏷️ Item: coxinha_queijos_finos
       🎯 empanamento_de_coxinhas_de_queijos_finos

    8. ⏰ 06:43 [26/06] - 06:46 [26/06]
       📦 Ordem 1 | Pedido 7
       🆔 Atividade: 10692
       🏷️ Item: coxinha_carne_de_sol
       🎯 empanamento_de_coxinhas_de_carne_de_sol

    9. ⏰ 06:46 [26/06] - 06:49 [26/06]
       📦 Ordem 1 | Pedido 9
       🆔 Atividade: 10713
       🏷️ Item: coxinha_queijos_finos
       🎯 preparacao_para_refrigeracao_de_coxinha_de_queijos_finos

   10. ⏰ 06:47 [26/06] - 06:50 [26/06]
       📦 Ordem 1 | Pedido 8
       🆔 Atividade: 10702
       🏷️ Item: coxinha_camarao
       🎯 empanamento_de_coxinhas_de_camarao

   11. ⏰ 06:47 [26/06] - 06:50 [26/06]
       📦 Ordem 1 | Pedido 6
       🆔 Atividade: 10552
       🏷️ Item: coxinha_frango
       🎯 empanamento_de_coxinhas_de_frango

   12. ⏰ 06:50 [26/06] - 06:53 [26/06]
       📦 Ordem 1 | Pedido 8
       🆔 Atividade: 10703
       🏷️ Item: coxinha_camarao
       🎯 preparacao_para_refrigeracao_de_coxinha_de_camarao

   13. ⏰ 06:50 [26/06] - 06:53 [26/06]
       📦 Ordem 1 | Pedido 6
       🆔 Atividade: 10553
       🏷️ Item: coxinha_frango
       🎯 preparacao_para_refrigeracao_de_coxinha_de_frango

   14. ⏰ 07:49 [26/06] - 07:52 [26/06]
       📦 Ordem 1 | Pedido 9
       🆔 Atividade: 10715
       🏷️ Item: coxinha_queijos_finos
       🎯 preparacao_para_fritura_de_coxinha_de_queijos_finos

   15. ⏰ 07:49 [26/06] - 07:52 [26/06]
       📦 Ordem 1 | Pedido 7
       🆔 Atividade: 10695
       🏷️ Item: coxinha_carne_de_sol
       🎯 preparacao_para_fritura_de_coxinha_de_carne_de_sol

   16. ⏰ 07:53 [26/06] - 07:56 [26/06]
       📦 Ordem 1 | Pedido 8
       🆔 Atividade: 10705
       🏷️ Item: coxinha_camarao
       🎯 preparacao_para_fritura_de_coxinha_de_camarao

   17. ⏰ 07:53 [26/06] - 07:56 [26/06]
       📦 Ordem 1 | Pedido 6
       🆔 Atividade: 10555
       🏷️ Item: coxinha_frango
       🎯 preparacao_para_fritura_de_coxinha_de_frango


🛠️ INFORMAÇÕES ESPECÍFICAS DA BANCADA:
   📐 Equipamento com frações para múltiplas atividades simultâneas
   ⚡ Atividades simultâneas detectadas: 10 casos

--------------------------------------------------

🔧 Bancada 7
==================================================
📊 Total de atividades: 8

📋 ATIVIDADES REGISTRADAS:
    1. ⏰ 05:20 [26/06] - 05:25 [26/06]
       📦 Ordem 1 | Pedido 11
       🆔 Atividade: 20082
       🏷️ Item: carne_de_sol_refogada
       🎯 preparo_para_armazenamento_de_carne_de_sol_refogada

    2. ⏰ 05:22 [26/06] - 05:32 [26/06]
       📦 Ordem 1 | Pedido 12
       🆔 Atividade: 20111
       🏷️ Item: creme_de_camarao
       🎯 preparo_para_coccao_de_creme_de_camarao

    3. ⏰ 05:30 [26/06] - 05:35 [26/06]
       📦 Ordem 1 | Pedido 7
       🆔 Atividade: 20082
       🏷️ Item: carne_de_sol_refogada
       🎯 preparo_para_armazenamento_de_carne_de_sol_refogada

    4. ⏰ 05:36 [26/06] - 05:46 [26/06]
       📦 Ordem 1 | Pedido 8
       🆔 Atividade: 20111
       🏷️ Item: creme_de_camarao
       🎯 preparo_para_coccao_de_creme_de_camarao

    5. ⏰ 05:46 [26/06] - 05:54 [26/06]
       📦 Ordem 1 | Pedido 6
       🆔 Atividade: 20091
       🏷️ Item: frango_refogado
       🎯 preparo_para_coccao_de_frango_cozido_pronto

    6. ⏰ 05:52 [26/06] - 06:00 [26/06]
       📦 Ordem 1 | Pedido 12
       🆔 Atividade: 20113
       🏷️ Item: creme_de_camarao
       🎯 preparo_para_armazenamento_creme_de_camarao

    7. ⏰ 06:04 [26/06] - 06:14 [26/06]
       📦 Ordem 1 | Pedido 6
       🆔 Atividade: 20093
       🏷️ Item: frango_refogado
       🎯 preparo_para_armazenamento_de_frango_refogado

    8. ⏰ 06:06 [26/06] - 06:14 [26/06]
       📦 Ordem 1 | Pedido 8
       🆔 Atividade: 20113
       🏷️ Item: creme_de_camarao
       🎯 preparo_para_armazenamento_creme_de_camarao


🛠️ INFORMAÇÕES ESPECÍFICAS DA BANCADA:
   📐 Equipamento com frações para múltiplas atividades simultâneas
   ⚡ Atividades simultâneas detectadas: 4 casos

--------------------------------------------------

🔧 Câmara Refrigerada 1
==================================================
📊 Total de atividades: 3

📋 ATIVIDADES REGISTRADAS:
    1. ⏰ 06:36 [26/06] - 07:36 [26/06]
       📦 Ordem 1 | Pedido 11
       🆔 Atividade: 10593
       🏷️ Item: folhado_carne_de_sol
       🎯 refrigeracao_de_folhado_de_carne_de_sol

    2. ⏰ 06:36 [26/06] - 07:36 [26/06]
       📦 Ordem 1 | Pedido 10
       🆔 Atividade: 10723
       🏷️ Item: folhado_frango
       🎯 refrigeracao_de_folhado_de_frango

    3. ⏰ 06:36 [26/06] - 07:36 [26/06]
       📦 Ordem 1 | Pedido 12
       🆔 Atividade: 10733
       🏷️ Item: folhado_camarao
       🎯 refrigeracao_de_folhado_de_camarao


❄️ INFORMAÇÕES ESPECÍFICAS DE REFRIGERAÇÃO:
   🌡️ Equipamento para controle de temperatura
   📦 Armazenamento com configuração específica de temperatura
   ⏱️ Duração total de ocupação: 90 minutos

--------------------------------------------------

🔧 Câmara Refrigerada 2
==================================================
📊 Total de atividades: 10

📋 ATIVIDADES REGISTRADAS:
    1. ⏰ 05:17 [26/06] - 05:20 [26/06]
       📦 Ordem 1 | Pedido 11
       🆔 Atividade: 20081
       🏷️ Item: carne_de_sol_refogada
       🎯 armazenamento_sob_temperatura_para_carne_de_sol_refogada

    2. ⏰ 05:27 [26/06] - 05:30 [26/06]
       📦 Ordem 1 | Pedido 7
       🆔 Atividade: 20081
       🏷️ Item: carne_de_sol_refogada
       🎯 armazenamento_sob_temperatura_para_carne_de_sol_refogada

    3. ⏰ 06:08 [26/06] - 06:13 [26/06]
       📦 Ordem 1 | Pedido 11
       🆔 Atividade: 20045
       🏷️ Item: massa_para_folhados
       🎯 armazenamento_sob_temperatura_para_massas_folhadas

    4. ⏰ 06:08 [26/06] - 06:13 [26/06]
       📦 Ordem 1 | Pedido 10
       🆔 Atividade: 20045
       🏷️ Item: massa_para_folhados
       🎯 armazenamento_sob_temperatura_para_massas_folhadas

    5. ⏰ 06:08 [26/06] - 06:13 [26/06]
       📦 Ordem 1 | Pedido 12
       🆔 Atividade: 20045
       🏷️ Item: massa_para_folhados
       🎯 armazenamento_sob_temperatura_para_massas_folhadas

    6. ⏰ 06:08 [26/06] - 06:13 [26/06]
       📦 Ordem 1 | Pedido 12
       🆔 Atividade: 20114
       🏷️ Item: creme_de_camarao
       🎯 armazenamento_sob_temperatura_para_creme_de_camarao

    7. ⏰ 06:10 [26/06] - 06:13 [26/06]
       📦 Ordem 1 | Pedido 11
       🆔 Atividade: 20084
       🏷️ Item: carne_de_sol_refogada
       🎯 armazenamento_sob_temperatura_para_carne_de_sol_refogada_temp_menos_17

    8. ⏰ 06:20 [26/06] - 06:23 [26/06]
       📦 Ordem 1 | Pedido 7
       🆔 Atividade: 20084
       🏷️ Item: carne_de_sol_refogada
       🎯 armazenamento_sob_temperatura_para_carne_de_sol_refogada_temp_menos_17

    9. ⏰ 06:22 [26/06] - 06:27 [26/06]
       📦 Ordem 1 | Pedido 8
       🆔 Atividade: 20114
       🏷️ Item: creme_de_camarao
       🎯 armazenamento_sob_temperatura_para_creme_de_camarao

   10. ⏰ 06:24 [26/06] - 06:27 [26/06]
       📦 Ordem 1 | Pedido 6
       🆔 Atividade: 20094
       🏷️ Item: frango_refogado
       🎯 armazenamento_sob_temperatura_para_frango_refogado


❄️ INFORMAÇÕES ESPECÍFICAS DE REFRIGERAÇÃO:
   🌡️ Equipamento para controle de temperatura
   📦 Armazenamento com configuração específica de temperatura
   ⏱️ Duração total de ocupação: 300 minutos

--------------------------------------------------

🔧 Divisoras de Massas 1
==================================================
📊 Total de atividades: 2

📋 ATIVIDADES REGISTRADAS:
    1. ⏰ 02:24 [26/06] - 02:32 [26/06]
       📦 Ordem 1 | Pedido 1
       🆔 Atividade: 10012
       🏷️ Item: pao_frances
       🎯 divisao_de_massas_para_pao_frances

    2. ⏰ 03:32 [26/06] - 03:36 [26/06]
       📦 Ordem 1 | Pedido 4
       🆔 Atividade: 10042
       🏷️ Item: pao_baguete
       🎯 divisao_de_massas_para_pao_baguete


--------------------------------------------------

🔧 Divisoras de Massas 2
==================================================
📊 Total de atividades: 1

📋 ATIVIDADES REGISTRADAS:
    1. ⏰ 03:42 [25/06] - 03:46 [25/06]
       📦 Ordem 1 | Pedido 2
       🆔 Atividade: 10022
       🏷️ Item: pao_hamburguer
       🎯 divisao_e_modelagem_de_massas_para_pao_hamburguer


--------------------------------------------------

🔧 Embaladora 1
==================================================
📊 Total de atividades: 2

📋 ATIVIDADES REGISTRADAS:
    1. ⏰ 06:50 [26/06] - 07:00 [26/06]
       📦 Ordem 1 | Pedido 2
       🆔 Atividade: 10029
       🏷️ Item: pao_hamburguer
       🎯 embalamento_de_paes_hamburguer

    2. ⏰ 06:55 [26/06] - 07:00 [26/06]
       📦 Ordem 1 | Pedido 3
       🆔 Atividade: 10039
       🏷️ Item: pao_de_forma
       🎯 embalamento_de_paes_de_forma


--------------------------------------------------

🔧 Fogão 1
==================================================
📊 Total de atividades: 5

📋 ATIVIDADES REGISTRADAS:
    1. ⏰ 05:30 [26/06] - 06:10 [26/06]
       📦 Ordem 1 | Pedido 11
       🆔 Atividade: 20083
       🏷️ Item: carne_de_sol_refogada
       🎯 coccao_de_carne_de_sol_cozida_pronta

    2. ⏰ 05:32 [26/06] - 05:52 [26/06]
       📦 Ordem 1 | Pedido 12
       🆔 Atividade: 20112
       🏷️ Item: creme_de_camarao
       🎯 coccao_de_creme_de_camarao

    3. ⏰ 05:40 [26/06] - 06:20 [26/06]
       📦 Ordem 1 | Pedido 7
       🆔 Atividade: 20083
       🏷️ Item: carne_de_sol_refogada
       🎯 coccao_de_carne_de_sol_cozida_pronta

    4. ⏰ 05:46 [26/06] - 06:06 [26/06]
       📦 Ordem 1 | Pedido 8
       🆔 Atividade: 20112
       🏷️ Item: creme_de_camarao
       🎯 coccao_de_creme_de_camarao

    5. ⏰ 05:54 [26/06] - 06:04 [26/06]
       📦 Ordem 1 | Pedido 6
       🆔 Atividade: 20092
       🏷️ Item: frango_refogado
       🎯 coccao_de_frango_cozido_pronto


🔥 INFORMAÇÕES ESPECÍFICAS DO FOGÃO:
   💡 Para detalhes de bocas específicas, consulte os logs originais do sistema
   📋 Atividades de cocção com controle individual por boca
   🔥 Atividades de cocção registradas: 5

--------------------------------------------------

🔧 Forno 1
==================================================
📊 Total de atividades: 3

📋 ATIVIDADES REGISTRADAS:
    1. ⏰ 06:27 [25/06] - 06:47 [25/06]
       📦 Ordem 1 | Pedido 2
       🆔 Atividade: 10026
       🏷️ Item: pao_hamburguer
       🎯 coccao_de_paes_de_massa_para_pao_hamburguer

    2. ⏰ 06:32 [25/06] - 06:52 [25/06]
       📦 Ordem 1 | Pedido 3
       🆔 Atividade: 10036
       🏷️ Item: pao_de_forma
       🎯 coccao_de_paes_de_forma

    3. ⏰ 06:34 [26/06] - 06:54 [26/06]
       📦 Ordem 1 | Pedido 1
       🆔 Atividade: 10017
       🏷️ Item: pao_frances
       🎯 coccao_de_pao_frances


--------------------------------------------------

🔧 Forno 2
==================================================
📊 Total de atividades: 2

📋 ATIVIDADES REGISTRADAS:
    1. ⏰ 06:37 [26/06] - 06:57 [26/06]
       📦 Ordem 1 | Pedido 4
       🆔 Atividade: 10047
       🏷️ Item: pao_baguete
       🎯 coccao_de_paes_baguete

    2. ⏰ 06:37 [26/06] - 06:57 [26/06]
       📦 Ordem 1 | Pedido 5
       🆔 Atividade: 10056
       🏷️ Item: pao_tranca_de_queijo_finos
       🎯 coccao_de_paes_tranca_de_queijo_finos


--------------------------------------------------

🔧 Forno 3
==================================================
📊 Total de atividades: 3

📋 ATIVIDADES REGISTRADAS:
    1. ⏰ 07:40 [26/06] - 08:00 [26/06]
       📦 Ordem 1 | Pedido 11
       🆔 Atividade: 10595
       🏷️ Item: folhado_carne_de_sol
       🎯 coccao_de_folhado_de_carne_de_sol

    2. ⏰ 07:40 [26/06] - 08:00 [26/06]
       📦 Ordem 1 | Pedido 10
       🆔 Atividade: 10725
       🏷️ Item: folhado_frango
       🎯 coccao_de_folhado_de_frango

    3. ⏰ 07:40 [26/06] - 08:00 [26/06]
       📦 Ordem 1 | Pedido 12
       🆔 Atividade: 10735
       🏷️ Item: folhado_camarao
       🎯 coccao_de_folhado_de_camarao


--------------------------------------------------

🔧 Freezer 2
==================================================
📊 Total de atividades: 7

📋 ATIVIDADES REGISTRADAS:
    1. ⏰ 04:56 [26/06] - 05:56 [26/06]
       📦 Ordem 1 | Pedido 11
       🆔 Atividade: 20043
       🏷️ Item: massa_para_folhados
       🎯 descanso_de_massas_para_folhados

    2. ⏰ 04:56 [26/06] - 05:56 [26/06]
       📦 Ordem 1 | Pedido 10
       🆔 Atividade: 20043
       🏷️ Item: massa_para_folhados
       🎯 descanso_de_massas_para_folhados

    3. ⏰ 04:56 [26/06] - 05:56 [26/06]
       📦 Ordem 1 | Pedido 12
       🆔 Atividade: 20043
       🏷️ Item: massa_para_folhados
       🎯 descanso_de_massas_para_folhados

    4. ⏰ 06:49 [26/06] - 07:49 [26/06]
       📦 Ordem 1 | Pedido 9
       🆔 Atividade: 10714
       🏷️ Item: coxinha_queijos_finos
       🎯 refrigeracao_de_coxinhas_de_queijos_finos

    5. ⏰ 06:49 [26/06] - 07:49 [26/06]
       📦 Ordem 1 | Pedido 7
       🆔 Atividade: 10694
       🏷️ Item: coxinha_carne_de_sol
       🎯 refrigeracao_de_coxinhas_de_carne_de_sol

    6. ⏰ 06:53 [26/06] - 07:53 [26/06]
       📦 Ordem 1 | Pedido 8
       🆔 Atividade: 10704
       🏷️ Item: coxinha_camarao
       🎯 refrigeracao_de_coxinhas_de_camarao

    7. ⏰ 06:53 [26/06] - 07:53 [26/06]
       📦 Ordem 1 | Pedido 6
       🆔 Atividade: 10554
       🏷️ Item: coxinha_frango
       🎯 refrigeracao_de_coxinhas_de_frango


❄️ INFORMAÇÕES ESPECÍFICAS DE REFRIGERAÇÃO:
   🌡️ Equipamento para controle de temperatura
   📦 Armazenamento com configuração específica de temperatura
   ⏱️ Duração total de ocupação: 210 minutos

--------------------------------------------------

🔧 Fritadeira 1
==================================================
📊 Total de atividades: 4

📋 ATIVIDADES REGISTRADAS:
    1. ⏰ 07:52 [26/06] - 07:56 [26/06]
       📦 Ordem 1 | Pedido 9
       🆔 Atividade: 10716
       🏷️ Item: coxinha_queijos_finos
       🎯 fritura_de_coxinhas_de_queijos_finos

    2. ⏰ 07:52 [26/06] - 07:56 [26/06]
       📦 Ordem 1 | Pedido 7
       🆔 Atividade: 10696
       🏷️ Item: coxinha_carne_de_sol
       🎯 fritura_de_coxinhas_de_carne_de_sol

    3. ⏰ 07:56 [26/06] - 08:00 [26/06]
       📦 Ordem 1 | Pedido 8
       🆔 Atividade: 10706
       🏷️ Item: coxinha_camarao
       🎯 fritura_de_coxinhas_de_camarao

    4. ⏰ 07:56 [26/06] - 08:00 [26/06]
       📦 Ordem 1 | Pedido 6
       🆔 Atividade: 10556
       🏷️ Item: coxinha_frango
       🎯 fritura_de_coxinhas_de_frango


🍳 INFORMAÇÕES ESPECÍFICAS DA FRITADEIRA:
   🔥 Equipamento para fritura com controle de frações
   🌡️ Processo de fritura com temperatura controlada

--------------------------------------------------

🔧 HotMix 1
==================================================
📊 Total de atividades: 2

📋 ATIVIDADES REGISTRADAS:
    1. ⏰ 06:15 [26/06] - 06:27 [26/06]
       📦 Ordem 1 | Pedido 8
       🆔 Atividade: 20031
       🏷️ Item: massa_para_frituras
       🎯 mistura_de_massas_para_frituras

    2. ⏰ 06:15 [26/06] - 06:27 [26/06]
       📦 Ordem 1 | Pedido 6
       🆔 Atividade: 20031
       🏷️ Item: massa_para_frituras
       🎯 mistura_de_massas_para_frituras


🌪️ INFORMAÇÕES ESPECÍFICAS DO HOTMIX:
   🔄 Equipamento para mistura com janelas simultâneas
   📏 Capacidade controlada por gramas com otimização automática

--------------------------------------------------

🔧 HotMix 2
==================================================
📊 Total de atividades: 2

📋 ATIVIDADES REGISTRADAS:
    1. ⏰ 06:11 [26/06] - 06:23 [26/06]
       📦 Ordem 1 | Pedido 9
       🆔 Atividade: 20031
       🏷️ Item: massa_para_frituras
       🎯 mistura_de_massas_para_frituras

    2. ⏰ 06:11 [26/06] - 06:23 [26/06]
       📦 Ordem 1 | Pedido 7
       🆔 Atividade: 20031
       🏷️ Item: massa_para_frituras
       🎯 mistura_de_massas_para_frituras


🌪️ INFORMAÇÕES ESPECÍFICAS DO HOTMIX:
   🔄 Equipamento para mistura com janelas simultâneas
   📏 Capacidade controlada por gramas com otimização automática

--------------------------------------------------

🔧 Masseira 1
==================================================
📊 Total de atividades: 3

📋 ATIVIDADES REGISTRADAS:
    1. ⏰ 03:19 [26/06] - 03:26 [26/06]
       📦 Ordem 1 | Pedido 4
       🆔 Atividade: 20021
       🏷️ Item: massa_suave
       🎯 mistura_de_massas_suaves

    2. ⏰ 03:29 [25/06] - 03:36 [25/06]
       📦 Ordem 1 | Pedido 2
       🆔 Atividade: 20021
       🏷️ Item: massa_suave
       🎯 mistura_de_massas_suaves

    3. ⏰ 04:37 [26/06] - 04:44 [26/06]
       📦 Ordem 1 | Pedido 5
       🆔 Atividade: 20021
       🏷️ Item: massa_suave
       🎯 mistura_de_massas_suaves


--------------------------------------------------

🔧 Masseira 2
==================================================
📊 Total de atividades: 2

📋 ATIVIDADES REGISTRADAS:
    1. ⏰ 02:01 [26/06] - 02:12 [26/06]
       📦 Ordem 1 | Pedido 1
       🆔 Atividade: 20011
       🏷️ Item: massa_crocante
       🎯 mistura_de_massas_crocantes

    2. ⏰ 03:34 [25/06] - 03:41 [25/06]
       📦 Ordem 1 | Pedido 3
       🆔 Atividade: 20021
       🏷️ Item: massa_suave
       🎯 mistura_de_massas_suaves


--------------------------------------------------

🔧 Masseira 3
==================================================
📊 Total de atividades: 3

📋 ATIVIDADES REGISTRADAS:
    1. ⏰ 04:34 [26/06] - 04:44 [26/06]
       📦 Ordem 1 | Pedido 11
       🆔 Atividade: 20041
       🏷️ Item: massa_para_folhados
       🎯 mistura_de_massas_para_folhados

    2. ⏰ 04:34 [26/06] - 04:44 [26/06]
       📦 Ordem 1 | Pedido 10
       🆔 Atividade: 20041
       🏷️ Item: massa_para_folhados
       🎯 mistura_de_massas_para_folhados

    3. ⏰ 04:34 [26/06] - 04:44 [26/06]
       📦 Ordem 1 | Pedido 12
       🆔 Atividade: 20041
       🏷️ Item: massa_para_folhados
       🎯 mistura_de_massas_para_folhados


--------------------------------------------------

🔧 Modeladora de Pães 1
==================================================
📊 Total de atividades: 3

📋 ATIVIDADES REGISTRADAS:
    1. ⏰ 02:40 [26/06] - 03:00 [26/06]
       📦 Ordem 1 | Pedido 1
       🆔 Atividade: 10013
       🏷️ Item: pao_frances
       🎯 modelagem_de_pao_frances

    2. ⏰ 03:40 [26/06] - 03:50 [26/06]
       📦 Ordem 1 | Pedido 4
       🆔 Atividade: 10043
       🏷️ Item: pao_baguete
       🎯 modelagem_de_paes_baguete

    3. ⏰ 03:47 [25/06] - 03:51 [25/06]
       📦 Ordem 1 | Pedido 3
       🆔 Atividade: 10032
       🏷️ Item: pao_de_forma
       🎯 modelagem_de_paes_de_forma


--------------------------------------------------

================================================================================
📊 ESTATÍSTICAS RESUMIDAS
================================================================================
🏆 RANKING DE UTILIZAÇÃO:
    1. Bancada 1: 18 atividades
    2. Bancada 6: 17 atividades
    3. Câmara Refrigerada 2: 10 atividades
    4. Bancada 7: 8 atividades
    5. Freezer 2: 7 atividades
    6. Balança Digital 2: 7 atividades
    7. Armário Fermentador 3: 7 atividades
    8. Armário Esqueleto 1: 6 atividades
    9. Balança Digital 4: 5 atividades
   10. Fogão 1: 5 atividades
   11. Armário Fermentador 1: 5 atividades
   12. Balança Digital 1: 5 atividades
   13. Bancada 5: 5 atividades
   14. Fritadeira 1: 4 atividades
   15. Forno 3: 3 atividades
   16. Câmara Refrigerada 1: 3 atividades
   17. Bancada 4: 3 atividades
   18. Masseira 3: 3 atividades
   19. Modeladora de Pães 1: 3 atividades
   20. Masseira 1: 3 atividades
   21. Forno 1: 3 atividades
   22. HotMix 1: 2 atividades
   23. HotMix 2: 2 atividades
   24. Forno 2: 2 atividades
   25. Divisoras de Massas 1: 2 atividades
   26. Embaladora 1: 2 atividades
   27. Masseira 2: 2 atividades
   28. Bancada 2: 1 atividades
   29. Divisoras de Massas 2: 1 atividades

📊 Média de atividades por equipamento: 5.0

================================================================================
📄 Fim do relatório de agenda completa
================================================================================
