==============================================
📅 Data/Hora: 2025-12-11 10:41:46
🧾 Ordem: 1 | Pedido: 13
⚠️ Motivo do erro:
--------------------------------------------------
❌ ERRO DE TEMPO EXCEDIDO

📋 Atividade atual:
   • Nome: modelagem_e_recheio_de_folhado_de_queijos_finos
   • Início: 31/12 05:23:00
   • Término: 31/12 06:03:00
📋 Atividade sucessora:
   • Nome: preparacao_para_refrigeracao_de_folhado_de_queijos_finos
   • Início: 31/12 06:33:00

🕐 Análise temporal detalhada:
   • Tempo máximo permitido: 0:00:00
   • Excesso de tempo: 0:30:00

🔧 Equipamentos envolvidos:
   • Bancada 4 (BANCADAS)
   • Bancada 5 (BANCADAS)
   • Bancada 6 (BANCADAS)
   • Balança Digital 2 (BALANCAS)

💡 Sugestões:
   • Verificar disponibilidade de equipamentos
   • Ajustar sequenciamento das atividades
   • Considerar recursos alternativos
   • Analisar janela temporal para identificar gargalos

==============================================