==============================================
📅 Data/Hora: 2025-10-08 14:47:10
🧾 Ordem: 1 | Pedido: 10
🔧 Atividade: preparo_para_coccao_de_creme_de_frango (ID: 20121)
⚠️ Tipo de Erro: CONFIGURACAO_FAIXA_QUANTIDADE
🎯 Nível de Impacto: ALTO
--------------------------------------------------
📋 DETALHES DO ERRO:
  • Item: creme_de_frango (ID: 2012)
  • Quantidade solicitada: 450.0 unidades/gramas
  • Arquivo de configuração: data/subprodutos/atividades/2012_creme_de_frango.json
  • Motivo: Quantidade solicitada não está coberta por nenhuma faixa configurada

  📊 Faixas configuradas (3):
     1. Min:   2000 | Max:  15000 | Duração: 00:10:00
     2. Min:  15001 | Max:  30000 | Duração: 00:15:00
     3. Min:  30001 | Max:  40000 | Duração: 00:20:00

  💡 Sugestões de correção:
     1. Adicionar faixa que inclua a quantidade 450.0
     2. Verificar se a quantidade 450.0 está correta
     3. Revisar configuração de faixas no arquivo de atividade
     4. Considerar ajustar a quantidade do pedido para uma faixa existente

  📝 Exemplo de faixa para corrigir:
     Min: 440.0 | Max: 460.0 | Duração: 01:30:00
==============================================

