==============================================
📅 Data/Hora: 2025-12-11 10:58:47
🧾 Ordem: 2 | Pedido: 1
⚠️ Motivo do erro:
--------------------------------------------------
❌ ERRO DE TEMPO EXCEDIDO

📋 Atividade atual:
   • Nome: modelagem_de_pao_frances
   • Início: 31/12 00:40:00
   • Término: 31/12 02:00:00
📋 Atividade sucessora:
   • Nome: preparo_de_massas_para_pao_frances_para_fermentacao
   • Início: 31/12 03:20:00

🕐 Análise temporal detalhada:
   • Tempo máximo permitido: 0:00:00
   • Excesso de tempo: 1:20:00

🔧 Equipamentos envolvidos:
   • Modeladora de Pães 1 (MODELADORAS)
   ❌ Bancada 1 (BANCADAS) - NÃO PÔDE SER ALOCADO
   • Bancada 2 (BANCADAS)
   • Bancada 3 (BANCADAS)

💡 Sugestões:
   • Verificar disponibilidade de equipamentos
   • Ajustar sequenciamento das atividades
   • Considerar recursos alternativos
   • Analisar janela temporal para identificar gargalos

==============================================