==============================================
📅 Data/Hora: 2025-12-11 10:58:46
🧾 Ordem: 2 | Pedido: 2
⚠️ Motivo do erro:
--------------------------------------------------
❌ ERRO DE TEMPO EXCEDIDO

📋 Atividade atual:
   • Nome: divisao_e_modelagem_de_massas_para_pao_hamburguer
   • Início: 30/12 03:18:00
   • Término: 30/12 03:34:00
📋 Atividade sucessora:
   • Nome: preparo_de_paes_hamburguer_para_fermentacao
   • Início: 30/12 03:50:00

🕐 Análise temporal detalhada:
   • Tempo máximo permitido: 0:00:00
   • Excesso de tempo: 0:16:00

🔧 Equipamentos envolvidos:
   • Divisoras de Massas 2 (DIVISORAS_BOLEADORAS)
   ❌ Bancada 1 (BANCADAS) - NÃO PÔDE SER ALOCADO
   • Bancada 2 (BANCADAS)
   • Bancada 3 (BANCADAS)

💡 Sugestões:
   • Verificar disponibilidade de equipamentos
   • Ajustar sequenciamento das atividades
   • Considerar recursos alternativos
   • Analisar janela temporal para identificar gargalos

==============================================