==============================================
📅 Data/Hora: 2025-12-11 10:58:47
🧾 Ordem: 1 | Pedido: 3
⚠️ Motivo do erro:
--------------------------------------------------
❌ ERRO DE TEMPO EXCEDIDO

📋 Atividade atual:
   • Nome: modelagem_de_paes_de_forma
   • Início: 30/12 03:34:00
   • Término: 30/12 03:50:00
📋 Atividade sucessora:
   • Nome: preparo_de_paes_de_forma_para_fermentacao
   • Início: 30/12 03:55:00

🕐 Análise temporal detalhada:
   • Tempo máximo permitido: 0:00:00
   • Excesso de tempo: 0:05:00

🔧 Equipamentos envolvidos:
   • Modeladora de Pães 1 (MODELADORAS)
   ❌ Bancada 1 (BANCADAS) - NÃO PÔDE SER ALOCADO
   • Bancada 2 (BANCADAS)
   • Bancada 3 (BANCADAS)

💡 Sugestões:
   • Verificar disponibilidade de equipamentos
   • Ajustar sequenciamento das atividades
   • Considerar recursos alternativos
   • Analisar janela temporal para identificar gargalos

==============================================