================================================================================
📋 LOG DE TIPOS DE FUNCIONÁRIOS REQUERIDOS
================================================================================
Ordem: 1
Pedido: 2
Iniciado em: 08/10/2025 14:47:09
================================================================================

🔸 ATIVIDADE 10029: embalamento_de_paes_hamburguer
   ⏰ Horário: 06:50 [31/12/2024] - 07:00 [31/12/2024]
   👥 Funcionários necessários: 1
   👨‍💼 Tipos permitidos: AUXILIAR_DE_PADEIRO, PADEIRO
   🎯 Prioridades (FIPs): PADEIRO:2, AUXILIAR_DE_PADEIRO:1
   📅 Registrado: 14:47:09

🔸 ATIVIDADE 10027: retirada_de_paes_hamburguer_da_coccao
   ⏰ Horário: 06:47 [30/12/2024] - 06:50 [30/12/2024]
   👥 Funcionários necessários: 1
   👨‍💼 Tipos permitidos: AUXILIAR_DE_PADEIRO, PADEIRO
   🎯 Prioridades (FIPs): PADEIRO:2, AUXILIAR_DE_PADEIRO:1
   📅 Registrado: 14:47:09

🔸 ATIVIDADE 10025: preparo_de_paes_hamburguer_para_coccao
   ⏰ Horário: 06:23 [30/12/2024] - 06:27 [30/12/2024]
   👥 Funcionários necessários: 1
   👨‍💼 Tipos permitidos: AUXILIAR_DE_PADEIRO, PADEIRO
   🎯 Prioridades (FIPs): PADEIRO:2, AUXILIAR_DE_PADEIRO:1
   📅 Registrado: 14:47:09

🔸 ATIVIDADE 10023: preparo_de_paes_hamburguer_para_fermentacao
   ⏰ Horário: 03:50 [30/12/2024] - 03:53 [30/12/2024]
   👥 Funcionários necessários: 1
   👨‍💼 Tipos permitidos: AUXILIAR_DE_PADEIRO, PADEIRO
   🎯 Prioridades (FIPs): PADEIRO:2, AUXILIAR_DE_PADEIRO:1
   📅 Registrado: 14:47:09

🔸 ATIVIDADE 10022: divisao_e_modelagem_de_massas_para_pao_hamburguer
   ⏰ Horário: 03:42 [30/12/2024] - 03:50 [30/12/2024]
   👥 Funcionários necessários: 2
   👨‍💼 Tipos permitidos: AUXILIAR_DE_PADEIRO, PADEIRO
   🎯 Prioridades (FIPs): PADEIRO:2, AUXILIAR_DE_PADEIRO:1
   📅 Registrado: 14:47:09

🔸 ATIVIDADE 10021: pesagem_de_massa_para_pao_hamburguer
   ⏰ Horário: 03:36 [30/12/2024] - 03:42 [30/12/2024]
   👥 Funcionários necessários: 2
   👨‍💼 Tipos permitidos: AUXILIAR_DE_PADEIRO, PADEIRO
   🎯 Prioridades (FIPs): PADEIRO:2, AUXILIAR_DE_PADEIRO:1
   📅 Registrado: 14:47:09

🔸 ATIVIDADE 20021: mistura_de_massas_suaves
   ⏰ Horário: 03:29 [30/12/2024] - 03:36 [30/12/2024]
   👥 Funcionários necessários: 2
   👨‍💼 Tipos permitidos: AUXILIAR_DE_PADEIRO, PADEIRO
   🎯 Prioridades (FIPs): PADEIRO:2, AUXILIAR_DE_PADEIRO:1
   📅 Registrado: 14:47:09

--------------------------------------------------------------------------------
📊 RESUMO FINAL
--------------------------------------------------------------------------------
Total de requisitos registrados: 0
Finalizado em: 08/10/2025 14:47:09
================================================================================
