================================================================================
📋 LOG DE TIPOS DE FUNCIONÁRIOS REQUERIDOS
================================================================================
Ordem: 2
Pedido: 6
Iniciado em: 11/12/2025 10:58:47
================================================================================

🔸 ATIVIDADE 10556: fritura_de_coxinhas_de_frango
   ⏰ Horário: 07:56 [31/12/2024] - 08:00 [31/12/2024]
   👥 Funcionários necessários: 1
   👨‍💼 Tipos permitidos: CONFEITEIRO
   🎯 Prioridades (FIPs): CONFEITEIRO:1
   📅 Registrado: 10:58:47

🔸 ATIVIDADE 10555: preparacao_para_fritura_de_coxinha_de_frango
   ⏰ Horário: 07:53 [31/12/2024] - 07:56 [31/12/2024]
   👥 Funcionários necessários: 1
   👨‍💼 Tipos permitidos: CONFEITEIRO, AUXILIAR_DE_CONFEITEIRO
   🎯 Prioridades (FIPs): CONFEITEIRO:2, AUXILIAR_DE_CONFEITEIRO:1
   📅 Registrado: 10:58:47

🔸 ATIVIDADE 10553: preparacao_para_refrigeracao_de_coxinha_de_frango
   ⏰ Horário: 06:50 [31/12/2024] - 06:53 [31/12/2024]
   👥 Funcionários necessários: 1
   👨‍💼 Tipos permitidos: CONFEITEIRO, AUXILIAR_DE_CONFEITEIRO
   🎯 Prioridades (FIPs): CONFEITEIRO:2, AUXILIAR_DE_CONFEITEIRO:1
   📅 Registrado: 10:58:47

🔸 ATIVIDADE 10552: empanamento_de_coxinhas_de_frango
   ⏰ Horário: 06:47 [31/12/2024] - 06:50 [31/12/2024]
   👥 Funcionários necessários: 2
   👨‍💼 Tipos permitidos: CONFEITEIRO, AUXILIAR_DE_CONFEITEIRO
   🎯 Prioridades (FIPs): CONFEITEIRO:2, AUXILIAR_DE_CONFEITEIRO:1
   📅 Registrado: 10:58:47

🔸 ATIVIDADE 10551: modelagem_e_recheio_de_coxinhas_de_frango
   ⏰ Horário: 04:16 [31/12/2024] - 05:36 [31/12/2024]
   👥 Funcionários necessários: 2
   👨‍💼 Tipos permitidos: CONFEITEIRO, AUXILIAR_DE_CONFEITEIRO
   🎯 Prioridades (FIPs): CONFEITEIRO:2, AUXILIAR_DE_CONFEITEIRO:1
   📅 Registrado: 10:58:47

--------------------------------------------------------------------------------
📊 RESUMO FINAL
--------------------------------------------------------------------------------
Total de requisitos registrados: 0
Finalizado em: 11/12/2025 10:58:47
================================================================================
