================================================================================
📋 LOG DE TIPOS DE FUNCIONÁRIOS REQUERIDOS
================================================================================
Ordem: 1
Pedido: 3
Iniciado em: 23/12/2025 09:37:35
================================================================================

🔸 ATIVIDADE 10039: embalamento_de_paes_de_forma
   ⏰ Horário: 06:55 [31/12/2024] - 07:00 [31/12/2024]
   👥 Funcionários necessários: 1
   👨‍💼 Tipos permitidos: AUXILIAR_DE_PADEIRO, PADEIRO
   🎯 Prioridades (FIPs): PADEIRO:2, AUXILIAR_DE_PADEIRO:1
   📅 Registrado: 09:37:35

🔸 ATIVIDADE 10037: retirada_de_paes_de_forma_da_coccao
   ⏰ Horário: 04:53 [30/12/2024] - 04:56 [30/12/2024]
   👥 Funcionários necessários: 1
   👨‍💼 Tipos permitidos: AUXILIAR_DE_PADEIRO, PADEIRO
   🎯 Prioridades (FIPs): PADEIRO:2, AUXILIAR_DE_PADEIRO:1
   📅 Registrado: 09:37:35

🔸 ATIVIDADE 10035: preparo_de_paes_de_forma_para_coccao
   ⏰ Horário: 01:24 [30/12/2024] - 01:28 [30/12/2024]
   👥 Funcionários necessários: 1
   👨‍💼 Tipos permitidos: AUXILIAR_DE_PADEIRO, PADEIRO
   🎯 Prioridades (FIPs): PADEIRO:2, AUXILIAR_DE_PADEIRO:1
   📅 Registrado: 09:37:35

🔸 ATIVIDADE 10033: preparo_de_paes_de_forma_para_fermentacao
   ⏰ Horário: 18:09 [29/12/2024] - 18:12 [29/12/2024]
   👥 Funcionários necessários: 1
   👨‍💼 Tipos permitidos: AUXILIAR_DE_PADEIRO, PADEIRO
   🎯 Prioridades (FIPs): PADEIRO:2, AUXILIAR_DE_PADEIRO:1
   📅 Registrado: 09:37:35

🔸 ATIVIDADE 10032: modelagem_de_paes_de_forma
   ⏰ Horário: 15:35 [29/12/2024] - 16:07 [29/12/2024]
   👥 Funcionários necessários: 2
   👨‍💼 Tipos permitidos: AUXILIAR_DE_PADEIRO, PADEIRO
   🎯 Prioridades (FIPs): PADEIRO:2, AUXILIAR_DE_PADEIRO:1
   📅 Registrado: 09:37:35

🔸 ATIVIDADE 10031: pesagem_e_divisao_de_massas_para_pao_de_forma
   ⏰ Horário: 14:44 [29/12/2024] - 15:08 [29/12/2024]
   👥 Funcionários necessários: 2
   👨‍💼 Tipos permitidos: AUXILIAR_DE_PADEIRO, PADEIRO
   🎯 Prioridades (FIPs): PADEIRO:2, AUXILIAR_DE_PADEIRO:1
   📅 Registrado: 09:37:35

🔸 ATIVIDADE 20021: mistura_de_massas_suaves
   ⏰ Horário: 13:59 [29/12/2024] - 14:06 [29/12/2024]
   👥 Funcionários necessários: 2
   👨‍💼 Tipos permitidos: AUXILIAR_DE_PADEIRO, PADEIRO
   🎯 Prioridades (FIPs): PADEIRO:2, AUXILIAR_DE_PADEIRO:1
   📅 Registrado: 09:37:35

