================================================================================
📋 LOG DE TIPOS DE FUNCIONÁRIOS REQUERIDOS
================================================================================
Ordem: 1
Pedido: 11
Iniciado em: 23/12/2025 09:37:35
================================================================================

🔸 ATIVIDADE 10594: preparo_de_folhado_de_carne_de_sol_para_coccao
   ⏰ Horário: 07:36 [31/12/2024] - 07:40 [31/12/2024]
   👥 Funcionários necessários: 1
   👨‍💼 Tipos permitidos: AUXILIAR_DE_CONFEITEIRO, CONFEITEIRO
   🎯 Prioridades (FIPs): CONFEITEIRO:2, AUXILIAR_DE_CONFEITEIRO:1
   📅 Registrado: 09:37:35

🔸 ATIVIDADE 10592: preparacao_para_refrigeracao_de_folhado_de_carne_de_sol
   ⏰ Horário: 02:28 [31/12/2024] - 02:31 [31/12/2024]
   👥 Funcionários necessários: 1
   👨‍💼 Tipos permitidos: AUXILIAR_DE_CONFEITEIRO, CONFEITEIRO
   🎯 Prioridades (FIPs): CONFEITEIRO:2, AUXILIAR_DE_CONFEITEIRO:1
   📅 Registrado: 09:37:35

🔸 ATIVIDADE 10591: modelagem_e_recheio_de_folhado_de_carne_de_sol
   ⏰ Horário: 23:42 [30/12/2024] - 01:02 [31/12/2024]
   👥 Funcionários necessários: 2
   👨‍💼 Tipos permitidos: AUXILIAR_DE_CONFEITEIRO, CONFEITEIRO
   🎯 Prioridades (FIPs): CONFEITEIRO:2, AUXILIAR_DE_CONFEITEIRO:1
   📅 Registrado: 09:37:35

🔸 ATIVIDADE 20045: armazenamento_sob_temperatura_para_massas_folhadas
   ⏰ Horário: 21:47 [30/12/2024] - 21:52 [30/12/2024]
   👥 Funcionários necessários: 1
   👨‍💼 Tipos permitidos: ALMOXARIFE
   🎯 Prioridades (FIPs): ALMOXARIFE:1
   📅 Registrado: 09:37:35

🔸 ATIVIDADE 20044: laminacao_2_de_massas_para_folhados
   ⏰ Horário: 21:35 [30/12/2024] - 21:47 [30/12/2024]
   👥 Funcionários necessários: 1
   👨‍💼 Tipos permitidos: CONFEITEIRO
   🎯 Prioridades (FIPs): CONFEITEIRO:1
   📅 Registrado: 09:37:35

🔸 ATIVIDADE 20042: laminacao_1_de_massas_para_folhados
   ⏰ Horário: 18:14 [30/12/2024] - 18:26 [30/12/2024]
   👥 Funcionários necessários: 1
   👨‍💼 Tipos permitidos: CONFEITEIRO
   🎯 Prioridades (FIPs): CONFEITEIRO:1
   📅 Registrado: 09:37:35

🔸 ATIVIDADE 20041: mistura_de_massas_para_folhados
   ⏰ Horário: 16:11 [30/12/2024] - 16:21 [30/12/2024]
   👥 Funcionários necessários: 1
   👨‍💼 Tipos permitidos: AUXILIAR_DE_CONFEITEIRO, CONFEITEIRO
   🎯 Prioridades (FIPs): CONFEITEIRO:2, AUXILIAR_DE_CONFEITEIRO:1
   📅 Registrado: 09:37:35

