================================================================================
📋 LOG DE TIPOS DE FUNCIONÁRIOS REQUERIDOS
================================================================================
Ordem: 1
Pedido: 7
Iniciado em: 23/12/2025 09:37:35
================================================================================

🔸 ATIVIDADE 10696: fritura_de_coxinhas_de_carne_de_sol
   ⏰ Horário: 07:56 [31/12/2024] - 08:00 [31/12/2024]
   👥 Funcionários necessários: 1
   👨‍💼 Tipos permitidos: CONFEITEIRO
   🎯 Prioridades (FIPs): CONFEITEIRO:1
   📅 Registrado: 09:37:35

🔸 ATIVIDADE 10695: preparacao_para_fritura_de_coxinha_de_carne_de_sol
   ⏰ Horário: 07:53 [31/12/2024] - 07:56 [31/12/2024]
   👥 Funcionários necessários: 1
   👨‍💼 Tipos permitidos: AUXILIAR_DE_CONFEITEIRO, CONFEITEIRO
   🎯 Prioridades (FIPs): CONFEITEIRO:2, AUXILIAR_DE_CONFEITEIRO:1
   📅 Registrado: 09:37:35

🔸 ATIVIDADE 10693: preparacao_para_refrigeracao_de_coxinha_de_carne_de_sol
   ⏰ Horário: 04:40 [31/12/2024] - 04:43 [31/12/2024]
   👥 Funcionários necessários: 1
   👨‍💼 Tipos permitidos: AUXILIAR_DE_CONFEITEIRO, CONFEITEIRO
   🎯 Prioridades (FIPs): CONFEITEIRO:2, AUXILIAR_DE_CONFEITEIRO:1
   📅 Registrado: 09:37:35

🔸 ATIVIDADE 10692: empanamento_de_coxinhas_de_carne_de_sol
   ⏰ Horário: 03:03 [31/12/2024] - 03:06 [31/12/2024]
   👥 Funcionários necessários: 2
   👨‍💼 Tipos permitidos: AUXILIAR_DE_CONFEITEIRO, CONFEITEIRO
   🎯 Prioridades (FIPs): CONFEITEIRO:2, AUXILIAR_DE_CONFEITEIRO:1
   📅 Registrado: 09:37:35

🔸 ATIVIDADE 10691: modelagem_e_recheio_de_coxinhas_de_carne_de_sol
   ⏰ Horário: 23:55 [30/12/2024] - 01:15 [31/12/2024]
   👥 Funcionários necessários: 2
   👨‍💼 Tipos permitidos: AUXILIAR_DE_CONFEITEIRO, CONFEITEIRO
   🎯 Prioridades (FIPs): CONFEITEIRO:2, AUXILIAR_DE_CONFEITEIRO:1
   📅 Registrado: 09:37:35

🔸 ATIVIDADE 20031: mistura_de_massas_para_frituras
   ⏰ Horário: 21:55 [30/12/2024] - 22:07 [30/12/2024]
   👥 Funcionários necessários: 1
   👨‍💼 Tipos permitidos: AUXILIAR_DE_CONFEITEIRO, CONFEITEIRO
   🎯 Prioridades (FIPs): CONFEITEIRO:2, AUXILIAR_DE_CONFEITEIRO:1
   📅 Registrado: 09:37:35

