================================================================================
📋 LOG DE TIPOS DE FUNCIONÁRIOS REQUERIDOS
================================================================================
Ordem: 2
Pedido: 3
Iniciado em: 11/12/2025 10:58:47
================================================================================

🔸 ATIVIDADE 10039: embalamento_de_paes_de_forma
   ⏰ Horário: 06:55 [31/12/2024] - 07:00 [31/12/2024]
   👥 Funcionários necessários: 1
   👨‍💼 Tipos permitidos: AUXILIAR_DE_PADEIRO, PADEIRO
   🎯 Prioridades (FIPs): PADEIRO:2, AUXILIAR_DE_PADEIRO:1
   📅 Registrado: 10:58:47

🔸 ATIVIDADE 10037: retirada_de_paes_de_forma_da_coccao
   ⏰ Horário: 06:52 [30/12/2024] - 06:55 [30/12/2024]
   👥 Funcionários necessários: 1
   👨‍💼 Tipos permitidos: AUXILIAR_DE_PADEIRO, PADEIRO
   🎯 Prioridades (FIPs): PADEIRO:2, AUXILIAR_DE_PADEIRO:1
   📅 Registrado: 10:58:47

🔸 ATIVIDADE 10035: preparo_de_paes_de_forma_para_coccao
   ⏰ Horário: 06:28 [30/12/2024] - 06:32 [30/12/2024]
   👥 Funcionários necessários: 1
   👨‍💼 Tipos permitidos: AUXILIAR_DE_PADEIRO, PADEIRO
   🎯 Prioridades (FIPs): PADEIRO:2, AUXILIAR_DE_PADEIRO:1
   📅 Registrado: 10:58:47

🔸 ATIVIDADE 10033: preparo_de_paes_de_forma_para_fermentacao
   ⏰ Horário: 03:55 [30/12/2024] - 03:58 [30/12/2024]
   👥 Funcionários necessários: 1
   👨‍💼 Tipos permitidos: AUXILIAR_DE_PADEIRO, PADEIRO
   🎯 Prioridades (FIPs): PADEIRO:2, AUXILIAR_DE_PADEIRO:1
   📅 Registrado: 10:58:47

🔸 ATIVIDADE 10032: modelagem_de_paes_de_forma
   ⏰ Horário: 03:18 [30/12/2024] - 03:50 [30/12/2024]
   👥 Funcionários necessários: 2
   👨‍💼 Tipos permitidos: AUXILIAR_DE_PADEIRO, PADEIRO
   🎯 Prioridades (FIPs): PADEIRO:2, AUXILIAR_DE_PADEIRO:1
   📅 Registrado: 10:58:47

--------------------------------------------------------------------------------
📊 RESUMO FINAL
--------------------------------------------------------------------------------
Total de requisitos registrados: 0
Finalizado em: 11/12/2025 10:58:47
================================================================================
