================================================================================
📋 LOG DE TIPOS DE FUNCIONÁRIOS REQUERIDOS
================================================================================
Ordem: 1
Pedido: 4
Iniciado em: 08/10/2025 14:47:09
================================================================================

🔸 ATIVIDADE 10048: retirada_de_paes_baguete_da_coccao
   ⏰ Horário: 06:57 [31/12/2024] - 07:00 [31/12/2024]
   👥 Funcionários necessários: 1
   👨‍💼 Tipos permitidos: AUXILIAR_DE_PADEIRO, PADEIRO
   🎯 Prioridades (FIPs): PADEIRO:2, AUXILIAR_DE_PADEIRO:1
   📅 Registrado: 14:47:09

🔸 ATIVIDADE 10046: corte_de_pestana_para_paes_baguete
   ⏰ Horário: 06:33 [31/12/2024] - 06:37 [31/12/2024]
   👥 Funcionários necessários: 1
   👨‍💼 Tipos permitidos: AUXILIAR_DE_PADEIRO, PADEIRO
   🎯 Prioridades (FIPs): PADEIRO:2, AUXILIAR_DE_PADEIRO:1
   📅 Registrado: 14:47:09

🔸 ATIVIDADE 10044: preparo_de_pao_baguete_para_fermentacao
   ⏰ Horário: 04:00 [31/12/2024] - 04:03 [31/12/2024]
   👥 Funcionários necessários: 1
   👨‍💼 Tipos permitidos: AUXILIAR_DE_PADEIRO, PADEIRO
   🎯 Prioridades (FIPs): PADEIRO:2, AUXILIAR_DE_PADEIRO:1
   📅 Registrado: 14:47:09

🔸 ATIVIDADE 10043: modelagem_de_paes_baguete
   ⏰ Horário: 03:40 [31/12/2024] - 04:00 [31/12/2024]
   👥 Funcionários necessários: 3
   👨‍💼 Tipos permitidos: AUXILIAR_DE_PADEIRO, PADEIRO
   🎯 Prioridades (FIPs): PADEIRO:2, AUXILIAR_DE_PADEIRO:1
   📅 Registrado: 14:47:09

🔸 ATIVIDADE 10042: divisao_de_massas_para_pao_baguete
   ⏰ Horário: 03:32 [31/12/2024] - 03:40 [31/12/2024]
   👥 Funcionários necessários: 2
   👨‍💼 Tipos permitidos: AUXILIAR_DE_PADEIRO, PADEIRO
   🎯 Prioridades (FIPs): PADEIRO:2, AUXILIAR_DE_PADEIRO:1
   📅 Registrado: 14:47:09

🔸 ATIVIDADE 10041: pesagem_de_massas_para_pao_baguete
   ⏰ Horário: 03:26 [31/12/2024] - 03:32 [31/12/2024]
   👥 Funcionários necessários: 2
   👨‍💼 Tipos permitidos: AUXILIAR_DE_PADEIRO, PADEIRO
   🎯 Prioridades (FIPs): PADEIRO:2, AUXILIAR_DE_PADEIRO:1
   📅 Registrado: 14:47:09

🔸 ATIVIDADE 20021: mistura_de_massas_suaves
   ⏰ Horário: 03:19 [31/12/2024] - 03:26 [31/12/2024]
   👥 Funcionários necessários: 2
   👨‍💼 Tipos permitidos: AUXILIAR_DE_PADEIRO, PADEIRO
   🎯 Prioridades (FIPs): PADEIRO:2, AUXILIAR_DE_PADEIRO:1
   📅 Registrado: 14:47:09

--------------------------------------------------------------------------------
📊 RESUMO FINAL
--------------------------------------------------------------------------------
Total de requisitos registrados: 0
Finalizado em: 08/10/2025 14:47:09
================================================================================
