================================================================================
📋 LOG DE TIPOS DE FUNCIONÁRIOS REQUERIDOS
================================================================================
Ordem: 1
Pedido: 6
Iniciado em: 30/09/2025 10:36:41
================================================================================

🔸 ATIVIDADE 10556: fritura_de_coxinhas_de_frango
   ⏰ Horário: 07:56 [26/06/2025] - 08:00 [26/06/2025]
   👥 Funcionários necessários: 1
   👨‍💼 Tipos permitidos: CONFEITEIRO
   🎯 Prioridades (FIPs): CONFEITEIRO:1
   📅 Registrado: 10:36:41

🔸 ATIVIDADE 10555: preparacao_para_fritura_de_coxinha_de_frango
   ⏰ Horário: 07:53 [26/06/2025] - 07:56 [26/06/2025]
   👥 Funcionários necessários: 1
   👨‍💼 Tipos permitidos: AUXILIAR_DE_CONFEITEIRO, CONFEITEIRO
   🎯 Prioridades (FIPs): CONFEITEIRO:2, AUXILIAR_DE_CONFEITEIRO:1
   📅 Registrado: 10:36:41

🔸 ATIVIDADE 10553: preparacao_para_refrigeracao_de_coxinha_de_frango
   ⏰ Horário: 06:50 [26/06/2025] - 06:53 [26/06/2025]
   👥 Funcionários necessários: 1
   👨‍💼 Tipos permitidos: AUXILIAR_DE_CONFEITEIRO, CONFEITEIRO
   🎯 Prioridades (FIPs): CONFEITEIRO:2, AUXILIAR_DE_CONFEITEIRO:1
   📅 Registrado: 10:36:41

🔸 ATIVIDADE 10552: empanamento_de_coxinhas_de_frango
   ⏰ Horário: 06:47 [26/06/2025] - 06:50 [26/06/2025]
   👥 Funcionários necessários: 2
   👨‍💼 Tipos permitidos: AUXILIAR_DE_CONFEITEIRO, CONFEITEIRO
   🎯 Prioridades (FIPs): CONFEITEIRO:2, AUXILIAR_DE_CONFEITEIRO:1
   📅 Registrado: 10:36:41

🔸 ATIVIDADE 10551: modelagem_e_recheio_de_coxinhas_de_frango
   ⏰ Horário: 06:27 [26/06/2025] - 06:47 [26/06/2025]
   👥 Funcionários necessários: 2
   👨‍💼 Tipos permitidos: AUXILIAR_DE_CONFEITEIRO, CONFEITEIRO
   🎯 Prioridades (FIPs): CONFEITEIRO:2, AUXILIAR_DE_CONFEITEIRO:1
   📅 Registrado: 10:36:41

🔸 ATIVIDADE 20031: mistura_de_massas_para_frituras
   ⏰ Horário: 06:15 [26/06/2025] - 06:27 [26/06/2025]
   👥 Funcionários necessários: 1
   👨‍💼 Tipos permitidos: AUXILIAR_DE_CONFEITEIRO, CONFEITEIRO
   🎯 Prioridades (FIPs): CONFEITEIRO:2, AUXILIAR_DE_CONFEITEIRO:1
   📅 Registrado: 10:36:41

🔸 ATIVIDADE 20094: armazenamento_sob_temperatura_para_frango_refogado
   ⏰ Horário: 06:24 [26/06/2025] - 06:27 [26/06/2025]
   👥 Funcionários necessários: 1
   👨‍💼 Tipos permitidos: ALMOXARIFE
   🎯 Prioridades (FIPs): ALMOXARIFE:1
   📅 Registrado: 10:36:41

🔸 ATIVIDADE 20093: preparo_para_armazenamento_de_frango_refogado
   ⏰ Horário: 06:04 [26/06/2025] - 06:24 [26/06/2025]
   👥 Funcionários necessários: 1
   👨‍💼 Tipos permitidos: COZINHEIRO
   🎯 Prioridades (FIPs): COZINHEIRO:1
   📅 Registrado: 10:36:41

🔸 ATIVIDADE 20092: coccao_de_frango_cozido_pronto
   ⏰ Horário: 05:54 [26/06/2025] - 06:04 [26/06/2025]
   👥 Funcionários necessários: 1
   👨‍💼 Tipos permitidos: COZINHEIRO
   🎯 Prioridades (FIPs): COZINHEIRO:1
   📅 Registrado: 10:36:41

🔸 ATIVIDADE 20091: preparo_para_coccao_de_frango_cozido_pronto
   ⏰ Horário: 05:46 [26/06/2025] - 05:54 [26/06/2025]
   👥 Funcionários necessários: 1
   👨‍💼 Tipos permitidos: COZINHEIRO
   🎯 Prioridades (FIPs): COZINHEIRO:1
   📅 Registrado: 10:36:41

--------------------------------------------------------------------------------
📊 RESUMO FINAL
--------------------------------------------------------------------------------
Total de requisitos registrados: 0
Finalizado em: 30/09/2025 10:36:41
================================================================================
