================================================================================
📋 LOG DE TIPOS DE FUNCIONÁRIOS REQUERIDOS
================================================================================
Ordem: 1
Pedido: 8
Iniciado em: 23/12/2025 09:37:35
================================================================================

🔸 ATIVIDADE 10706: fritura_de_coxinhas_de_camarao
   ⏰ Horário: 07:52 [31/12/2024] - 07:56 [31/12/2024]
   👥 Funcionários necessários: 1
   👨‍💼 Tipos permitidos: CONFEITEIRO
   🎯 Prioridades (FIPs): CONFEITEIRO:1
   📅 Registrado: 09:37:35

🔸 ATIVIDADE 10705: preparacao_para_fritura_de_coxinha_de_camarao
   ⏰ Horário: 07:49 [31/12/2024] - 07:52 [31/12/2024]
   👥 Funcionários necessários: 1
   👨‍💼 Tipos permitidos: AUXILIAR_DE_CONFEITEIRO, CONFEITEIRO
   🎯 Prioridades (FIPs): CONFEITEIRO:2, AUXILIAR_DE_CONFEITEIRO:1
   📅 Registrado: 09:37:35

🔸 ATIVIDADE 10703: preparacao_para_refrigeracao_de_coxinha_de_camarao
   ⏰ Horário: 05:01 [31/12/2024] - 05:04 [31/12/2024]
   👥 Funcionários necessários: 1
   👨‍💼 Tipos permitidos: AUXILIAR_DE_CONFEITEIRO, CONFEITEIRO
   🎯 Prioridades (FIPs): CONFEITEIRO:2, AUXILIAR_DE_CONFEITEIRO:1
   📅 Registrado: 09:37:35

🔸 ATIVIDADE 10702: empanamento_de_coxinhas_de_camarao
   ⏰ Horário: 03:28 [31/12/2024] - 03:31 [31/12/2024]
   👥 Funcionários necessários: 2
   👨‍💼 Tipos permitidos: AUXILIAR_DE_CONFEITEIRO, CONFEITEIRO
   🎯 Prioridades (FIPs): CONFEITEIRO:2, AUXILIAR_DE_CONFEITEIRO:1
   📅 Registrado: 09:37:35

🔸 ATIVIDADE 10701: modelagem_e_recheio_de_coxinhas_de_camarao
   ⏰ Horário: 01:13 [31/12/2024] - 02:33 [31/12/2024]
   👥 Funcionários necessários: 2
   👨‍💼 Tipos permitidos: AUXILIAR_DE_CONFEITEIRO, CONFEITEIRO
   🎯 Prioridades (FIPs): CONFEITEIRO:2, AUXILIAR_DE_CONFEITEIRO:1
   📅 Registrado: 09:37:35

🔸 ATIVIDADE 20114: armazenamento_sob_temperatura_para_creme_de_camarao
   ⏰ Horário: 23:41 [30/12/2024] - 23:46 [30/12/2024]
   👥 Funcionários necessários: 1
   👨‍💼 Tipos permitidos: ALMOXARIFE
   🎯 Prioridades (FIPs): ALMOXARIFE:1
   📅 Registrado: 09:37:35

🔸 ATIVIDADE 20113: preparo_para_armazenamento_creme_de_camarao
   ⏰ Horário: 22:37 [30/12/2024] - 23:41 [30/12/2024]
   👥 Funcionários necessários: 1
   👨‍💼 Tipos permitidos: COZINHEIRO
   🎯 Prioridades (FIPs): COZINHEIRO:1
   📅 Registrado: 09:37:35

🔸 ATIVIDADE 20112: coccao_de_creme_de_camarao
   ⏰ Horário: 20:37 [30/12/2024] - 20:57 [30/12/2024]
   👥 Funcionários necessários: 1
   👨‍💼 Tipos permitidos: COZINHEIRO
   🎯 Prioridades (FIPs): COZINHEIRO:1
   📅 Registrado: 09:37:35

🔸 ATIVIDADE 20111: preparo_para_coccao_de_creme_de_camarao
   ⏰ Horário: 20:12 [30/12/2024] - 20:22 [30/12/2024]
   👥 Funcionários necessários: 1
   👨‍💼 Tipos permitidos: COZINHEIRO
   🎯 Prioridades (FIPs): COZINHEIRO:1
   📅 Registrado: 09:37:35

🔸 ATIVIDADE 20031: mistura_de_massas_para_frituras
   ⏰ Horário: 23:34 [30/12/2024] - 23:46 [30/12/2024]
   👥 Funcionários necessários: 1
   👨‍💼 Tipos permitidos: AUXILIAR_DE_CONFEITEIRO, CONFEITEIRO
   🎯 Prioridades (FIPs): CONFEITEIRO:2, AUXILIAR_DE_CONFEITEIRO:1
   📅 Registrado: 09:37:35

