================================================================================
📋 LOG DE TIPOS DE FUNCIONÁRIOS REQUERIDOS
================================================================================
Ordem: 1
Pedido: 1
Iniciado em: 14/11/2025 13:13:49
================================================================================

🔸 ATIVIDADE 10011: pesagem_de_massas_para_pao_frances
   ⏰ Horário: 06:36 [28/12/2024] - 07:24 [28/12/2024]
   👥 Funcionários necessários: 2
   👨‍💼 Tipos permitidos: AUXILIAR_DE_PADEIRO, PADEIRO
   🎯 Prioridades (FIPs): PADEIRO:2, AUXILIAR_DE_PADEIRO:1
   📅 Registrado: 13:13:49

🔸 ATIVIDADE 10012: divisao_de_massas_para_pao_frances
   ⏰ Horário: 06:52 [28/12/2024] - 07:56 [28/12/2024]
   👥 Funcionários necessários: 2
   👨‍💼 Tipos permitidos: AUXILIAR_DE_PADEIRO, PADEIRO
   🎯 Prioridades (FIPs): PADEIRO:2, AUXILIAR_DE_PADEIRO:1
   📅 Registrado: 13:13:49

🔸 ATIVIDADE 10013: modelagem_de_pao_frances
   ⏰ Horário: 06:36 [28/12/2024] - 09:16 [28/12/2024]
   👥 Funcionários necessários: 2
   👨‍💼 Tipos permitidos: AUXILIAR_DE_PADEIRO, PADEIRO
   🎯 Prioridades (FIPs): PADEIRO:2, AUXILIAR_DE_PADEIRO:1
   📅 Registrado: 13:13:49

🔸 ATIVIDADE 10014: preparo_de_massas_para_pao_frances_para_fermentacao
   ⏰ Horário: 09:16 [28/12/2024] - 09:22 [28/12/2024]
   👥 Funcionários necessários: 2
   👨‍💼 Tipos permitidos: AUXILIAR_DE_PADEIRO, PADEIRO
   🎯 Prioridades (FIPs): PADEIRO:2, AUXILIAR_DE_PADEIRO:1
   📅 Registrado: 13:13:49

🔸 ATIVIDADE 10016: corte_de_pestana_para_pao_frances
   ⏰ Horário: 12:22 [28/12/2024] - 12:30 [28/12/2024]
   👥 Funcionários necessários: 1
   👨‍💼 Tipos permitidos: PADEIRO
   🎯 Prioridades (FIPs): PADEIRO:1
   📅 Registrado: 13:13:49

🔸 ATIVIDADE 10018: retirada_de_pao_frances_da_coccao
   ⏰ Horário: 12:50 [28/12/2024] - 12:56 [28/12/2024]
   👥 Funcionários necessários: 1
   👨‍💼 Tipos permitidos: AUXILIAR_DE_PADEIRO, PADEIRO
   🎯 Prioridades (FIPs): PADEIRO:2, AUXILIAR_DE_PADEIRO:1
   📅 Registrado: 13:13:49

🔸 ATIVIDADE 20011: mistura_de_massas_crocantes
   ⏰ Horário: 12:56 [28/12/2024] - 13:07 [28/12/2024]
   👥 Funcionários necessários: 2
   👨‍💼 Tipos permitidos: AUXILIAR_DE_PADEIRO, PADEIRO
   🎯 Prioridades (FIPs): PADEIRO:2, AUXILIAR_DE_PADEIRO:1
   📅 Registrado: 13:13:49

