================================================================================
📋 LOG DE TIPOS DE FUNCIONÁRIOS REQUERIDOS
================================================================================
Ordem: 1
Pedido: 5
Iniciado em: 14/11/2025 13:13:49
================================================================================

🔸 ATIVIDADE 10051: pesagem_e_divisao_de_massas_para_pao_tranca_de_queijo_finos
   ⏰ Horário: 23:52 [28/12/2024] - 00:16 [29/12/2024]
   👥 Funcionários necessários: 2
   👨‍💼 Tipos permitidos: AUXILIAR_DE_PADEIRO, PADEIRO
   🎯 Prioridades (FIPs): PADEIRO:2, AUXILIAR_DE_PADEIRO:1
   📅 Registrado: 13:13:49

🔸 ATIVIDADE 10052: modelagem_e_recheio_de_paes_tranca_de_queijo_finos
   ⏰ Horário: 00:16 [29/12/2024] - 00:26 [29/12/2024]
   👥 Funcionários necessários: 3
   👨‍💼 Tipos permitidos: AUXILIAR_DE_PADEIRO, PADEIRO
   🎯 Prioridades (FIPs): PADEIRO:2, AUXILIAR_DE_PADEIRO:1
   📅 Registrado: 13:13:49

🔸 ATIVIDADE 10053: preparo_de_pao_tranca_de_queijo_finos_para_fermentacao
   ⏰ Horário: 00:26 [29/12/2024] - 00:29 [29/12/2024]
   👥 Funcionários necessários: 1
   👨‍💼 Tipos permitidos: AUXILIAR_DE_PADEIRO, PADEIRO
   🎯 Prioridades (FIPs): PADEIRO:2, AUXILIAR_DE_PADEIRO:1
   📅 Registrado: 13:13:49

🔸 ATIVIDADE 10055: preparo_de_paes_tranca_de_queijo_finos_para_coccao
   ⏰ Horário: 01:59 [29/12/2024] - 02:03 [29/12/2024]
   👥 Funcionários necessários: 1
   👨‍💼 Tipos permitidos: AUXILIAR_DE_PADEIRO, PADEIRO
   🎯 Prioridades (FIPs): PADEIRO:2, AUXILIAR_DE_PADEIRO:1
   📅 Registrado: 13:13:49

🔸 ATIVIDADE 10057: retirada_de_paes_tranca_de_queijo_finos_da_coccao
   ⏰ Horário: 02:23 [29/12/2024] - 02:26 [29/12/2024]
   👥 Funcionários necessários: 1
   👨‍💼 Tipos permitidos: AUXILIAR_DE_PADEIRO, PADEIRO
   🎯 Prioridades (FIPs): PADEIRO:2, AUXILIAR_DE_PADEIRO:1
   📅 Registrado: 13:13:49

🔸 ATIVIDADE 20021: mistura_de_massas_suaves
   ⏰ Horário: 02:26 [29/12/2024] - 02:33 [29/12/2024]
   👥 Funcionários necessários: 2
   👨‍💼 Tipos permitidos: AUXILIAR_DE_PADEIRO, PADEIRO
   🎯 Prioridades (FIPs): PADEIRO:2, AUXILIAR_DE_PADEIRO:1
   📅 Registrado: 13:13:49

🔸 ATIVIDADE 20101: preparo_para_coccao_de_creme_de_queijo
   ⏰ Horário: 02:33 [29/12/2024] - 02:41 [29/12/2024]
   👥 Funcionários necessários: 1
   👨‍💼 Tipos permitidos: COZINHEIRO
   🎯 Prioridades (FIPs): COZINHEIRO:1
   📅 Registrado: 13:13:49

🔸 ATIVIDADE 20102: coccao_de_creme_de_queijo
   ⏰ Horário: 02:41 [29/12/2024] - 02:56 [29/12/2024]
   👥 Funcionários necessários: 1
   👨‍💼 Tipos permitidos: COZINHEIRO
   🎯 Prioridades (FIPs): COZINHEIRO:1
   📅 Registrado: 13:13:49

🔸 ATIVIDADE 20103: preparo_para_armazenamento_de_creme_de_queijo
   ⏰ Horário: 02:16 [29/12/2024] - 03:36 [29/12/2024]
   👥 Funcionários necessários: 1
   👨‍💼 Tipos permitidos: COZINHEIRO
   🎯 Prioridades (FIPs): COZINHEIRO:1
   📅 Registrado: 13:13:49

🔸 ATIVIDADE 20104: armazenamento_sob_temperatura_para_creme_de_queijo
   ⏰ Horário: 03:36 [29/12/2024] - 03:46 [29/12/2024]
   👥 Funcionários necessários: 1
   👨‍💼 Tipos permitidos: ALMOXARIFE
   🎯 Prioridades (FIPs): ALMOXARIFE:1
   📅 Registrado: 13:13:49

